2024-12-16 23:20:01,270 - INFO - HTTP Request: GET https://www.investing.com/news/stock-market-news/1 "HTTP/1.1 307 Temporary Redirect"
2024-12-16 23:20:01,923 - INFO - HTTP Request: GET https://www.investing.com/news/stock-market-news/2 "HTTP/1.1 200 OK"
2024-12-16 23:20:05,194 - INFO - HTTP Request: GET https://www.investing.com/news/stock-market-news/us-to-require-drug-alcohol-testing-for-foreign-aviationrepair-stations-3774758 "HTTP/1.1 200 OK"
2024-12-16 23:20:05,232 - INFO - HTTP Request: GET https://www.investing.com/news/stock-market-news/robotaxi-usage-to-remain-immaterial-until-at-least-2027-jefferies-says-3774539 "HTTP/1.1 200 OK"
2024-12-16 23:20:05,271 - INFO - HTTP Request: GET https://www.investing.com/news/stock-market-news/ep-group-secures-royal-mail-with-uk-government-deal-93CH-3774383 "HTTP/1.1 200 OK"
2024-12-16 23:20:05,275 - INFO - HTTP Request: GET https://www.investing.com/news/economy-news/asia-wary-of-fed-rate-outlook-high-bond-yields-3773287 "HTTP/1.1 200 OK"
2024-12-16 23:20:05,291 - INFO - HTTP Request: GET https://www.investing.com/news/stock-market-news/computacenter-lower-after-abrupt-departure-of-cfo-3774323 "HTTP/1.1 200 OK"
2024-12-16 23:20:05,986 - INFO - HTTP Request: GET https://www.investing.com/news/stock-market-news/international-domestic-insurers-push-into-catastrophehit-us-property-markets-3774085 "HTTP/1.1 200 OK"
2024-12-16 23:20:05,991 - INFO - HTTP Request: GET https://www.investing.com/news/stock-market-news/weightloss-drugs-draw-americans-back-to-the-doctor-3773856 "HTTP/1.1 200 OK"
2024-12-16 23:20:05,994 - INFO - HTTP Request: GET https://www.investing.com/news/stock-market-news/jana-seeks-overhaul-at-lamb-weston-cites-performance-woes-93CH-3774454 "HTTP/1.1 200 OK"
2024-12-16 23:20:06,010 - INFO - HTTP Request: GET https://www.investing.com/news/stock-market-news/berkshire-hills-bancorp-and-brookline-to-merge-in-11-billion-deal-3774453 "HTTP/1.1 200 OK"
2024-12-16 23:20:06,022 - INFO - HTTP Request: GET https://www.investing.com/news/stock-market-news/soundhound-ai-shares-surge-on-raised-22-price-target-93CH-3774561 "HTTP/1.1 200 OK"
2024-12-16 23:20:06,031 - INFO - HTTP Request: GET https://www.investing.com/news/stock-market-news/analyst-bullish-on-conocophillips-on-synergy-potential-3774688 "HTTP/1.1 200 OK"
2024-12-16 23:20:06,040 - INFO - HTTP Request: GET https://www.investing.com/news/stock-market-news/fridays-insider-moves-major-buys-in-tko-and-adct-sells-in-pltr-and-intu-93CH-3774496 "HTTP/1.1 200 OK"
2024-12-16 23:20:06,048 - INFO - HTTP Request: GET https://www.investing.com/news/stock-market-news/us-stock-futures-muted-ahead-of-fed-meeting-3773275 "HTTP/1.1 200 OK"
2024-12-16 23:20:06,053 - INFO - HTTP Request: GET https://www.investing.com/news/stock-market-news/us-stocks-to-rally-into-yearend-but-correction-is-likely-early-in-the-new-year-fairlead-93CH-3774468 "HTTP/1.1 200 OK"
2024-12-16 23:20:06,056 - INFO - HTTP Request: GET https://www.investing.com/news/stock-market-news/more-uk-companies-could-relist-in-us--goldman-3774491 "HTTP/1.1 200 OK"
2024-12-16 23:20:06,066 - INFO - HTTP Request: GET https://www.investing.com/news/stock-market-news/micron-earnings-next-catalyst-for-semiconductor-sector-susquehanna-highlights-93CH-3774472 "HTTP/1.1 200 OK"
2024-12-16 23:20:06,081 - INFO - HTTP Request: GET https://www.investing.com/news/stock-market-news/delta-galil-eyes-us-ipo-submits-confidential-filing-93CH-3774343 "HTTP/1.1 200 OK"
2024-12-16 23:20:06,085 - INFO - HTTP Request: GET https://www.investing.com/news/stock-market-news/tesla-price-target-raised-at-wedbush-truist-shares-up-3774435 "HTTP/1.1 200 OK"
2024-12-16 23:20:06,091 - INFO - HTTP Request: GET https://www.investing.com/news/stock-market-news/investors-warned-of-looming-currency-wars-by-deveres-green-93CH-3774263 "HTTP/1.1 200 OK"
2024-12-16 23:20:06,782 - INFO - HTTP Request: GET https://www.investing.com/news/stock-market-news/this-is-the-top-oil-stock-to-watch-for-2025-jefferies-says-3774559 "HTTP/1.1 200 OK"
2024-12-16 23:20:06,786 - INFO - HTTP Request: GET https://www.investing.com/news/stock-market-news/exclusiveprocter--gamble-to-disclose-more-details-about-woodpulp-audits-investors-say-3773849 "HTTP/1.1 200 OK"
2024-12-16 23:20:06,799 - INFO - HTTP Request: GET https://www.investing.com/news/stock-market-news/microstrategy-tesla-coinbase-rise-premarket--super-micro-computer-falls-3774296 "HTTP/1.1 200 OK"
2024-12-16 23:20:06,855 - INFO - HTTP Request: GET https://www.investing.com/news/stock-market-news/ford-down-after-jefferies-downgrade-stock-to-underperform-3774456 "HTTP/1.1 200 OK"
2024-12-16 23:20:06,865 - INFO - HTTP Request: GET https://www.investing.com/news/stock-market-news/microstrategy-boosts-bitcoin-holdings-to-439000-93CH-3774347 "HTTP/1.1 200 OK"
2024-12-16 23:20:06,880 - INFO - HTTP Request: GET https://www.investing.com/news/stock-market-news/saudi-arabia-stocks-higher-at-close-of-trade-tadawul-all-share-up-031-3774229 "HTTP/1.1 200 OK"
2024-12-16 23:20:06,888 - INFO - HTTP Request: GET https://www.investing.com/news/stock-market-news/novo-nordisk-to-invest-12-billion-in-new-plant-in-denmark-3773438 "HTTP/1.1 200 OK"
2024-12-16 23:20:06,892 - INFO - HTTP Request: GET https://www.investing.com/news/stock-market-news/aegon-shares-drop-on-spruce-point-short-position-warning-93CH-3774213 "HTTP/1.1 200 OK"
2024-12-16 23:20:07,747 - INFO - HTTP Request: GET https://www.investing.com/news/stock-market-news/jana-urges-lamb-weston-board-to-fix-company-or-put-itself-up-for-sale-3774689 "HTTP/1.1 200 OK"
2024-12-16 23:20:07,769 - INFO - HTTP Request: GET https://www.investing.com/news/stock-market-news/lyft-gains-as-ceo-says-san-francisco-share-losses-could-be-overblown-3774482 "HTTP/1.1 200 OK"
2024-12-16 23:20:07,788 - INFO - HTTP Request: GET https://www.investing.com/news/stock-market-news/microchip-shares-slide-premarket-as-bofa-cuts-rating-to-underperform-3774492 "HTTP/1.1 200 OK"
2024-12-16 23:20:07,801 - INFO - HTTP Request: GET https://www.investing.com/news/stock-market-news/lamborghini-delays-first-ev-launch-for-2029-93CH-3774299 "HTTP/1.1 200 OK"
2024-12-16 23:20:08,465 - INFO - HTTP Request: GET https://www.investing.com/news/stock-market-news/honeywell-considers-separation-of-aerospace-business-3773879 "HTTP/1.1 200 OK"
2024-12-16 23:20:08,473 - INFO - HTTP Request: GET https://www.investing.com/news/stock-market-news/us-finalizes-963-billion-loan-for-ford-sk-on-joint-battery-venture-3774285 "HTTP/1.1 200 OK"
2024-12-16 23:20:08,598 - INFO - HTTP Request: GET https://www.investing.com/news/stock-market-news/edgewise-therapeutics-shares-surge-on-positive-trial-results-93CH-3774298 "HTTP/1.1 200 OK"
2024-12-16 23:20:08,608 - INFO - HTTP Request: GET https://www.investing.com/news/economy-news/nasdaq-tops-nyse-in-listings-for-6th-straight-year-as-ipo-optimism-grows-3773840 "HTTP/1.1 200 OK"
2024-12-16 23:20:25,617 - INFO - Scraping completed in 25.31 seconds
2024-12-16 23:20:25,618 - INFO - Scraped 35 articles.
2024-12-16 23:20:25,720 - INFO - Data insertion completed. 19 new records inserted, 16 records skipped due to conflict. Total time: 0.04 seconds.
