2024-12-17 20:14:11,126 - INFO - HTTP Request: GET https://www.investing.com/news/stock-market-news/1 "HTTP/1.1 307 Temporary Redirect"
2024-12-17 20:14:11,349 - INFO - HTTP Request: GET https://www.investing.com/news/stock-market-news/2 "HTTP/1.1 200 OK"
2024-12-17 20:14:15,775 - INFO - HTTP Request: GET https://www.investing.com/news/stock-market-news/stellantis-to-introduce-new-massmarket-model-as-part-of-italian-production-plan--reuters-93CH-3776765 "HTTP/1.1 200 OK"
2024-12-17 20:14:15,786 - INFO - HTTP Request: GET https://www.investing.com/news/stock-market-news/stellantis-to-manufacture-new-mass-market-model-in-italy-sources-say-3776677 "HTTP/1.1 200 OK"
2024-12-17 20:14:15,812 - INFO - HTTP Request: GET https://www.investing.com/news/stock-market-news/russian-seaborne-crude-shipments-drop-11-amid-terminal-maintenance-93CH-3776744 "HTTP/1.1 200 OK"
2024-12-17 20:14:15,833 - INFO - HTTP Request: GET https://www.investing.com/news/stock-market-news/germans-leading-chancellor-candidate-proposes-105-billion-social-spending-cut-93CH-3776739 "HTTP/1.1 200 OK"
2024-12-17 20:14:15,847 - INFO - HTTP Request: GET https://www.investing.com/news/stock-market-news/waymo-to-test-autonomous-vehicles-in-tokyo-in-early-2025-93CH-3776719 "HTTP/1.1 200 OK"
2024-12-17 20:14:16,753 - INFO - HTTP Request: GET https://www.investing.com/news/stock-market-news/brazilian-digital-lender-nubank-invests-150-million-in-tyme-group-3776087 "HTTP/1.1 200 OK"
2024-12-17 20:14:16,770 - INFO - HTTP Request: GET https://www.investing.com/news/stock-market-news/volkswagen-remains-far-from-deal-in-union-talks-93CH-3776626 "HTTP/1.1 200 OK"
2024-12-17 20:14:16,783 - INFO - HTTP Request: GET https://www.investing.com/news/stock-market-news/brazil-central-bank-hints-at-rate-hikes-amid-inflation-93CH-3776613 "HTTP/1.1 200 OK"
2024-12-17 20:14:16,801 - INFO - HTTP Request: GET https://www.investing.com/news/stock-market-news/us-finalizes-406-million-chips-subsidy-for-taiwans-globalwafers-3776218 "HTTP/1.1 200 OK"
2024-12-17 20:14:16,831 - INFO - HTTP Request: GET https://www.investing.com/news/stock-market-news/equity-inflows-from-bofa-clients-continue-for-sixth-week-cyclicals-back-in-focus-3776686 "HTTP/1.1 200 OK"
2024-12-17 20:14:16,851 - INFO - HTTP Request: GET https://www.investing.com/news/stock-market-news/pfizer-projects-2025-earnings-to-align-with-expectations-93CH-3776615 "HTTP/1.1 200 OK"
2024-12-17 20:14:16,866 - INFO - HTTP Request: GET https://www.investing.com/news/stock-market-news/mccormick-in-talks-to-buy-dukes-mayonnaise-owner-for-over-1-billion--bloomberg-93CH-3776682 "HTTP/1.1 200 OK"
2024-12-17 20:14:16,880 - INFO - HTTP Request: GET https://www.investing.com/news/stock-market-news/greek-stocks-find-love-as-turnaround-efforts-pay-off-3776494 "HTTP/1.1 200 OK"
2024-12-17 20:14:16,898 - INFO - HTTP Request: GET https://www.investing.com/news/stock-market-news/south-african-managers-show-preference-for-local-equities-over-sp-500-93CH-3776433 "HTTP/1.1 200 OK"
2024-12-17 20:14:16,914 - INFO - HTTP Request: GET https://www.investing.com/news/stock-market-news/india-stocks-lower-at-close-of-trade-nifty-50-down-141-3776322 "HTTP/1.1 200 OK"
2024-12-17 20:14:16,921 - INFO - HTTP Request: GET https://www.investing.com/news/stock-market-news/saudi-arabia-stocks-lower-at-close-of-trade-tadawul-all-share-down-122-3776762 "HTTP/1.1 200 OK"
2024-12-17 20:14:16,934 - INFO - HTTP Request: GET https://www.investing.com/news/stock-market-news/air-canada-eyes-strong-revenue-growth-by-2028-banks-on-robust-leisure-travel-demand-3776751 "HTTP/1.1 200 OK"
2024-12-17 20:14:16,945 - INFO - HTTP Request: GET https://www.investing.com/news/stock-market-news/blue-owl-mulls-merger-of-portfolio-firms-to-form-industry-titan--financial-times-93CH-3776756 "HTTP/1.1 200 OK"
2024-12-17 20:14:16,955 - INFO - HTTP Request: GET https://www.investing.com/news/stock-market-news/evgo-shares-tumble-on-weak-pricing-of-secondary-offering-93CH-3776754 "HTTP/1.1 200 OK"
2024-12-17 20:14:16,969 - INFO - HTTP Request: GET https://www.investing.com/news/stock-market-news/alibaba-announces-it-sold-its-stake-in-intime-seen-as-a-strategic-move-93CH-3776345 "HTTP/1.1 200 OK"
2024-12-17 20:14:16,979 - INFO - HTTP Request: GET https://www.investing.com/news/stock-market-news/equinor-uncovers-new-north-sea-oil-and-gas-93CH-3776478 "HTTP/1.1 200 OK"
2024-12-17 20:14:16,995 - INFO - HTTP Request: GET https://www.investing.com/news/stock-market-news/fed-unlikely-to-cut-rates-in-early-2025-caution-advised-93CH-3776562 "HTTP/1.1 200 OK"
2024-12-17 20:14:17,010 - INFO - HTTP Request: GET https://www.investing.com/news/stock-market-news/eu-probes-tiktok-for-possible-election-meddling-93CH-3776452 "HTTP/1.1 200 OK"
2024-12-17 20:14:17,024 - INFO - HTTP Request: GET https://www.investing.com/news/stock-market-news/booking-holdings-says-inflation-still-affecting-us-travel-plans-93CH-3776502 "HTTP/1.1 200 OK"
2024-12-17 20:14:17,038 - INFO - HTTP Request: GET https://www.investing.com/news/stock-market-news/bofa-says-stock-market-is-flashing-sell-signal-3776584 "HTTP/1.1 200 OK"
2024-12-17 20:14:17,057 - INFO - HTTP Request: GET https://www.investing.com/news/stock-market-news/us-to-grant-pge-15-billion-for-grid-upgrades-report-93CH-3776435 "HTTP/1.1 200 OK"
2024-12-17 20:14:17,097 - INFO - HTTP Request: GET https://www.investing.com/news/stock-market-news/uk-average-weekly-earnings-rise-more-than-forecast-in-october-93CH-3776361 "HTTP/1.1 200 OK"
2024-12-17 20:14:17,110 - INFO - HTTP Request: GET https://www.investing.com/news/stock-market-news/hollywood-bowl-shares-fall-as-company-reports-pretax-profit-decline-3776357 "HTTP/1.1 200 OK"
2024-12-17 20:14:17,117 - INFO - HTTP Request: GET https://www.investing.com/news/stock-market-news/trump-vows-to-pursue-more-defamation-claims-after-abc-news-settlement-3776391 "HTTP/1.1 200 OK"
2024-12-17 20:14:17,130 - INFO - HTTP Request: GET https://www.investing.com/news/stock-market-news/walmart-china-partners-with-chinese-delivery-giant-meituan-3775942 "HTTP/1.1 200 OK"
2024-12-17 20:14:17,140 - INFO - HTTP Request: GET https://www.investing.com/news/stock-market-news/china-plans-record-budget-deficit-to-boost-5-growth-target-93CH-3776432 "HTTP/1.1 200 OK"
2024-12-17 20:14:17,270 - INFO - HTTP Request: GET https://www.investing.com/news/stock-market-news/rockwell-medical-secures-major-dialysis-product-deal-shares-soar-93CH-3776511 "HTTP/1.1 200 OK"
2024-12-17 20:14:18,378 - INFO - HTTP Request: GET https://www.investing.com/news/commodities-news/morning-bid-bonds-agitated-as-fed-meets-g7-politics-rumble-3776430 "HTTP/1.1 200 OK"
2024-12-17 20:14:18,441 - INFO - HTTP Request: GET https://www.investing.com/news/stock-market-news/indivior-appoints-new-board-members-cfo-to-step-down-shares-drop-93CH-3776333 "HTTP/1.1 200 OK"
2024-12-17 20:14:19,279 - INFO - HTTP Request: GET https://www.investing.com/news/stock-market-news/sandoz-settles-us-antitrust-case-for-275m-93CH-3776354 "HTTP/1.1 200 OK"
2024-12-17 20:14:45,328 - INFO - Scraping completed in 35.23 seconds
2024-12-17 20:14:45,329 - INFO - Scraped 35 articles.
2024-12-17 20:14:45,388 - ERROR - Failed to connect to the database.
