2024-12-15 09:35:27,702 - INFO - HTTP Request: GET https://www.investing.com/news/stock-market-news/1 "HTTP/1.1 307 Temporary Redirect"
2024-12-15 09:35:29,411 - INFO - HTTP Request: GET https://www.investing.com/news/stock-market-news/2 "HTTP/1.1 200 OK"
2024-12-15 09:35:31,975 - INFO - HTTP Request: GET https://www.investing.com/news/stock-market-news/goldman-sachs-granted-licence-for-china-fund-sales-3771471 "HTTP/1.1 200 OK"
2024-12-15 09:35:31,978 - INFO - HTTP Request: GET https://www.investing.com/news/stock-market-news/exclusiveyellen-warns-incoming-trump-team-against-interfering-with-bank-supervision-3772250 "HTTP/1.1 200 OK"
2024-12-15 09:35:32,010 - INFO - HTTP Request: GET https://www.investing.com/news/stock-market-news/brazil-stocks-lower-at-close-of-trade-bovespa-down-116-3772322 "HTTP/1.1 200 OK"
2024-12-15 09:35:32,091 - INFO - HTTP Request: GET https://www.investing.com/news/stock-market-news/porsche-withdraws-guidance-as-it-expects-upto-20-billion-impairment-charge-3772119 "HTTP/1.1 200 OK"
2024-12-15 09:35:32,257 - INFO - HTTP Request: GET https://www.investing.com/news/stock-market-news/lamb-weston-stock-rises-amid-reuters-report-of-sale-talks-with-post-holdings-93CH-3772190 "HTTP/1.1 200 OK"
2024-12-15 09:35:32,868 - INFO - HTTP Request: GET https://www.investing.com/news/stock-market-news/colombia-stocks-lower-at-close-of-trade-colcap-down-036-3772310 "HTTP/1.1 200 OK"
2024-12-15 09:35:32,876 - INFO - HTTP Request: GET https://www.investing.com/news/stock-market-news/russia-stocks-lower-at-close-of-trade-moex-russia-index-down-032-3772312 "HTTP/1.1 200 OK"
2024-12-15 09:35:32,883 - INFO - HTTP Request: GET https://www.investing.com/news/stock-market-news/mexico-regulator-rules-walmex-used-monopolistic-practice-orders-fine-3771731 "HTTP/1.1 200 OK"
2024-12-15 09:35:32,890 - INFO - HTTP Request: GET https://www.investing.com/news/stock-market-news/under-armour-shares-dip-as-analysts-question-turnaround-plan-93CH-3772158 "HTTP/1.1 200 OK"
2024-12-15 09:35:32,897 - INFO - HTTP Request: GET https://www.investing.com/news/stock-market-news/jj-accuses-divisions-of-cigna-of-helping-drain-its-drug-copay-funds-wsj-reports-3772218 "HTTP/1.1 200 OK"
2024-12-15 09:35:32,905 - INFO - HTTP Request: GET https://www.investing.com/news/stock-market-news/stock-market-today-sp-500-snaps-3week-win-streak-ahead-of-fed-meeting-next-week-3770360 "HTTP/1.1 200 OK"
2024-12-15 09:35:32,913 - INFO - HTTP Request: GET https://www.investing.com/news/stock-market-news/vw-top-shareholder-porsche-se-sees-impairment-on-investment-of-up-to-20-billion-euros-3772120 "HTTP/1.1 200 OK"
2024-12-15 09:35:32,920 - INFO - HTTP Request: GET https://www.investing.com/news/stock-market-news/trump-advisers-reported-plan-to-ease-banking-oversight-may-not-get-required-support-3771886 "HTTP/1.1 200 OK"
2024-12-15 09:35:32,928 - INFO - HTTP Request: GET https://www.investing.com/news/stock-market-news/us-to-set-ai-chip-export-rules-tech-giants-to-be-gatekeepers--reuters-93CH-3772165 "HTTP/1.1 200 OK"
2024-12-15 09:35:32,936 - INFO - HTTP Request: GET https://www.investing.com/news/stock-market-news/us-supreme-court-to-hear-dispute-over-california-tailpipe-emissions-ev-standards-3772169 "HTTP/1.1 200 OK"
2024-12-15 09:35:32,944 - INFO - HTTP Request: GET https://www.investing.com/news/stock-market-news/exclusivedatabricks-nears-record-95-billion-vc-raise-eyes-extra-45-billion-debt-3772163 "HTTP/1.1 200 OK"
2024-12-15 09:35:32,954 - INFO - HTTP Request: GET https://www.investing.com/news/stock-market-news/russias-novatek-hires-lobbyists-to-thaw-us-relations-sources-say-3772057 "HTTP/1.1 200 OK"
2024-12-15 09:35:32,965 - INFO - HTTP Request: GET https://www.investing.com/news/stock-market-news/australias-insignia-financial-gets-17-billion-takeover-offer-from-bain-capital-3770161 "HTTP/1.1 200 OK"
2024-12-15 09:35:32,976 - INFO - HTTP Request: GET https://www.investing.com/news/stock-market-news/bmo-hires-sciarrino-from-jpmorgan-chase-to-head-us-commercial-banking-memo-3772157 "HTTP/1.1 200 OK"
2024-12-15 09:35:32,988 - INFO - HTTP Request: GET https://www.investing.com/news/stock-market-news/biden-administration-inks-new-science-cooperation-deal-with-china-republicans-cry-foul-3771464 "HTTP/1.1 200 OK"
2024-12-15 09:35:32,997 - INFO - HTTP Request: GET https://www.investing.com/news/stock-market-news/brokerages-downgrade-gene-editing-company-editas-to-hold-shares-slump-23-3772143 "HTTP/1.1 200 OK"
2024-12-15 09:35:33,006 - INFO - HTTP Request: GET https://www.investing.com/news/stock-market-news/broadcom-tesla-lead-fridays-market-cap-stock-movers-93CH-3772140 "HTTP/1.1 200 OK"
2024-12-15 09:35:33,016 - INFO - HTTP Request: GET https://www.investing.com/news/stock-market-news/abbott-boosts-quarterly-dividend-to-59-cents-up-73-93CH-3772050 "HTTP/1.1 200 OK"
2024-12-15 09:35:33,025 - INFO - HTTP Request: GET https://www.investing.com/news/stock-market-news/us-lawmakers-tell-apple-google-to-be-ready-to-remove-tiktok-from-app-stores-on-jan-19-3771947 "HTTP/1.1 200 OK"
2024-12-15 09:35:33,035 - INFO - HTTP Request: GET https://www.investing.com/news/stock-market-news/manufacturing-and-services-pmis-take-center-stage-on-monday-93CH-3772138 "HTTP/1.1 200 OK"
2024-12-15 09:35:33,044 - INFO - HTTP Request: GET https://www.investing.com/news/stock-market-news/mizuho-downgrades-ringcentral-on-subscription-growth-concerns-shares-down-7-3772040 "HTTP/1.1 200 OK"
2024-12-15 09:35:33,482 - INFO - HTTP Request: GET https://www.investing.com/news/stock-market-news/local-unions-call-on-krogers-board-to-replace-ceo-after-75-billion-buyback-plan-3772015 "HTTP/1.1 200 OK"
2024-12-15 09:35:33,503 - INFO - HTTP Request: GET https://www.investing.com/news/stock-market-news/mitek-systems-compass-minerals-and-more-set-to-report-earnings-monday-93CH-3772139 "HTTP/1.1 200 OK"
2024-12-15 09:35:34,559 - INFO - HTTP Request: GET https://www.investing.com/news/stock-market-news/canada-stocks-lower-at-close-of-trade-sptsx-composite-down-054-3772324 "HTTP/1.1 200 OK"
2024-12-15 09:35:34,561 - INFO - HTTP Request: GET https://www.investing.com/news/stock-market-news/us-sec-has-extended-timeline-for-musk-to-respond-to-settlement-offer-in-twitter-probe-source-says-3771873 "HTTP/1.1 200 OK"
2024-12-15 09:35:35,039 - INFO - HTTP Request: GET https://www.investing.com/news/stock-market-news/european-stocks-on-course-to-snap-threeweek-winning-streak-3770761 "HTTP/1.1 200 OK"
2024-12-15 09:35:35,050 - INFO - HTTP Request: GET https://www.investing.com/news/stock-market-news/liquid-ai-closes-250-million-earlystage-funding-round-led-by-amd-3772129 "HTTP/1.1 200 OK"
2024-12-15 09:35:35,127 - INFO - HTTP Request: GET https://www.investing.com/news/stock-market-news/unitedhealth-group-ceo-andrew-witty-says-healthcare-system-is-flawed-3770955 "HTTP/1.1 200 OK"
2024-12-15 09:35:35,160 - INFO - HTTP Request: GET https://www.investing.com/news/stock-market-news/cocacola-invests-some-90-million-to-expand-production-in-brazils-amazonas-3772135 "HTTP/1.1 200 OK"
2024-12-15 09:35:35,293 - INFO - HTTP Request: GET https://www.investing.com/news/stock-market-news/goldman-starts-coverage-on-beauty-stocks-efl-beauty-shares-up-4-3772133 "HTTP/1.1 200 OK"
2024-12-15 09:35:47,261 - INFO - Scraping completed in 20.78 seconds
2024-12-15 09:35:47,262 - INFO - Scraped 35 articles.
2024-12-15 09:35:47,337 - INFO - Data insertion completed. 0 new records inserted, 35 records skipped due to conflict. Total time: 0.02 seconds.
