2024-12-15 09:23:53,191 - INFO - HTTP Request: GET https://www.moneycontrol.com/news/business/markets/page-1/ "HTTP/1.1 200 OK"
2024-12-15 09:23:54,147 - INFO - HTTP Request: GET https://www.investing.com/news/stock-market-news/1 "HTTP/1.1 307 Temporary Redirect"
2024-12-15 09:23:54,334 - INFO - HTTP Request: GET https://www.moneycontrol.com/news/business/ipo/innovision-refiles-draft-papers-for-ipo-fresh-issue-size-reduced-to-rs-255-crore-12889807.html "HTTP/1.1 200 OK"
2024-12-15 09:23:54,342 - INFO - HTTP Request: GET https://www.moneycontrol.com/news/business/ipo/blackstone-panchshil-realty-s-ventive-hospitality-to-launch-rs-1-600-cr-ipo-on-dec-20-12890060.html "HTTP/1.1 200 OK"
2024-12-15 09:23:54,344 - INFO - HTTP Request: GET https://www.moneycontrol.com/news/trends/expert-columns/nifty-stuck-iron-fly-to-the-rescue-shubham-agarwal-12888941.html "HTTP/1.1 200 OK"
2024-12-15 09:23:54,346 - INFO - HTTP Request: GET https://www.moneycontrol.com/news/business/ipo/dealmaker-dharmesh-mehta-led-dam-capital-advisors-ipo-to-open-on-dec-19-files-rhp-12890059.html "HTTP/1.1 200 OK"
2024-12-15 09:23:54,348 - INFO - HTTP Request: GET https://www.moneycontrol.com/news/business/markets/90-of-money-should-be-in-quality-stocks-ramesh-damani-s-formula-for-young-investors-12889888.html "HTTP/1.1 200 OK"
2024-12-15 09:23:54,351 - INFO - HTTP Request: GET https://www.moneycontrol.com/news/business/stocks/broader-indices-underperform-but-these-smallcaps-gain-between-10-37-12889827.html "HTTP/1.1 200 OK"
2024-12-15 09:23:54,658 - INFO - HTTP Request: GET https://www.moneycontrol.com/news/business/markets/chartist-talks-sbi-securities-sudeep-shah-picks-2-nifty-stocks-for-next-week-but-advises-avoiding-this-fmcg-major-12889806.html "HTTP/1.1 200 OK"
2024-12-15 09:23:54,659 - INFO - HTTP Request: GET https://www.moneycontrol.com/news/business/ipo/yash-highvoltage-ipo-sees-10-46x-subscription-on-day-2-with-healthy-retail-nii-demand-12889635.html "HTTP/1.1 200 OK"
2024-12-15 09:23:54,661 - INFO - HTTP Request: GET https://www.moneycontrol.com/news/business/ipo/purple-united-sales-ipo-sees-148-9x-subscription-shares-to-debut-on-december-18-12889768.html "HTTP/1.1 200 OK"
2024-12-15 09:23:54,663 - INFO - HTTP Request: GET https://www.moneycontrol.com/news/photos/business/markets/gainers-losers-10-stocks-that-moved-the-most-on-december-13-3-12889465.html "HTTP/1.1 200 OK"
2024-12-15 09:23:54,665 - INFO - HTTP Request: GET https://www.moneycontrol.com/news/business/markets/bulk-deals-guardian-advisors-pvt-ltd-special-opportunity-fund-offloads-0-92-stake-in-noida-toll-bridge-company-12889795.html "HTTP/1.1 200 OK"
2024-12-15 09:23:54,668 - INFO - HTTP Request: GET https://www.moneycontrol.com/news/photos/business/markets/market-extends-gain-in-fourth-week-it-telecom-realty-stocks-shine-12889826.html "HTTP/1.1 200 OK"
2024-12-15 09:23:54,679 - INFO - HTTP Request: GET https://www.moneycontrol.com/news/business/markets/us-stocks-close-flat-as-nasdaq-extends-weekly-gains-s-p-500-and-dow-dip-12889825.html "HTTP/1.1 200 OK"
2024-12-15 09:23:54,683 - INFO - HTTP Request: GET https://www.moneycontrol.com/news/business/markets/consumption-stocks-crowd-pessimism-list-in-november-asian-paints-titan-britannia-among-top-ten-12889445.html "HTTP/1.1 200 OK"
2024-12-15 09:23:54,686 - INFO - HTTP Request: GET https://www.moneycontrol.com/news/business/markets/sebi-relaxes-isin-restriction-for-issuers-looking-to-list-debt-securities-under-new-regulations-12889545.html "HTTP/1.1 200 OK"
2024-12-15 09:23:54,689 - INFO - HTTP Request: GET https://www.moneycontrol.com/news/opinion/moneycontrol-pro-weekender-back-to-the-1930s-12889573.html "HTTP/1.1 200 OK"
2024-12-15 09:23:55,054 - INFO - HTTP Request: GET https://www.moneycontrol.com/news/business/markets/mc-exclusive-expiry-day-volatility-sebi-s-ananth-narayan-says-watching-if-more-steps-need-to-be-taken-12889598.html "HTTP/1.1 200 OK"
2024-12-15 09:23:55,060 - INFO - HTTP Request: GET https://www.moneycontrol.com/news/business/markets/diis-net-sell-rs-732-crore-fiis-net-buy-rs-2-235-crore-12889716.html "HTTP/1.1 200 OK"
2024-12-15 09:23:55,064 - INFO - HTTP Request: GET https://www.moneycontrol.com/news/business/markets/sebi-clarifies-that-corporate-debt-market-development-fund-is-cat-i-aif-12889577.html "HTTP/1.1 200 OK"
2024-12-15 09:23:55,067 - INFO - HTTP Request: GET https://www.moneycontrol.com/news/business/ipo/supreme-facility-management-ipo-closes-with-25-71-times-subscription-shares-attract-30-gmp-12889757.html "HTTP/1.1 200 OK"
2024-12-15 09:23:55,069 - INFO - HTTP Request: GET https://www.moneycontrol.com/news/business/markets/technical-view-holding-24-700-crucial-for-nifty-to-see-upward-journey-vix-at-2-month-low-12889498.html "HTTP/1.1 200 OK"
2024-12-15 09:23:55,075 - INFO - HTTP Request: GET https://www.investing.com/news/stock-market-news/2 "HTTP/1.1 200 OK"
2024-12-15 09:23:55,078 - INFO - HTTP Request: GET https://www.moneycontrol.com/news/business/markets/business-in-the-week-ahead-december-16-20-2024-12889571.html "HTTP/1.1 200 OK"
2024-12-15 09:23:55,798 - INFO - HTTP Request: GET https://www.moneycontrol.com/news/business/markets/bharti-airtel-clocks-best-week-in-three-months-on-bullish-jefferies-note-hexacom-shines-too-12889418.html "HTTP/1.1 200 OK"
2024-12-15 09:23:55,801 - INFO - HTTP Request: GET https://www.moneycontrol.com/news/business/markets/sensex-nifty-rebound-from-sharp-losses-as-value-buying-lifts-sentiment-all-eyes-on-fed-policy-data-ahead-12889557.html "HTTP/1.1 200 OK"
2024-12-15 09:23:56,518 - INFO - HTTP Request: GET https://www.moneycontrol.com/news/business/markets/india-s-stock-market-growth-is-a-testament-to-investor-trust-in-indian-businesses-ashishkumar-chauhan-12889484.html "HTTP/1.1 200 OK"
2024-12-15 09:24:04,043 - INFO - HTTP Request: GET https://www.investing.com/news/stock-market-news/canada-stocks-lower-at-close-of-trade-sptsx-composite-down-054-3772324 "HTTP/1.1 200 OK"
2024-12-15 09:24:04,110 - INFO - HTTP Request: GET https://www.investing.com/news/stock-market-news/stock-market-today-sp-500-snaps-3week-win-streak-ahead-of-fed-meeting-next-week-3770360 "HTTP/1.1 200 OK"
2024-12-15 09:24:04,124 - INFO - HTTP Request: GET https://www.investing.com/news/stock-market-news/trump-advisers-reported-plan-to-ease-banking-oversight-may-not-get-required-support-3771886 "HTTP/1.1 200 OK"
2024-12-15 09:24:04,141 - INFO - HTTP Request: GET https://www.investing.com/news/stock-market-news/brazil-stocks-lower-at-close-of-trade-bovespa-down-116-3772322 "HTTP/1.1 200 OK"
2024-12-15 09:24:04,203 - INFO - HTTP Request: GET https://www.investing.com/news/stock-market-news/jj-accuses-divisions-of-cigna-of-helping-drain-its-drug-copay-funds-wsj-reports-3772218 "HTTP/1.1 200 OK"
2024-12-15 09:24:04,213 - INFO - HTTP Request: GET https://www.investing.com/news/stock-market-news/goldman-sachs-granted-licence-for-china-fund-sales-3771471 "HTTP/1.1 200 OK"
2024-12-15 09:24:04,215 - INFO - HTTP Request: GET https://www.investing.com/news/stock-market-news/us-to-set-ai-chip-export-rules-tech-giants-to-be-gatekeepers--reuters-93CH-3772165 "HTTP/1.1 200 OK"
2024-12-15 09:24:04,348 - INFO - HTTP Request: GET https://www.moneycontrol.com/news/business/markets/page-2/ "HTTP/1.1 200 OK"
2024-12-15 09:24:04,857 - INFO - HTTP Request: GET https://www.investing.com/news/stock-market-news/mizuho-downgrades-ringcentral-on-subscription-growth-concerns-shares-down-7-3772040 "HTTP/1.1 200 OK"
2024-12-15 09:24:04,866 - INFO - HTTP Request: GET https://www.investing.com/news/stock-market-news/colombia-stocks-lower-at-close-of-trade-colcap-down-036-3772310 "HTTP/1.1 200 OK"
2024-12-15 09:24:04,876 - INFO - HTTP Request: GET https://www.investing.com/news/stock-market-news/lamb-weston-stock-rises-amid-reuters-report-of-sale-talks-with-post-holdings-93CH-3772190 "HTTP/1.1 200 OK"
2024-12-15 09:24:04,890 - INFO - HTTP Request: GET https://www.investing.com/news/stock-market-news/australias-insignia-financial-gets-17-billion-takeover-offer-from-bain-capital-3770161 "HTTP/1.1 200 OK"
2024-12-15 09:24:04,915 - INFO - HTTP Request: GET https://www.investing.com/news/stock-market-news/us-sec-has-extended-timeline-for-musk-to-respond-to-settlement-offer-in-twitter-probe-source-says-3771873 "HTTP/1.1 200 OK"
2024-12-15 09:24:04,926 - INFO - HTTP Request: GET https://www.investing.com/news/stock-market-news/mexico-regulator-rules-walmex-used-monopolistic-practice-orders-fine-3771731 "HTTP/1.1 200 OK"
2024-12-15 09:24:04,936 - INFO - HTTP Request: GET https://www.investing.com/news/stock-market-news/mitek-systems-compass-minerals-and-more-set-to-report-earnings-monday-93CH-3772139 "HTTP/1.1 200 OK"
2024-12-15 09:24:04,945 - INFO - HTTP Request: GET https://www.investing.com/news/stock-market-news/under-armour-shares-dip-as-analysts-question-turnaround-plan-93CH-3772158 "HTTP/1.1 200 OK"
2024-12-15 09:24:04,952 - INFO - HTTP Request: GET https://www.investing.com/news/stock-market-news/local-unions-call-on-krogers-board-to-replace-ceo-after-75-billion-buyback-plan-3772015 "HTTP/1.1 200 OK"
2024-12-15 09:24:04,960 - INFO - HTTP Request: GET https://www.investing.com/news/stock-market-news/russias-novatek-hires-lobbyists-to-thaw-us-relations-sources-say-3772057 "HTTP/1.1 200 OK"
2024-12-15 09:24:04,967 - INFO - HTTP Request: GET https://www.investing.com/news/stock-market-news/abbott-boosts-quarterly-dividend-to-59-cents-up-73-93CH-3772050 "HTTP/1.1 200 OK"
2024-12-15 09:24:04,974 - INFO - HTTP Request: GET https://www.investing.com/news/stock-market-news/manufacturing-and-services-pmis-take-center-stage-on-monday-93CH-3772138 "HTTP/1.1 200 OK"
2024-12-15 09:24:04,981 - INFO - HTTP Request: GET https://www.investing.com/news/stock-market-news/liquid-ai-closes-250-million-earlystage-funding-round-led-by-amd-3772129 "HTTP/1.1 200 OK"
2024-12-15 09:24:04,988 - INFO - HTTP Request: GET https://www.investing.com/news/stock-market-news/broadcom-tesla-lead-fridays-market-cap-stock-movers-93CH-3772140 "HTTP/1.1 200 OK"
2024-12-15 09:24:04,995 - INFO - HTTP Request: GET https://www.investing.com/news/stock-market-news/european-stocks-on-course-to-snap-threeweek-winning-streak-3770761 "HTTP/1.1 200 OK"
2024-12-15 09:24:05,046 - INFO - HTTP Request: GET https://www.investing.com/news/stock-market-news/unitedhealth-group-ceo-andrew-witty-says-healthcare-system-is-flawed-3770955 "HTTP/1.1 200 OK"
2024-12-15 09:24:07,955 - INFO - HTTP Request: GET https://www.investing.com/news/stock-market-news/bmo-hires-sciarrino-from-jpmorgan-chase-to-head-us-commercial-banking-memo-3772157 "HTTP/1.1 200 OK"
2024-12-15 09:24:08,649 - INFO - HTTP Request: GET https://www.investing.com/news/stock-market-news/us-lawmakers-tell-apple-google-to-be-ready-to-remove-tiktok-from-app-stores-on-jan-19-3771947 "HTTP/1.1 200 OK"
2024-12-15 09:24:08,665 - INFO - HTTP Request: GET https://www.investing.com/news/stock-market-news/exclusivedatabricks-nears-record-95-billion-vc-raise-eyes-extra-45-billion-debt-3772163 "HTTP/1.1 200 OK"
2024-12-15 09:24:08,672 - INFO - HTTP Request: GET https://www.investing.com/news/stock-market-news/biden-administration-inks-new-science-cooperation-deal-with-china-republicans-cry-foul-3771464 "HTTP/1.1 200 OK"
2024-12-15 09:24:08,681 - INFO - HTTP Request: GET https://www.investing.com/news/stock-market-news/russia-stocks-lower-at-close-of-trade-moex-russia-index-down-032-3772312 "HTTP/1.1 200 OK"
2024-12-15 09:24:08,691 - INFO - HTTP Request: GET https://www.investing.com/news/stock-market-news/vw-top-shareholder-porsche-se-sees-impairment-on-investment-of-up-to-20-billion-euros-3772120 "HTTP/1.1 200 OK"
2024-12-15 09:24:08,694 - INFO - HTTP Request: GET https://www.investing.com/news/stock-market-news/us-supreme-court-to-hear-dispute-over-california-tailpipe-emissions-ev-standards-3772169 "HTTP/1.1 200 OK"
2024-12-15 09:24:08,735 - INFO - HTTP Request: GET https://www.investing.com/news/stock-market-news/exclusiveyellen-warns-incoming-trump-team-against-interfering-with-bank-supervision-3772250 "HTTP/1.1 200 OK"
2024-12-15 09:24:08,753 - INFO - HTTP Request: GET https://www.investing.com/news/stock-market-news/cocacola-invests-some-90-million-to-expand-production-in-brazils-amazonas-3772135 "HTTP/1.1 200 OK"
2024-12-15 09:24:08,760 - INFO - HTTP Request: GET https://www.investing.com/news/stock-market-news/brokerages-downgrade-gene-editing-company-editas-to-hold-shares-slump-23-3772143 "HTTP/1.1 200 OK"
2024-12-15 09:24:08,768 - INFO - HTTP Request: GET https://www.investing.com/news/stock-market-news/goldman-starts-coverage-on-beauty-stocks-efl-beauty-shares-up-4-3772133 "HTTP/1.1 200 OK"
2024-12-15 09:24:08,778 - INFO - HTTP Request: GET https://www.investing.com/news/stock-market-news/porsche-withdraws-guidance-as-it-expects-upto-20-billion-impairment-charge-3772119 "HTTP/1.1 200 OK"
