2024-12-11 23:26:05,370 - INFO - HTTP Request: GET https://www.investing.com/news/stock-market-news/1 "HTTP/1.1 307 Temporary Redirect"
2024-12-11 23:26:05,641 - INFO - HTTP Request: GET https://www.investing.com/news/stock-market-news/2 "HTTP/1.1 200 OK"
2024-12-11 23:26:08,224 - INFO - HTTP Request: GET https://www.investing.com/news/stock-market-news/gm-pulls-funding-from-cruise-robotaxi-uber-and-lyft-shares-dip-93CH-3766719 "HTTP/1.1 200 OK"
2024-12-11 23:26:08,230 - INFO - HTTP Request: GET https://www.investing.com/news/stock-market-news/verdict-on-swiss-handling-of-credit-suisse-meltdown-to-set-tone-for-ubs-3765318 "HTTP/1.1 200 OK"
2024-12-11 23:26:08,271 - INFO - HTTP Request: GET https://www.investing.com/news/stock-market-news/ubs-revises-coloplast-rating-to-neutral--sees-lower-risk-3766482 "HTTP/1.1 200 OK"
2024-12-11 23:26:08,295 - INFO - HTTP Request: GET https://www.investing.com/news/stock-market-news/mexicos-lower-house-approves-labor-reform-for-app-workers-3764833 "HTTP/1.1 200 OK"
2024-12-11 23:26:08,312 - INFO - HTTP Request: GET https://www.investing.com/news/stock-market-news/nvidia-to-face-lawsuit-as-supreme-court-dismisses-appeal-93CH-3766828 "HTTP/1.1 200 OK"
2024-12-11 23:26:08,336 - INFO - HTTP Request: GET https://www.investing.com/news/stock-market-news/airline-pilots-crews-voice-concerns-about-middle-east-routes-3765321 "HTTP/1.1 200 OK"
2024-12-11 23:26:08,831 - INFO - HTTP Request: GET https://www.investing.com/news/stock-market-news/rigetti-computing-shares-slip-after-citron-critique-93CH-3766786 "HTTP/1.1 200 OK"
2024-12-11 23:26:09,298 - INFO - HTTP Request: GET https://www.investing.com/news/stock-market-news/chancellor-scholz-calls-for-vote-of-confidence-in-germany-93CH-3766705 "HTTP/1.1 200 OK"
2024-12-11 23:26:09,317 - INFO - HTTP Request: GET https://www.investing.com/news/stock-market-news/the-onions-purchase-of-alex-jones-infowars-stopped-by-us-judge-3765286 "HTTP/1.1 200 OK"
2024-12-11 23:26:09,328 - INFO - HTTP Request: GET https://www.investing.com/news/stock-market-news/ge-vernova-shares-rise-following-investor-day-3766838 "HTTP/1.1 200 OK"
2024-12-11 23:26:09,334 - INFO - HTTP Request: GET https://www.investing.com/news/stock-market-news/tuesdays-insider-activity-top-buys-and-sells-in-us-stocks-revealed-93CH-3766491 "HTTP/1.1 200 OK"
2024-12-11 23:26:09,338 - INFO - HTTP Request: GET https://www.investing.com/news/stock-market-news/us-steels-proposed-149-billion-merger-with-nippon-steel-3766564 "HTTP/1.1 200 OK"
2024-12-11 23:26:09,342 - INFO - HTTP Request: GET https://www.investing.com/news/stock-market-news/lawsuit-accuses-major-food-companies-of-marketing-addictive-food-to-kids-3765128 "HTTP/1.1 200 OK"
2024-12-11 23:26:09,345 - INFO - HTTP Request: GET https://www.investing.com/news/stock-market-news/morgan-stanley-sees-airline-stocks-propelled-by-demand-favourable-fuel-cost-3766443 "HTTP/1.1 200 OK"
2024-12-11 23:26:09,353 - INFO - HTTP Request: GET https://www.investing.com/news/stock-market-news/broadcom-up-following-report-of-apple-working-on-ai-chip-with-chipmaker-3766611 "HTTP/1.1 200 OK"
2024-12-11 23:26:09,356 - INFO - HTTP Request: GET https://www.investing.com/news/stock-market-news/tesla-cybertruck-set-to-enter-chinese-market-soon-93CH-3766699 "HTTP/1.1 200 OK"
2024-12-11 23:26:09,359 - INFO - HTTP Request: GET https://www.investing.com/news/stock-market-news/tinder-parent-match-group-shares-dip-on-q4-revenue-forecast-3766781 "HTTP/1.1 200 OK"
2024-12-11 23:26:09,370 - INFO - HTTP Request: GET https://www.investing.com/news/stock-market-news/us-stock-index-futures-drift-higher-with-cpi-data-in-focus-3765163 "HTTP/1.1 200 OK"
2024-12-11 23:26:09,379 - INFO - HTTP Request: GET https://www.investing.com/news/stock-market-news/macys-cuts-adjusted-profit-forecast-shares-fall-7-3766044 "HTTP/1.1 200 OK"
2024-12-11 23:26:09,422 - INFO - HTTP Request: GET https://www.investing.com/news/stock-market-news/siemens-proposes-former-nestle-ceo-schneider-as-supervisory-board-head-from-2027-3766810 "HTTP/1.1 200 OK"
2024-12-11 23:26:09,432 - INFO - HTTP Request: GET https://www.investing.com/news/stock-market-news/microstrategys-bitcoinpowered-surge-takes-it-closer-to-nasdaq-100-doorstep-3766808 "HTTP/1.1 200 OK"
2024-12-11 23:26:09,441 - INFO - HTTP Request: GET https://www.investing.com/news/stock-market-news/wells-fargo-ceo-expresses-more-confidence-in-regulatory-fixes-3766660 "HTTP/1.1 200 OK"
2024-12-11 23:26:09,445 - INFO - HTTP Request: GET https://www.investing.com/news/stock-market-news/goldman-sachs-remains-cautious-on-tesla-stock-says-valuation-is-full-3766489 "HTTP/1.1 200 OK"
2024-12-11 23:26:09,448 - INFO - HTTP Request: GET https://www.investing.com/news/stock-market-news/mercedesbenz-reshuffles-management-board-3765503 "HTTP/1.1 200 OK"
2024-12-11 23:26:09,456 - INFO - HTTP Request: GET https://www.investing.com/news/stock-market-news/unicredits-orcel-was-plotting-bid-before-banco-bpm-forced-hand-sources-say-3766613 "HTTP/1.1 200 OK"
2024-12-11 23:26:09,491 - INFO - HTTP Request: GET https://www.investing.com/news/stock-market-news/morocco-stocks-higher-at-close-of-trade-moroccan-all-shares-up-003-3766803 "HTTP/1.1 200 OK"
2024-12-11 23:26:09,502 - INFO - HTTP Request: GET https://www.investing.com/news/stock-market-news/tesla-stock-seen-hitting-record-high-despite-earnings-cut--gary-black-93CH-3766695 "HTTP/1.1 200 OK"
2024-12-11 23:26:09,515 - INFO - HTTP Request: GET https://www.investing.com/news/stock-market-news/factboxus-deals-blocked-by-regulators-or-facing-intense-scrutiny-3765714 "HTTP/1.1 200 OK"
2024-12-11 23:26:09,519 - INFO - HTTP Request: GET https://www.investing.com/news/stock-market-news/china-mulls-yuan-depreciation-in-face-of-potential-us-tariffs-93CH-3766469 "HTTP/1.1 200 OK"
2024-12-11 23:26:09,526 - INFO - HTTP Request: GET https://www.investing.com/news/stock-market-news/russia-may-launch-new-hypersonic-missile-in-ukraine-93CH-3766610 "HTTP/1.1 200 OK"
2024-12-11 23:26:09,544 - INFO - HTTP Request: GET https://www.investing.com/news/stock-market-news/edison-international-shares-on-watch-as-malibu-fire-grows-to-3000-acres-93CH-3766599 "HTTP/1.1 200 OK"
2024-12-11 23:26:09,654 - INFO - HTTP Request: GET https://www.investing.com/news/stock-market-news/ubs-flags-concerns-for-aena-cuts-rating-3766619 "HTTP/1.1 200 OK"
2024-12-11 23:26:09,662 - INFO - HTTP Request: GET https://www.investing.com/news/stock-market-news/explainerwhat-next-for-nippon-steel-and-us-steels-15-billion-megamerger-3765330 "HTTP/1.1 200 OK"
2024-12-11 23:26:09,672 - INFO - HTTP Request: GET https://www.investing.com/news/stock-market-news/barclays-continues-to-favor-growth-over-value-in-us-3766643 "HTTP/1.1 200 OK"
2024-12-11 23:26:10,241 - INFO - HTTP Request: GET https://www.investing.com/news/stock-market-news/huaweis-new-mate-70-phone-chip-shows-no-major-redesign-techinsights-says-3766558 "HTTP/1.1 200 OK"
2024-12-11 23:26:24,402 - INFO - Scraping completed in 19.85 seconds
2024-12-11 23:26:24,403 - INFO - Scraped 35 articles.
2024-12-11 23:26:24,522 - ERROR - Failed to insert data: there is no unique or exclusion constraint matching the ON CONFLICT specification

