2024-12-26 20:32:39,240 - INFO - HTTP Request: GET https://www.investing.com/news/stock-market-news/1 "HTTP/1.1 307 Temporary Redirect"
2024-12-26 20:32:40,812 - INFO - HTTP Request: GET https://www.investing.com/news/stock-market-news/2 "HTTP/1.1 200 OK"
2024-12-26 20:32:44,876 - INFO - HTTP Request: GET https://www.investing.com/news/stock-market-news/colombia-stocks-lower-at-close-of-trade-colcap-unchanged-3788638 "HTTP/1.1 200 OK"
2024-12-26 20:32:45,051 - INFO - HTTP Request: GET https://www.investing.com/news/stock-market-news/exclusivekkr-bain-bids-ranged-from-48-billion-to-76-billion-for-seven--i-assets-sources-say-3788529 "HTTP/1.1 200 OK"
2024-12-26 20:32:45,067 - INFO - HTTP Request: GET https://www.investing.com/news/stock-market-news/how-much-is-canva-valued-at-3787362 "HTTP/1.1 200 OK"
2024-12-26 20:32:46,047 - INFO - HTTP Request: GET https://www.investing.com/news/stock-market-news/india-stocks-lower-at-close-of-trade-nifty-50-down-011-3788571 "HTTP/1.1 200 OK"
2024-12-26 20:32:46,057 - INFO - HTTP Request: GET https://www.investing.com/news/stock-market-news/toyota-global-production-down-for-10th-month-despite-rising-sales-3788537 "HTTP/1.1 200 OK"
2024-12-26 20:32:46,069 - INFO - HTTP Request: GET https://www.investing.com/news/stock-market-news/chinas-christmas-eve-box-office-plunges-to-13year-low-3788561 "HTTP/1.1 200 OK"
2024-12-26 20:32:46,113 - INFO - HTTP Request: GET https://www.investing.com/news/stock-market-news/italy-stocks-lower-at-close-of-trade-investingcom-italy-40-down-009-3788616 "HTTP/1.1 200 OK"
2024-12-26 20:32:46,135 - INFO - HTTP Request: GET https://www.investing.com/news/stock-market-news/mexico-stocks-lower-at-close-of-trade-spbmv-ipc-down-027-3788639 "HTTP/1.1 200 OK"
2024-12-26 20:32:46,194 - INFO - HTTP Request: GET https://www.investing.com/news/stock-market-news/mexico-stocks-lower-at-close-of-trade-spbmv-ipc-down-027-3788490 "HTTP/1.1 200 OK"
2024-12-26 20:32:46,230 - INFO - HTTP Request: GET https://www.investing.com/news/stock-market-news/wolfe-outlines-three-phases-of-trump-trade-for-2025-3787641 "HTTP/1.1 200 OK"
2024-12-26 20:32:46,252 - INFO - HTTP Request: GET https://www.investing.com/news/stock-market-news/trump-nominates-miamidade-official-as-ambassador-to-panama-3788632 "HTTP/1.1 200 OK"
2024-12-26 20:32:46,270 - INFO - HTTP Request: GET https://www.investing.com/news/stock-market-news/sweden-stocks-lower-at-close-of-trade-omx-stockholm-30-down-019-3788614 "HTTP/1.1 200 OK"
2024-12-26 20:32:46,286 - INFO - HTTP Request: GET https://www.investing.com/news/stock-market-news/poland-stocks-higher-at-close-of-trade-wig30-up-013-3788612 "HTTP/1.1 200 OK"
2024-12-26 20:32:46,303 - INFO - HTTP Request: GET https://www.investing.com/news/stock-market-news/morocco-stocks-lower-at-close-of-trade-moroccan-all-shares-down-016-3788591 "HTTP/1.1 200 OK"
2024-12-26 20:32:46,319 - INFO - HTTP Request: GET https://www.investing.com/news/stock-market-news/greece-stocks-lower-at-close-of-trade-athens-general-composite-down-025-3788606 "HTTP/1.1 200 OK"
2024-12-26 20:32:46,337 - INFO - HTTP Request: GET https://www.investing.com/news/stock-market-news/canada-stocks-higher-at-close-of-trade-sptsx-composite-up-040-3788637 "HTTP/1.1 200 OK"
2024-12-26 20:32:46,342 - INFO - HTTP Request: GET https://www.investing.com/news/stock-market-news/spain-stocks-higher-at-close-of-trade-ibex-35-up-033-3788617 "HTTP/1.1 200 OK"
2024-12-26 20:32:46,358 - INFO - HTTP Request: GET https://www.investing.com/news/stock-market-news/russia-stocks-higher-at-close-of-trade-moex-russia-index-up-150-3788636 "HTTP/1.1 200 OK"
2024-12-26 20:32:46,373 - INFO - HTTP Request: GET https://www.investing.com/news/stock-market-news/japans-comedianturnedinvestor-launches-fund-with-exgoldman-stock-geek-3788512 "HTTP/1.1 200 OK"
2024-12-26 20:32:46,398 - INFO - HTTP Request: GET https://www.investing.com/news/stock-market-news/nyse-short-interest-rose-24-percent-in-middecember-3788643 "HTTP/1.1 200 OK"
2024-12-26 20:32:46,417 - INFO - HTTP Request: GET https://www.investing.com/news/stock-market-news/nippon-steels-us-steel-takeover-plan-has-support-in-steelmaking-areas-executive-says-3788545 "HTTP/1.1 200 OK"
2024-12-26 20:32:46,442 - INFO - HTTP Request: GET https://www.investing.com/news/stock-market-news/saudi-arabia-stocks-lower-at-close-of-trade-tadawul-all-share-down-018-3788587 "HTTP/1.1 200 OK"
2024-12-26 20:32:46,448 - INFO - HTTP Request: GET https://www.investing.com/news/stock-market-news/us-stocks-higher-at-close-of-trade-dow-jones-industrial-average-up-091-3788492 "HTTP/1.1 200 OK"
2024-12-26 20:32:46,470 - INFO - HTTP Request: GET https://www.investing.com/news/stock-market-news/tuesdays-insider-activity-quiet-holiday-trading-on-christmas-eve-93CH-3788589 "HTTP/1.1 200 OK"
2024-12-26 20:32:46,482 - INFO - HTTP Request: GET https://www.investing.com/news/economy-news/futures-muted-before-shortened-christmas-eve-trading-3788058 "HTTP/1.1 200 OK"
2024-12-26 20:32:46,501 - INFO - HTTP Request: GET https://www.investing.com/news/stock-market-news/taiwan-stocks-higher-at-close-of-trade-taiwan-weighted-up-007-3788548 "HTTP/1.1 200 OK"
2024-12-26 20:32:46,524 - INFO - HTTP Request: GET https://www.investing.com/news/economy-news/american-airlines-says-experiencing-technical-issue-with-its-flights-3788105 "HTTP/1.1 200 OK"
2024-12-26 20:32:46,533 - INFO - HTTP Request: GET https://www.investing.com/news/stock-market-news/initial-jobless-claims-and-7year-note-auction-headline-thursdays-economic-data-93CH-3788626 "HTTP/1.1 200 OK"
2024-12-26 20:32:46,550 - INFO - HTTP Request: GET https://www.investing.com/news/stock-market-news/indonesia-stocks-lower-at-close-of-trade-idx-composite-index-down-043-3788558 "HTTP/1.1 200 OK"
2024-12-26 20:32:46,570 - INFO - HTTP Request: GET https://www.investing.com/news/stock-market-news/turkey-stocks-higher-at-close-of-trade-bist-100-up-252-3788600 "HTTP/1.1 200 OK"
2024-12-26 20:32:46,586 - INFO - HTTP Request: GET https://www.investing.com/news/stock-market-news/australia-stocks-higher-at-close-of-trade-spasx-200-up-024-3788544 "HTTP/1.1 200 OK"
2024-12-26 20:32:46,600 - INFO - HTTP Request: GET https://www.investing.com/news/stock-market-news/norway-stocks-higher-at-close-of-trade-oslo-obx-up-058-3788608 "HTTP/1.1 200 OK"
2024-12-26 20:32:46,946 - INFO - HTTP Request: GET https://www.investing.com/news/stock-market-news/japan-stocks-lower-at-close-of-trade-nikkei-225-down-032-3788553 "HTTP/1.1 200 OK"
2024-12-26 20:32:47,295 - INFO - HTTP Request: GET https://www.investing.com/news/stock-market-news/denmark-stocks-higher-at-close-of-trade-omx-copenhagen-20-up-374-3788611 "HTTP/1.1 200 OK"
2024-12-26 20:32:47,308 - INFO - HTTP Request: GET https://www.investing.com/news/stock-market-news/israel-stocks-lower-at-close-of-trade-ta-35-down-036-3788607 "HTTP/1.1 200 OK"
2024-12-26 20:33:08,053 - INFO - Scraping completed in 30.59 seconds
2024-12-26 20:33:08,053 - INFO - Scraped 35 articles.
2024-12-26 20:33:08,107 - ERROR - Failed to connect to the database.
