2024-12-15 09:02:27,300 - INFO - HTTP Request: GET https://www.moneycontrol.com/news/business/markets/page-1/ "HTTP/1.1 200 OK"
2024-12-15 09:02:28,366 - INFO - HTTP Request: GET https://www.moneycontrol.com/news/business/ipo/blackstone-panchshil-realty-s-ventive-hospitality-to-launch-rs-1-600-cr-ipo-on-dec-20-12890060.html "HTTP/1.1 200 OK"
2024-12-15 09:02:28,375 - INFO - HTTP Request: GET https://www.moneycontrol.com/news/business/ipo/innovision-refiles-draft-papers-for-ipo-fresh-issue-size-reduced-to-rs-255-crore-12889807.html "HTTP/1.1 200 OK"
2024-12-15 09:02:28,377 - INFO - HTTP Request: GET https://www.moneycontrol.com/news/trends/expert-columns/nifty-stuck-iron-fly-to-the-rescue-shubham-agarwal-12888941.html "HTTP/1.1 200 OK"
2024-12-15 09:02:28,383 - INFO - HTTP Request: GET https://www.moneycontrol.com/news/business/ipo/dealmaker-dharmesh-mehta-led-dam-capital-advisors-ipo-to-open-on-dec-19-files-rhp-12890059.html "HTTP/1.1 200 OK"
2024-12-15 09:02:28,397 - INFO - HTTP Request: GET https://www.moneycontrol.com/news/opinion/moneycontrol-pro-weekender-back-to-the-1930s-12889573.html "HTTP/1.1 200 OK"
2024-12-15 09:02:28,400 - INFO - HTTP Request: GET https://www.moneycontrol.com/news/business/markets/chartist-talks-sbi-securities-sudeep-shah-picks-2-nifty-stocks-for-next-week-but-advises-avoiding-this-fmcg-major-12889806.html "HTTP/1.1 200 OK"
2024-12-15 09:02:28,408 - INFO - HTTP Request: GET https://www.moneycontrol.com/news/business/markets/90-of-money-should-be-in-quality-stocks-ramesh-damani-s-formula-for-young-investors-12889888.html "HTTP/1.1 200 OK"
2024-12-15 09:02:28,417 - INFO - HTTP Request: GET https://www.moneycontrol.com/news/business/markets/bulk-deals-guardian-advisors-pvt-ltd-special-opportunity-fund-offloads-0-92-stake-in-noida-toll-bridge-company-12889795.html "HTTP/1.1 200 OK"
2024-12-15 09:02:28,424 - INFO - HTTP Request: GET https://www.moneycontrol.com/news/business/ipo/purple-united-sales-ipo-sees-148-9x-subscription-shares-to-debut-on-december-18-12889768.html "HTTP/1.1 200 OK"
2024-12-15 09:02:28,426 - INFO - HTTP Request: GET https://www.moneycontrol.com/news/business/stocks/broader-indices-underperform-but-these-smallcaps-gain-between-10-37-12889827.html "HTTP/1.1 200 OK"
2024-12-15 09:02:28,450 - INFO - HTTP Request: GET https://www.moneycontrol.com/news/business/ipo/yash-highvoltage-ipo-sees-10-46x-subscription-on-day-2-with-healthy-retail-nii-demand-12889635.html "HTTP/1.1 200 OK"
2024-12-15 09:02:28,453 - INFO - HTTP Request: GET https://www.moneycontrol.com/news/business/markets/consumption-stocks-crowd-pessimism-list-in-november-asian-paints-titan-britannia-among-top-ten-12889445.html "HTTP/1.1 200 OK"
2024-12-15 09:02:28,468 - INFO - HTTP Request: GET https://www.moneycontrol.com/news/business/markets/business-in-the-week-ahead-december-16-20-2024-12889571.html "HTTP/1.1 200 OK"
2024-12-15 09:02:28,476 - INFO - HTTP Request: GET https://www.moneycontrol.com/news/photos/business/markets/gainers-losers-10-stocks-that-moved-the-most-on-december-13-3-12889465.html "HTTP/1.1 200 OK"
2024-12-15 09:02:28,479 - INFO - HTTP Request: GET https://www.moneycontrol.com/news/business/markets/technical-view-holding-24-700-crucial-for-nifty-to-see-upward-journey-vix-at-2-month-low-12889498.html "HTTP/1.1 200 OK"
2024-12-15 09:02:28,990 - INFO - HTTP Request: GET https://www.moneycontrol.com/news/business/markets/sensex-nifty-rebound-from-sharp-losses-as-value-buying-lifts-sentiment-all-eyes-on-fed-policy-data-ahead-12889557.html "HTTP/1.1 200 OK"
2024-12-15 09:02:28,994 - INFO - HTTP Request: GET https://www.moneycontrol.com/news/photos/business/markets/market-extends-gain-in-fourth-week-it-telecom-realty-stocks-shine-12889826.html "HTTP/1.1 200 OK"
2024-12-15 09:02:29,004 - INFO - HTTP Request: GET https://www.moneycontrol.com/news/business/markets/sebi-relaxes-isin-restriction-for-issuers-looking-to-list-debt-securities-under-new-regulations-12889545.html "HTTP/1.1 200 OK"
2024-12-15 09:02:29,010 - INFO - HTTP Request: GET https://www.moneycontrol.com/news/business/ipo/supreme-facility-management-ipo-closes-with-25-71-times-subscription-shares-attract-30-gmp-12889757.html "HTTP/1.1 200 OK"
2024-12-15 09:02:29,021 - INFO - HTTP Request: GET https://www.moneycontrol.com/news/business/markets/mc-exclusive-expiry-day-volatility-sebi-s-ananth-narayan-says-watching-if-more-steps-need-to-be-taken-12889598.html "HTTP/1.1 200 OK"
2024-12-15 09:02:29,046 - INFO - HTTP Request: GET https://www.moneycontrol.com/news/business/markets/india-s-stock-market-growth-is-a-testament-to-investor-trust-in-indian-businesses-ashishkumar-chauhan-12889484.html "HTTP/1.1 200 OK"
2024-12-15 09:02:29,390 - INFO - HTTP Request: GET https://www.moneycontrol.com/news/business/markets/us-stocks-close-flat-as-nasdaq-extends-weekly-gains-s-p-500-and-dow-dip-12889825.html "HTTP/1.1 200 OK"
2024-12-15 09:02:29,394 - INFO - HTTP Request: GET https://www.investing.com/news/stock-market-news/1 "HTTP/1.1 307 Temporary Redirect"
2024-12-15 09:02:29,398 - INFO - HTTP Request: GET https://www.moneycontrol.com/news/business/markets/sebi-clarifies-that-corporate-debt-market-development-fund-is-cat-i-aif-12889577.html "HTTP/1.1 200 OK"
2024-12-15 09:02:29,404 - INFO - HTTP Request: GET https://www.moneycontrol.com/news/business/markets/bharti-airtel-clocks-best-week-in-three-months-on-bullish-jefferies-note-hexacom-shines-too-12889418.html "HTTP/1.1 200 OK"
2024-12-15 09:02:29,407 - INFO - HTTP Request: GET https://www.moneycontrol.com/news/business/markets/diis-net-sell-rs-732-crore-fiis-net-buy-rs-2-235-crore-12889716.html "HTTP/1.1 200 OK"
2024-12-15 09:02:35,485 - ERROR - Error occurred while scraping: 
2024-12-15 09:02:35,527 - INFO - HTTP Request: GET https://www.moneycontrol.com/news/business/markets/page-2/ "HTTP/1.1 200 OK"
2024-12-15 09:02:36,568 - INFO - HTTP Request: GET https://www.moneycontrol.com/news/business/markets/sebi-proposes-that-black-box-algo-providers-register-as-ras-keep-research-reports-12889460.html "HTTP/1.1 200 OK"
2024-12-15 09:02:36,596 - INFO - HTTP Request: GET https://www.moneycontrol.com/news/business/ipo/mobikwik-ipo-continues-to-garner-robust-subscription-sees-50x-bids-on-day-3-so-far-check-gmp-12889356.html "HTTP/1.1 200 OK"
2024-12-15 09:02:36,603 - INFO - HTTP Request: GET https://www.moneycontrol.com/news/business/markets/downside-ahead-nifty-may-re-test-october-lows-by-march-says-indiachart-s-rohit-srivastava-12889251.html "HTTP/1.1 200 OK"
2024-12-15 09:02:36,864 - INFO - HTTP Request: GET https://www.moneycontrol.com/news/business/markets/vodafone-idea-shares-gain-on-rs-55-000-crore-capex-plan-over-next-3-years-12889283.html "HTTP/1.1 200 OK"
2024-12-15 09:02:36,875 - INFO - HTTP Request: GET https://www.moneycontrol.com/news/business/markets/astra-microwave-products-stock-gains-6-after-jv-secures-rs-259-cr-defence-order-12889416.html "HTTP/1.1 200 OK"
2024-12-15 09:02:36,879 - INFO - HTTP Request: GET https://www.moneycontrol.com/news/business/markets/rate-cut-conundrum-cooling-india-inflation-meets-firm-us-inflation-clouding-investor-hopes-12889195.html "HTTP/1.1 200 OK"
2024-12-15 09:02:36,882 - INFO - HTTP Request: GET https://www.moneycontrol.com/news/videos/business/markets/live-nifty-sensex-see-solid-recovery-from-day-s-low-infosys-ioc-in-focus-closing-bell-12889425.html "HTTP/1.1 200 OK"
2024-12-15 09:02:36,885 - INFO - HTTP Request: GET https://www.moneycontrol.com/news/business/markets/brightcom-group-shares-q2-earnings-no-update-on-revocation-of-trading-suspension-12889174.html "HTTP/1.1 200 OK"
2024-12-15 09:02:36,889 - INFO - HTTP Request: GET https://www.moneycontrol.com/news/business/ipo/sai-life-sciences-ipo-issue-booked-1-3x-on-day-3-so-far-qib-portion-booked-3x-12889151.html "HTTP/1.1 200 OK"
2024-12-15 09:02:36,893 - INFO - HTTP Request: GET https://www.moneycontrol.com/news/business/ipo/vishal-mega-mart-ipo-subscription-crosses-2x-on-day-3-so-far-niis-lead-with-6x-bids-check-latest-gmp-12889234.html "HTTP/1.1 200 OK"
2024-12-15 09:02:36,895 - INFO - HTTP Request: GET https://www.moneycontrol.com/news/business/markets/waaree-energies-stock-snaps-7-day-winning-run-drops-4-as-profit-booking-kicks-in-12889172.html "HTTP/1.1 200 OK"
2024-12-15 09:02:36,904 - INFO - HTTP Request: GET https://www.moneycontrol.com/news/business/markets/quick-commerce-heats-up-can-zomato-s-blinkit-sustain-its-leadership-12889326.html "HTTP/1.1 200 OK"
2024-12-15 09:02:36,907 - INFO - HTTP Request: GET https://www.moneycontrol.com/news/business/markets/bharti-airtel-stock-surges-4-biggest-jump-in-7-weeks-12889278.html "HTTP/1.1 200 OK"
2024-12-15 09:02:37,585 - INFO - HTTP Request: GET https://www.moneycontrol.com/news/business/markets/carlyle-group-said-to-mull-1-billion-india-ipo-for-quest-global-12889304.html "HTTP/1.1 200 OK"
2024-12-15 09:02:37,587 - INFO - HTTP Request: GET https://www.moneycontrol.com/news/business/markets/u-turn-on-dalal-street-sensex-soars-over-2000-pts-from-intraday-lows-defying-early-losses-on-expiry-day-bank-telecom-lead-gains-12889313.html "HTTP/1.1 200 OK"
2024-12-15 09:02:37,591 - INFO - HTTP Request: GET https://www.moneycontrol.com/news/business/ipo/international-gemmological-ipo-subscription-status-today-issue-booked-3-so-far-retail-leads-check-latest-gmp-12889179.html "HTTP/1.1 200 OK"
2024-12-15 09:02:37,593 - INFO - HTTP Request: GET https://www.moneycontrol.com/news/business/markets/personal-finance-why-the-angst-against-sip-is-futile-12889189.html "HTTP/1.1 200 OK"
2024-12-15 09:02:37,596 - INFO - HTTP Request: GET https://www.moneycontrol.com/news/business/markets/ubs-bhanu-baweja-views-china-as-underrated-risk-for-india-s-stock-rally-12889322.html "HTTP/1.1 200 OK"
2024-12-15 09:02:37,872 - INFO - HTTP Request: GET https://www.moneycontrol.com/news/business/markets/mc-exclusive-mcx-hires-ey-to-investigate-ransomware-attack-on-brokerages-say-sources-12889331.html "HTTP/1.1 200 OK"
2024-12-15 09:02:37,875 - INFO - HTTP Request: GET https://www.moneycontrol.com/news/business/markets/sensex-nifty-drag-despite-inflation-cheer-us-fed-policy-fii-selling-among-key-factors-keeping-d-st-in-check-12889268.html "HTTP/1.1 200 OK"
2024-12-15 09:02:37,894 - INFO - HTTP Request: GET https://www.moneycontrol.com/news/business/markets/taking-stock-friday-blockbuster-sensex-nifty-recover-more-than-2-from-day-s-low-12889373.html "HTTP/1.1 200 OK"
2024-12-15 09:02:38,610 - INFO - HTTP Request: GET https://www.moneycontrol.com/news/business/markets/sebi-proposes-algo-norms-retail-to-get-self-developed-algos-registered-algo-providers-to-get-empanelled-12889397.html "HTTP/1.1 200 OK"
2024-12-15 09:02:38,846 - INFO - HTTP Request: GET https://www.moneycontrol.com/news/business/markets/mc-exclusive-brokerages-aps-facilitates-dabba-trading-to-make-up-for-business-lost-to-sebis-new-fo-norms-12889394.html "HTTP/1.1 200 OK"
2024-12-15 09:02:38,850 - INFO - HTTP Request: GET https://www.moneycontrol.com/news/business/markets/jefferies-predicts-nifty-to-hit-26-600-by-2025-end-unveils-top-stock-picks-12889223.html "HTTP/1.1 200 OK"
2024-12-15 09:02:38,877 - INFO - HTTP Request: GET https://www.moneycontrol.com/news/business/markets/sensex-nifty-erase-days-losses-it-fmcg-stocks-lead-sharp-recovery-12889203.html "HTTP/1.1 200 OK"
2024-12-15 09:02:43,042 - INFO - HTTP Request: GET https://www.moneycontrol.com/news/business/markets/page-3/ "HTTP/1.1 200 OK"
2024-12-15 09:02:44,310 - INFO - HTTP Request: GET https://www.moneycontrol.com/news/business/markets/daily-voice-omniscience-s-ashwini-shami-expects-double-digit-earnings-growth-in-2025-union-budget-to-fuel-market-rally-12889139.html "HTTP/1.1 200 OK"
2024-12-15 09:02:44,312 - INFO - HTTP Request: GET https://www.moneycontrol.com/news/india/it-employees-hold-candlelight-protest-outside-accenture-office-in-solidarity-with-atul-subhash-12889025.html "HTTP/1.1 200 OK"
2024-12-15 09:02:44,354 - INFO - HTTP Request: GET https://www.moneycontrol.com/news/business/markets/freaky-friday-at-d-street-sensex-crashes-1000-pts-nifty-below-24250-metal-stocks-drag-12889080.html "HTTP/1.1 200 OK"
2024-12-15 09:02:44,357 - INFO - HTTP Request: GET https://www.moneycontrol.com/news/business/markets/tata-motors-shares-fall-for-third-straight-day-after-commercial-vehicle-price-hike-12889102.html "HTTP/1.1 200 OK"
2024-12-15 09:02:44,363 - INFO - HTTP Request: GET https://www.moneycontrol.com/news/business/markets/bajel-projects-stock-zooms-10-after-order-win-from-solapur-transmission-12889148.html "HTTP/1.1 200 OK"
2024-12-15 09:02:44,367 - INFO - HTTP Request: GET https://www.moneycontrol.com/news/business/markets/could-cooling-november-inflation-cement-rbi-s-rate-cut-decision-firstcry-ceat-in-focus-12889060.html "HTTP/1.1 200 OK"
2024-12-15 09:02:44,601 - INFO - HTTP Request: GET https://www.moneycontrol.com/news/business/markets/metal-stocks-under-pressure-jsw-steel-tata-steel-nmdc-sail-drop-3-5-12889090.html "HTTP/1.1 200 OK"
2024-12-15 09:02:44,605 - INFO - HTTP Request: GET https://www.moneycontrol.com/news/business/markets/indian-oil-shares-rise-3-as-jefferies-upgrades-to-buy-sees-31-upside-12889085.html "HTTP/1.1 200 OK"
2024-12-15 09:02:44,608 - INFO - HTTP Request: GET https://www.moneycontrol.com/news/business/markets/china-vows-bigger-fiscal-spending-to-boost-consumption-next-year-12889036.html "HTTP/1.1 200 OK"
2024-12-15 09:02:44,612 - INFO - HTTP Request: GET https://www.moneycontrol.com/news/business/markets/brokerage-radar-ubs-cuts-indusind-s-target-price-jefferries-upgrades-indian-oil-to-buy-12889072.html "HTTP/1.1 200 OK"
2024-12-15 09:02:44,624 - INFO - HTTP Request: GET https://www.moneycontrol.com/news/business/ipo/vishal-mega-mart-ipo-last-day-today-here-are-key-risk-factors-to-consider-before-bidding-for-rs-8-000-crore-public-issue-12888663.html "HTTP/1.1 200 OK"
2024-12-15 09:02:44,627 - INFO - HTTP Request: GET https://www.moneycontrol.com/news/business/markets/kalpataru-projects-to-raise-rs-1-000-crore-through-a-qip-issue-price-at-rs-1-201-per-share-12889041.html "HTTP/1.1 200 OK"
2024-12-15 09:02:44,631 - INFO - HTTP Request: GET https://www.moneycontrol.com/news/business/stocks/crisil-shares-likely-to-extend-gain-on-fourth-day-on-picking-minority-stake-in-online-psb-loans-12888939.html "HTTP/1.1 200 OK"
2024-12-15 09:02:44,635 - INFO - HTTP Request: GET https://www.moneycontrol.com/news/business/markets/first-tick-here-are-the-top-global-cues-for-today-s-trade-9-12888724.html "HTTP/1.1 200 OK"
2024-12-15 09:02:44,638 - INFO - HTTP Request: GET https://www.moneycontrol.com/news/videos/business/markets/stocks-on-radar-hal-ashok-leyland-gr-infra-zomato-in-focus-december-13-update-12889127.html "HTTP/1.1 200 OK"
2024-12-15 09:02:44,642 - INFO - HTTP Request: GET https://www.moneycontrol.com/news/business/markets/hindustan-aeronautics-shares-in-focus-on-inking-pact-with-defence-ministry-to-supply-12-advanced-sukhoi-jets-12889054.html "HTTP/1.1 200 OK"
2024-12-15 09:02:44,654 - INFO - HTTP Request: GET https://www.moneycontrol.com/news/business/stocks/ashok-leyland-shares-in-focus-on-winning-order-worth-rs-345-58-crore-12888965.html "HTTP/1.1 200 OK"
2024-12-15 09:02:44,950 - INFO - HTTP Request: GET https://www.moneycontrol.com/news/opinion/november-retail-inflation-strengthens-case-for-february-rate-cut-12889065.html "HTTP/1.1 200 OK"
2024-12-15 09:02:44,956 - INFO - HTTP Request: GET https://www.moneycontrol.com/news/business/markets/ubs-flags-concerns-over-lenders-cuts-targets-on-au-small-finance-bank-axis-bank-indusind-bank-12889096.html "HTTP/1.1 200 OK"
2024-12-15 09:02:44,959 - INFO - HTTP Request: GET https://www.moneycontrol.com/news/videos/business/markets/live-will-nifty-hold-24-500-support-level-as-weakness-continues-hal-zomato-in-focus-opening-bell-12889079.html "HTTP/1.1 200 OK"
2024-12-15 09:02:44,961 - INFO - HTTP Request: GET https://www.moneycontrol.com/news/business/markets/nbcc-to-take-over-complete-16-pending-projects-of-supertech-over-three-years-12889061.html "HTTP/1.1 200 OK"
2024-12-15 09:02:44,964 - INFO - HTTP Request: GET https://www.moneycontrol.com/news/business/markets/zomato-shares-in-focus-as-gst-department-slaps-rs-803-4-crore-tax-notice-12889069.html "HTTP/1.1 200 OK"
2024-12-15 09:02:44,967 - INFO - HTTP Request: GET https://www.moneycontrol.com/news/opinion/biocon-biologics-success-in-biosimilars-points-to-the-future-pathway-for-indian-pharma-12889064.html "HTTP/1.1 200 OK"
2024-12-15 09:02:45,525 - INFO - HTTP Request: GET https://www.moneycontrol.com/news/opinion/india-s-private-healthcare-firms-to-drive-growth-but-will-hurt-affordability-12889159.html "HTTP/1.1 200 OK"
2024-12-15 09:02:46,509 - INFO - HTTP Request: GET https://www.moneycontrol.com/news/business/markets/stock-market-live-sensex-nifty-50-share-price-gift-nifty-latest-updates-13-12-2024-liveblog-12889034.html "HTTP/1.1 200 OK"
2024-12-15 09:02:51,809 - INFO - HTTP Request: GET https://www.moneycontrol.com/news/business/markets/page-4/ "HTTP/1.1 200 OK"
2024-12-15 09:02:52,862 - INFO - HTTP Request: GET https://www.moneycontrol.com/technology/xiaomi-s-103-rally-puts-ev-dark-horse-on-the-brink-of-new-record-high-article-12889029.html "HTTP/1.1 200 OK"
2024-12-15 09:02:52,893 - INFO - HTTP Request: GET https://www.moneycontrol.com/news/business/ipo/yash-highvoltage-ipo-fully-booked-on-day-1-with-healthy-demand-from-retail-nii-12888961.html "HTTP/1.1 200 OK"
2024-12-15 09:02:53,123 - INFO - HTTP Request: GET https://www.moneycontrol.com/news/business/markets/bulk-deals-godrej-industries-picks-up-1-07-stake-in-godrej-properties-12888892.html "HTTP/1.1 200 OK"
2024-12-15 09:02:53,127 - INFO - HTTP Request: GET https://www.moneycontrol.com/news/business/markets/gravita-india-s-rs-1-000-crore-qip-likely-next-week-funds-to-be-used-for-expansion-12888775.html "HTTP/1.1 200 OK"
2024-12-15 09:02:53,131 - INFO - HTTP Request: GET https://www.moneycontrol.com/news/business/markets/fiis-net-sell-shares-worth-rs-3-560-crore-diis-net-buy-rs-2-647-crore-12888855.html "HTTP/1.1 200 OK"
2024-12-15 09:02:53,134 - INFO - HTTP Request: GET https://www.moneycontrol.com/news/business/markets/trade-setup-for-friday-top-15-things-to-know-before-the-opening-bell-71-12888972.html "HTTP/1.1 200 OK"
2024-12-15 09:02:53,137 - INFO - HTTP Request: GET https://www.moneycontrol.com/news/business/markets/trading-plan-can-nifty-defend-24-500-bank-nifty-hold-above-53-000-amid-consolidation-12889012.html "HTTP/1.1 200 OK"
2024-12-15 09:02:53,140 - INFO - HTTP Request: GET https://www.moneycontrol.com/news/business/markets/zero-brokerage-isn-t-free-as-brokers-earn-from-float-says-sebi-s-ananth-narayan-12888957.html "HTTP/1.1 200 OK"
2024-12-15 09:02:53,143 - INFO - HTTP Request: GET https://www.moneycontrol.com/news/business/markets/stock-radar-hindustan-aeronautics-ashok-leyland-gr-infra-zomato-bajel-projects-yes-bank-blackbuck-in-focus-on-friday-12889009.html "HTTP/1.1 200 OK"
2024-12-15 09:02:53,145 - INFO - HTTP Request: GET https://www.moneycontrol.com/news/business/ipo/bluestone-jewellery-files-ipo-papers-plans-fresh-issue-size-of-rs-1-000-crore-12888759.html "HTTP/1.1 200 OK"
2024-12-15 09:02:53,148 - INFO - HTTP Request: GET https://www.moneycontrol.com/news/business/markets/nalco-shares-fall-7-amid-surge-in-global-alumina-prices-as-miner-south32-withdraws-mozambique-guidance-12888658.html "HTTP/1.1 200 OK"
2024-12-15 09:02:53,150 - INFO - HTTP Request: GET https://www.moneycontrol.com/news/business/ipo/jungle-camps-india-ipo-closes-with-460x-subscription-gmp-roars-ahead-of-listing-next-week-12888936.html "HTTP/1.1 200 OK"
2024-12-15 09:02:53,154 - INFO - HTTP Request: GET https://www.moneycontrol.com/news/business/ipo/international-gemmological-institute-mops-up-rs-1-900-crore-of-rs-4-225-crore-ipo-via-anchor-book-12888956.html "HTTP/1.1 200 OK"
2024-12-15 09:02:53,174 - INFO - HTTP Request: GET https://www.moneycontrol.com/news/videos/business/markets/live-nifty-slips-below-24-600-on-weekly-expiry-day-it-hits-record-high-closing-bell-12888644.html "HTTP/1.1 200 OK"
2024-12-15 09:02:53,185 - INFO - HTTP Request: GET https://www.moneycontrol.com/news/photos/business/markets/gainers-losers-10-stocks-that-moved-the-most-on-december-12-2-12888641.html "HTTP/1.1 200 OK"
2024-12-15 09:02:53,187 - INFO - HTTP Request: GET https://www.moneycontrol.com/news/business/markets/technical-view-selling-pressure-may-intensify-only-if-nifty-decisively-breaks-24-500-vix-at-8-week-low-12888731.html "HTTP/1.1 200 OK"
2024-12-15 09:02:53,228 - INFO - HTTP Request: GET https://www.moneycontrol.com/news/videos/business/markets/bajaj-housing-finance-waaree-energies-ceat-among-the-top-gainers-and-losers-in-trade-on-december-12-12888744.html "HTTP/1.1 200 OK"
2024-12-15 09:02:53,638 - INFO - HTTP Request: GET https://www.moneycontrol.com/news/currency/nomura-morgan-stanley-set-to-roll-out-currency-market-services-in-india-12888814.html "HTTP/1.1 200 OK"
2024-12-15 09:02:53,642 - INFO - HTTP Request: GET https://www.moneycontrol.com/technology/infosys-rheinenergie-partner-to-help-enterprises-drive-energy-transition-sustainability-article-12888664.html "HTTP/1.1 200 OK"
2024-12-15 09:02:53,665 - INFO - HTTP Request: GET https://www.moneycontrol.com/news/business/markets/taking-stock-nifty-at-24-550-sensex-sheds-236-pts-eyes-on-cpi-data-12888642.html "HTTP/1.1 200 OK"
2024-12-15 09:02:54,219 - INFO - HTTP Request: GET https://www.moneycontrol.com/news/business/world-gold-council-sees-modest-growth-in-2025-after-best-year-in-over-a-decade-12888879.html "HTTP/1.1 200 OK"
2024-12-15 09:02:54,222 - INFO - HTTP Request: GET https://www.moneycontrol.com/news/business/markets/china-signals-more-fiscal-stimulus-rate-cuts-to-boost-economy-12888765.html "HTTP/1.1 200 OK"
2024-12-15 09:02:54,224 - INFO - HTTP Request: GET https://www.moneycontrol.com/news/business/markets/ghcl-shares-close-6-higher-on-government-clearance-for-soda-ash-project-in-gujarat-12888651.html "HTTP/1.1 200 OK"
2024-12-15 09:02:54,226 - INFO - HTTP Request: GET https://www.moneycontrol.com/news/business/markets/trade-spotlight-how-should-you-trade-ltimindtree-jsw-steel-cyient-ghcl-muthoot-finance-ttml-and-others-on-friday-12889013.html "HTTP/1.1 200 OK"
2024-12-15 09:02:54,933 - INFO - HTTP Request: GET https://www.moneycontrol.com/news/business/ipo/toss-the-coin-ipo-sees-bumper-demand-on-final-day-with-952-56x-subscription-gmp-zooms-ahead-of-listing-12888916.html "HTTP/1.1 200 OK"
2024-12-15 09:02:59,353 - INFO - HTTP Request: GET https://www.moneycontrol.com/news/business/markets/page-5/ "HTTP/1.1 200 OK"
2024-12-15 09:03:00,449 - INFO - HTTP Request: GET https://www.moneycontrol.com/news/business/markets/steel-stocks-off-lows-after-minister-says-centre-considering-safeguard-duty-on-imports-12888517.html "HTTP/1.1 200 OK"
2024-12-15 09:03:00,462 - INFO - HTTP Request: GET https://www.moneycontrol.com/news/business/ipo/vishal-mega-mart-ipo-subscription-status-today-issue-booked-73-nii-quota-full-check-latest-gmp-12888291.html "HTTP/1.1 200 OK"
2024-12-15 09:03:00,471 - INFO - HTTP Request: GET https://www.moneycontrol.com/news/business/ipo/mobikwik-ipo-subscription-status-today-issue-booked-12x-retail-leads-with-43-subscription-so-far-check-latest-gmp-12888420.html "HTTP/1.1 200 OK"
2024-12-15 09:03:00,475 - INFO - HTTP Request: GET https://www.moneycontrol.com/news/business/markets/sensex-nifty-decline-ahead-of-india-cpi-data-weekly-f-o-expiry-energy-auto-stocks-drag-12888242.html "HTTP/1.1 200 OK"
2024-12-15 09:03:00,477 - INFO - HTTP Request: GET https://www.moneycontrol.com/news/business/markets/inventurus-knowledge-ipo-issue-subscribed-14-on-day-1-so-far-retail-investors-lead-12888415.html "HTTP/1.1 200 OK"
2024-12-15 09:03:00,492 - INFO - HTTP Request: GET https://www.moneycontrol.com/news/business/markets/sensex-nifty-end-lower-ahead-of-india-cpi-data-broader-markets-under-selling-pressure-12888425.html "HTTP/1.1 200 OK"
2024-12-15 09:03:00,780 - INFO - HTTP Request: GET https://www.moneycontrol.com/news/business/markets/mosl-recommends-a-buy-on-icici-bank-over-focus-on-profitable-growth-target-rs-1-550-12888342.html "HTTP/1.1 200 OK"
2024-12-15 09:03:00,786 - INFO - HTTP Request: GET https://www.moneycontrol.com/news/business/markets/waaree-energies-stock-gains-4-as-firm-bags-170-mw-solar-power-plant-project-12888192.html "HTTP/1.1 200 OK"
2024-12-15 09:03:00,788 - INFO - HTTP Request: GET https://www.moneycontrol.com/news/business/markets/india-s-most-expensive-security-propshare-platina-reit-dethrones-elcid-mrf-with-rs-10-45-lakh-price-tag-12888181.html "HTTP/1.1 200 OK"
2024-12-15 09:03:00,791 - INFO - HTTP Request: GET https://www.moneycontrol.com/news/business/markets/investors-are-falling-in-love-with-railway-stocks-all-over-again-will-they-be-betrayed-12888384.html "HTTP/1.1 200 OK"
2024-12-15 09:03:00,795 - INFO - HTTP Request: GET https://www.moneycontrol.com/news/business/markets/shakti-pumps-shares-jump-5-on-fresh-order-win-soar-400-in-2024-12888507.html "HTTP/1.1 200 OK"
2024-12-15 09:03:00,800 - INFO - HTTP Request: GET https://www.moneycontrol.com/news/business/markets/brainbees-solutions-shares-rise-4-as-kotak-securities-initiates-with-add-rating-12888142.html "HTTP/1.1 200 OK"
2024-12-15 09:03:00,804 - INFO - HTTP Request: GET https://www.moneycontrol.com/news/business/markets/ceat-shares-bounce-back-6-after-nuvama-motilal-oswal-assign-buy-following-camso-deal-12888179.html "HTTP/1.1 200 OK"
2024-12-15 09:03:00,810 - INFO - HTTP Request: GET https://www.moneycontrol.com/news/business/markets/hdfc-bank-gets-sebi-s-administrative-warning-over-merchant-banking-rules-assures-to-address-concerns-12888498.html "HTTP/1.1 200 OK"
2024-12-15 09:03:00,814 - INFO - HTTP Request: GET https://www.moneycontrol.com/news/business/markets/green-energy-players-adani-green-waaree-energies-hitachi-energy-torrent-power-surge-upto-7-12888626.html "HTTP/1.1 200 OK"
2024-12-15 09:03:00,834 - INFO - HTTP Request: GET https://www.moneycontrol.com/news/business/markets/adani-green-adani-power-other-adani-stocks-gain-up-to-7-group-m-cap-jumps-rs-27-000-crore-12888352.html "HTTP/1.1 200 OK"
2024-12-15 09:03:00,837 - INFO - HTTP Request: GET https://www.moneycontrol.com/news/business/ipo/emerald-tyre-manufacturers-shares-list-at-90-premium-over-ipo-price-on-nse-sme-12888144.html "HTTP/1.1 200 OK"
2024-12-15 09:03:00,848 - INFO - HTTP Request: GET https://www.moneycontrol.com/news/business/markets/how-the-post-pandemic-market-landscape-is-changing-12888249.html "HTTP/1.1 200 OK"
2024-12-15 09:03:01,105 - INFO - HTTP Request: GET https://www.moneycontrol.com/news/business/markets/godawari-power-stock-surges-to-record-high-inks-pact-with-gail-for-gas-supply-12888162.html "HTTP/1.1 200 OK"
2024-12-15 09:03:01,109 - INFO - HTTP Request: GET https://www.moneycontrol.com/news/opinion/not-too-hot-is-a-weak-justification-for-a-cut-12888382.html "HTTP/1.1 200 OK"
2024-12-15 09:03:01,374 - INFO - HTTP Request: GET https://www.moneycontrol.com/news/business/markets/l-t-stock-falls-for-third-straight-day-despite-macquarie-s-outperform-rating-12888209.html "HTTP/1.1 200 OK"
2024-12-15 09:03:01,377 - INFO - HTTP Request: GET https://www.moneycontrol.com/news/business/markets/zaggle-prepaid-rs-950-crore-qip-likely-in-next-two-weeks-12888329.html "HTTP/1.1 200 OK"
2024-12-15 09:03:01,379 - INFO - HTTP Request: GET https://www.moneycontrol.com/news/business/markets/financial-literacy-will-be-key-to-india-s-vision-for-2047-amfi-s-venkat-chalasani-12888370.html "HTTP/1.1 200 OK"
2024-12-15 09:03:01,839 - INFO - HTTP Request: GET https://www.moneycontrol.com/news/business/markets/infosys-techm-wipro-shares-at-52-week-high-as-nifty-it-soars-past-46-000-on-fed-rate-cut-hopes-12888208.html "HTTP/1.1 200 OK"
2024-12-15 09:03:01,842 - INFO - HTTP Request: GET https://www.moneycontrol.com/technology/tech-companies-use-advantageclub-ai-to-boost-retention-rate-for-over-15-lakh-employees-article-12888331.html "HTTP/1.1 200 OK"
2024-12-15 09:03:07,141 - INFO - HTTP Request: GET https://www.moneycontrol.com/news/business/markets/page-6/ "HTTP/1.1 200 OK"
2024-12-15 09:03:08,224 - INFO - HTTP Request: GET https://www.moneycontrol.com/news/business/markets/sensex-nifty-flat-ahead-of-india-cpi-data-it-stocks-shine-on-fed-rate-cut-hopes-12888068.html "HTTP/1.1 200 OK"
2024-12-15 09:03:08,247 - INFO - HTTP Request: GET https://www.moneycontrol.com/news/business/markets/concor-shares-sink-as-goldman-sachs-slashes-target-price-sees-17-downside-on-weak-volumes-12888122.html "HTTP/1.1 200 OK"
2024-12-15 09:03:08,261 - INFO - HTTP Request: GET https://www.moneycontrol.com/news/business/markets/vedanta-shares-gain-ahead-of-board-meeting-to-consider-4th-interim-dividend-12888115.html "HTTP/1.1 200 OK"
2024-12-15 09:03:08,264 - INFO - HTTP Request: GET https://www.moneycontrol.com/news/business/markets/gopal-snacks-shares-fall-8-amid-major-fire-at-manufacturing-unit-in-rajkot-12888152.html "HTTP/1.1 200 OK"
2024-12-15 09:03:08,502 - INFO - HTTP Request: GET https://www.moneycontrol.com/news/opinion/from-memes-to-markets-gen-z-is-redefining-the-future-12888105.html "HTTP/1.1 200 OK"
2024-12-15 09:03:08,504 - INFO - HTTP Request: GET https://www.moneycontrol.com/news/business/markets/neuland-labs-plunges-8-as-smallcap-world-fund-likely-exits-in-rs-780-cr-block-deal-12888136.html "HTTP/1.1 200 OK"
2024-12-15 09:03:08,507 - INFO - HTTP Request: GET https://www.moneycontrol.com/news/business/markets/nuvama-wealth-tanks-6-after-edelweiss-group-entities-likely-exit-via-rs-2-100-cr-block-deal-12888079.html "HTTP/1.1 200 OK"
2024-12-15 09:03:08,510 - INFO - HTTP Request: GET https://www.moneycontrol.com/news/business/markets/shriram-finance-stock-in-focus-after-selling-84-stake-in-housing-finance-arm-to-warburg-pincus-for-rs-3-929-crore-12888109.html "HTTP/1.1 200 OK"
2024-12-15 09:03:08,513 - INFO - HTTP Request: GET https://www.moneycontrol.com/news/business/markets/elon-musk-still-the-richest-person-in-history-first-in-world-with-net-worth-over-400-billion-powered-by-tesla-spacex-12888104.html "HTTP/1.1 200 OK"
2024-12-15 09:03:08,516 - INFO - HTTP Request: GET https://www.moneycontrol.com/news/business/markets/trade-spotlight-how-should-you-trade-hdfc-amc-tata-communications-lemon-tree-hotels-krbl-pcbl-irctc-and-others-on-thursday-12888029.html "HTTP/1.1 200 OK"
2024-12-15 09:03:08,519 - INFO - HTTP Request: GET https://www.moneycontrol.com/news/business/stocks/gland-pharma-shares-in-focus-on-usfda-approval-for-phytonadione-injectable-emulsion-12887916.html "HTTP/1.1 200 OK"
2024-12-15 09:03:08,522 - INFO - HTTP Request: GET https://www.moneycontrol.com/news/business/cryptocurrency/bitcoin-lifted-above-100-000-on-firming-expectations-of-fed-cut-12888071.html "HTTP/1.1 200 OK"
2024-12-15 09:03:08,525 - INFO - HTTP Request: GET https://www.moneycontrol.com/news/business/markets/first-tick-here-are-the-top-global-cues-for-today-s-trade-8-12887580.html "HTTP/1.1 200 OK"
2024-12-15 09:03:09,303 - INFO - HTTP Request: GET https://www.moneycontrol.com/news/business/stocks/acme-solar-holdings-shares-in-focus-post-250-mw-project-win-from-nhpc-12887917.html "HTTP/1.1 200 OK"
2024-12-15 09:03:09,309 - INFO - HTTP Request: GET https://www.moneycontrol.com/news/business/markets/centre-considering-duty-relief-for-domestic-aluminium-manufacturers-cnbc-awaaz-12888086.html "HTTP/1.1 200 OK"
2024-12-15 09:03:09,315 - INFO - HTTP Request: GET https://www.moneycontrol.com/news/business/markets/short-call-where-to-find-value-in-a-pricey-market-pnc-infra-avenue-supermarts-in-focus-12887840.html "HTTP/1.1 200 OK"
2024-12-15 09:03:09,324 - INFO - HTTP Request: GET https://www.moneycontrol.com/news/ipo/ipo-ipo/iks-health-ipo-is-it-a-healthy-addition-to-your-portfolio-12888118.html "HTTP/1.1 200 OK"
2024-12-15 09:03:09,327 - INFO - HTTP Request: GET https://www.moneycontrol.com/news/opinion/lic-s-losing-streak-in-retail-insurance-business-doesn-t-seem-to-end-12888070.html "HTTP/1.1 200 OK"
2024-12-15 09:03:09,332 - INFO - HTTP Request: GET https://www.moneycontrol.com/news/business/ipo/ipo-gmp-today-vishal-mega-mart-vs-mobikwik-vs-sai-lifesciences-subscription-updates-other-key-details-12887811.html "HTTP/1.1 200 OK"
2024-12-15 09:03:09,335 - INFO - HTTP Request: GET https://www.moneycontrol.com/news/business/markets/daily-voice-wallfort-s-vijay-bharadia-bets-on-these-5-themes-that-positioned-for-significant-growth-in-2025-12888027.html "HTTP/1.1 200 OK"
2024-12-15 09:03:09,337 - INFO - HTTP Request: GET https://www.moneycontrol.com/news/business/markets/brokerage-radar-goldman-sachs-cuts-concors-target-hsbc-maintains-hold-on-oberoi-realty-12888058.html "HTTP/1.1 200 OK"
2024-12-15 09:03:09,347 - INFO - HTTP Request: GET https://www.moneycontrol.com/news/business/markets/consumer-firms-to-see-weak-volumes-in-q3-titan-remains-top-bet-macquarie-12888075.html "HTTP/1.1 200 OK"
2024-12-15 09:03:09,367 - INFO - HTTP Request: GET https://www.moneycontrol.com/news/business/markets/inflation-gives-fed-green-light-for-cut-in-december-12888065.html "HTTP/1.1 200 OK"
2024-12-15 09:03:09,371 - INFO - HTTP Request: GET https://www.moneycontrol.com/news/business/ipo/bajaj-housing-finance-stock-in-focus-as-three-month-lock-in-period-ends-12-6-crore-shares-available-to-trade-12888054.html "HTTP/1.1 200 OK"
2024-12-15 09:03:10,624 - INFO - HTTP Request: GET https://www.moneycontrol.com/news/business/markets/stock-market-live-sensex-nifty-50-share-price-gift-nifty-latest-updates-12-12-2024-liveblog-12888053.html "HTTP/1.1 200 OK"
2024-12-15 09:03:16,184 - INFO - HTTP Request: GET https://www.moneycontrol.com/news/business/markets/page-7/ "HTTP/1.1 200 OK"
2024-12-15 09:03:17,284 - INFO - HTTP Request: GET https://www.moneycontrol.com/news/business/markets/bulk-deals-uti-aditya-birla-nippon-buys-stakes-in-awfis-space-solutions-12887986.html "HTTP/1.1 200 OK"
2024-12-15 09:03:17,287 - INFO - HTTP Request: GET https://www.moneycontrol.com/news/business/markets/trading-plan-are-nifty-bank-nifty-ready-to-break-higher-after-4-days-of-consolidation-12888028.html "HTTP/1.1 200 OK"
2024-12-15 09:03:17,297 - INFO - HTTP Request: GET https://www.moneycontrol.com/news/business/ipo/rekha-jhunjhunwala-backed-inventurus-knowledge-solutions-raises-rs-1-120-crore-via-anchor-book-rs-2-498-crore-ipo-opens-on-december-12-12887961.html "HTTP/1.1 200 OK"
2024-12-15 09:03:17,301 - INFO - HTTP Request: GET https://www.moneycontrol.com/news/business/markets/trade-setup-for-thursday-top-15-things-to-know-before-the-opening-bell-74-12887990.html "HTTP/1.1 200 OK"
2024-12-15 09:03:17,309 - INFO - HTTP Request: GET https://www.moneycontrol.com/news/business/markets/stock-radar-nuvama-wealth-acme-solar-reliance-power-varroc-engineering-strides-pharma-waaree-energies-shriram-finance-in-focus-on-thursday-12888026.html "HTTP/1.1 200 OK"
2024-12-15 09:03:17,364 - INFO - HTTP Request: GET https://www.moneycontrol.com/news/business/ipo/vishal-mega-mart-ipo-price-band-bid-details-allotment-listing-date-all-you-need-to-know-about-rs-8-000-cr-issue-12887553.html "HTTP/1.1 200 OK"
2024-12-15 09:03:17,369 - INFO - HTTP Request: GET https://www.moneycontrol.com/news/business/markets/analyst-call-tracker-analysts-remain-optimistic-on-adani-ports-and-sez-on-operational-efficiency-and-growth-in-port-volumes-12887952.html "HTTP/1.1 200 OK"
2024-12-15 09:03:17,374 - INFO - HTTP Request: GET https://www.moneycontrol.com/news/business/ipo/sai-life-sciences-ipo-issue-subscribed-66-on-day-1-so-far-qibs-lead-12887635.html "HTTP/1.1 200 OK"
2024-12-15 09:03:17,377 - INFO - HTTP Request: GET https://www.moneycontrol.com/news/business/markets/renew-energy-to-buy-out-us-listed-shares-top-shareholders-launch-non-binding-offer-12887578.html "HTTP/1.1 200 OK"
2024-12-15 09:03:17,380 - INFO - HTTP Request: GET https://www.moneycontrol.com/news/business/ipo/retail-rivals-vishal-mega-mart-s-growth-story-takes-on-dmart-s-legacy-12887564.html "HTTP/1.1 200 OK"
2024-12-15 09:03:17,385 - INFO - HTTP Request: GET https://www.moneycontrol.com/news/business/ipo/transrail-lighting-ipo-to-open-on-december-19-trading-in-shares-to-start-on-december-27-12887856.html "HTTP/1.1 200 OK"
2024-12-15 09:03:17,389 - INFO - HTTP Request: GET https://www.moneycontrol.com/news/business/ipo/vishal-mega-mart-plans-quick-commerce-rollout-ceo-says-well-funded-for-expansion-12887818.html "HTTP/1.1 200 OK"
2024-12-15 09:03:17,394 - INFO - HTTP Request: GET https://www.moneycontrol.com/news/business/markets/gainers-losers-10-stocks-that-moved-the-most-on-december-11-2-12887640.html "HTTP/1.1 200 OK"
2024-12-15 09:03:17,398 - INFO - HTTP Request: GET https://www.moneycontrol.com/news/business/markets/rupee-declines-to-lifetime-low-hurt-by-weak-yuan-ndf-dollar-bids-12887800.html "HTTP/1.1 200 OK"
2024-12-15 09:03:17,400 - INFO - HTTP Request: GET https://www.moneycontrol.com/news/business/markets/technical-view-nifty-closes-above-24-600-in-rangebound-session-crucial-support-lies-at-24-500-12887718.html "HTTP/1.1 200 OK"
2024-12-15 09:03:17,428 - INFO - HTTP Request: GET https://www.moneycontrol.com/news/business/markets/rise-of-domestic-investors-does-not-mean-we-do-not-need-foreign-capital-sebi-s-ananth-narayan-12887665.html "HTTP/1.1 200 OK"
2024-12-15 09:03:17,430 - INFO - HTTP Request: GET https://www.moneycontrol.com/news/business/markets/sammaan-capital-to-seek-shareholders-nod-qip-of-up-to-rs-2-500-crore-12887932.html "HTTP/1.1 200 OK"
2024-12-15 09:03:17,461 - INFO - HTTP Request: GET https://www.moneycontrol.com/news/business/markets/fiis-net-sell-to-the-tune-of-rs-1-012-crore-diis-step-in-to-net-buy-rs-2-007-crore-in-shares-12887854.html "HTTP/1.1 200 OK"
2024-12-15 09:03:17,541 - INFO - HTTP Request: GET https://www.moneycontrol.com/news/business/markets/bajaj-finance-shares-soar-3-as-investors-digest-nbfc-s-pivot-to-ai-and-megatrends-12887611.html "HTTP/1.1 200 OK"
2024-12-15 09:03:17,804 - INFO - HTTP Request: GET https://www.moneycontrol.com/news/videos/business/markets/live-nifty-stuck-in-a-range-holds-24-600-for-now-dmart-cement-in-focus-closing-bell-12887666.html "HTTP/1.1 200 OK"
2024-12-15 09:03:17,811 - INFO - HTTP Request: GET https://www.moneycontrol.com/news/business/ipo/mobikwik-ceo-says-focused-on-profitable-growth-reinvesting-margins-for-expansion-12887754.html "HTTP/1.1 200 OK"
2024-12-15 09:03:17,814 - INFO - HTTP Request: GET https://www.moneycontrol.com/news/business/markets/sensex-nifty-close-flat-ahead-of-us-inflation-data-it-auto-stocks-gain-12887552.html "HTTP/1.1 200 OK"
2024-12-15 09:03:17,824 - INFO - HTTP Request: GET https://www.moneycontrol.com/news/business/ipo/dhanlaxmi-crop-science-ipo-bought-529x-on-final-day-gmp-signals-strong-listing-next-week-12887944.html "HTTP/1.1 200 OK"
2024-12-15 09:03:20,096 - INFO - HTTP Request: GET https://www.moneycontrol.com/news/business/markets/analyst-call-tracker-hero-motocorp-eicher-see-most-upgrades-but-tata-motors-faces-heat-12887409.html "HTTP/1.1 200 OK"
2024-12-15 09:03:20,107 - INFO - HTTP Request: GET https://www.moneycontrol.com/news/business/markets/nuvama-wealth-block-trade-edelweiss-group-entities-launch-around-204-mn-deal-eyeing-complete-exit-12887899.html "HTTP/1.1 200 OK"
2024-12-15 09:03:26,022 - INFO - HTTP Request: GET https://www.moneycontrol.com/news/business/markets/page-8/ "HTTP/1.1 200 OK"
2024-12-15 09:03:27,101 - INFO - HTTP Request: GET https://www.moneycontrol.com/news/business/markets/bharat-global-bags-agri-supply-contract-from-tata-agro-stock-up-5-after-multi-bagger-return-in-2024-12887551.html "HTTP/1.1 200 OK"
2024-12-15 09:03:27,423 - INFO - HTTP Request: GET https://www.moneycontrol.com/news/business/ipo/travel-food-services-files-draft-papers-with-sebi-to-raise-rs-2-000-crore-via-ipo-12887303.html "HTTP/1.1 200 OK"
2024-12-15 09:03:27,426 - INFO - HTTP Request: GET https://www.moneycontrol.com/news/business/markets/ambit-retains-zomato-as-its-core-holding-in-dec-says-business-model-only-partly-imitable-by-swiggy-zepto-12887319.html "HTTP/1.1 200 OK"
2024-12-15 09:03:27,429 - INFO - HTTP Request: GET https://www.moneycontrol.com/news/business/ipo/vishal-mega-mart-ipo-subscribed-17-in-first-two-hours-on-day-1-retail-nii-lead-12887466.html "HTTP/1.1 200 OK"
2024-12-15 09:03:27,432 - INFO - HTTP Request: GET https://www.moneycontrol.com/news/business/markets/brokers-continuing-association-with-us-closely-reviewing-their-security-levels-comtel-after-ransomware-attack-12887558.html "HTTP/1.1 200 OK"
2024-12-15 09:03:27,435 - INFO - HTTP Request: GET https://www.moneycontrol.com/news/business/markets/iti-shares-dive-7-as-profit-booking-seeps-in-from-record-high-12887436.html "HTTP/1.1 200 OK"
2024-12-15 09:03:27,439 - INFO - HTTP Request: GET https://www.moneycontrol.com/news/business/markets/analyst-call-tracker-it-stocks-take-lead-in-upgrades-amid-green-shoots-of-recovery-12887300.html "HTTP/1.1 200 OK"
2024-12-15 09:03:27,442 - INFO - HTTP Request: GET https://www.moneycontrol.com/news/business/markets/gold-etfs-see-nearly-3x-surge-in-inflows-amid-strong-investor-demand-and-global-uncertainty-12887506.html "HTTP/1.1 200 OK"
2024-12-15 09:03:27,446 - INFO - HTTP Request: GET https://www.moneycontrol.com/news/business/markets/pnc-infra-logs-biggest-gain-in-six-months-skyrockets-12-on-bagging-early-completion-bonus-12887349.html "HTTP/1.1 200 OK"
2024-12-15 09:03:27,449 - INFO - HTTP Request: GET https://www.moneycontrol.com/news/business/markets/inoxgfl-group-forays-into-solar-cells-and-modules-with-rs-1-500-crore-capex-over-two-years-12887498.html "HTTP/1.1 200 OK"
2024-12-15 09:03:27,453 - INFO - HTTP Request: GET https://www.moneycontrol.com/news/business/markets/hg-infra-shares-soar-5-on-new-order-win-worth-rs-763-crore-12887281.html "HTTP/1.1 200 OK"
2024-12-15 09:03:27,458 - INFO - HTTP Request: GET https://www.moneycontrol.com/news/business/markets/mishtann-foods-stock-snaps-3-day-losing-streak-as-2-3-equity-exchanged-in-a-block-deal-12887373.html "HTTP/1.1 200 OK"
2024-12-15 09:03:27,461 - INFO - HTTP Request: GET https://www.moneycontrol.com/news/business/markets/sensex-nifty-open-flat-as-investors-eye-us-inflation-data-auto-stocks-accelerate-12887264.html "HTTP/1.1 200 OK"
2024-12-15 09:03:27,464 - INFO - HTTP Request: GET https://www.moneycontrol.com/news/business/markets/indian-overseas-bank-shares-rise-on-receive-it-refund-of-rs-1-359-crore-for-ay15-16-12887293.html "HTTP/1.1 200 OK"
2024-12-15 09:03:27,467 - INFO - HTTP Request: GET https://www.moneycontrol.com/news/business/markets/awfis-space-solutions-block-deal-12-equity-changes-hands-peak-xv-bisque-likely-sellers-12887268.html "HTTP/1.1 200 OK"
2024-12-15 09:03:27,471 - INFO - HTTP Request: GET https://www.moneycontrol.com/news/business/markets/asian-granito-stock-zooms-11-as-firm-sets-up-jv-with-shudh-investments-and-uk-s-klyn-stone-12887385.html "HTTP/1.1 200 OK"
2024-12-15 09:03:27,498 - INFO - HTTP Request: GET https://www.moneycontrol.com/news/videos/business/ipo/live-vishal-mega-mart-ipo-opens-management-on-growth-expansion-plans-ipo-watch-12887381.html "HTTP/1.1 200 OK"
2024-12-15 09:03:27,502 - INFO - HTTP Request: GET https://www.moneycontrol.com/news/opinion/investors-need-to-keep-an-eye-on-ukraine-12887525.html "HTTP/1.1 200 OK"
2024-12-15 09:03:28,619 - INFO - HTTP Request: GET https://www.moneycontrol.com/news/opinion/why-real-estate-majors-are-flocking-to-mumbai-s-redevelopment-market-12887408.html "HTTP/1.1 200 OK"
2024-12-15 09:03:29,570 - INFO - HTTP Request: GET https://www.moneycontrol.com/news/business/markets/tata-trusts-continues-to-oppose-sp-group-s-plan-to-transfer-tata-sons-pledged-shares-for-loan-refinancing-report-12887295.html "HTTP/1.1 200 OK"
2024-12-15 09:03:29,573 - INFO - HTTP Request: GET https://www.moneycontrol.com/news/business/ipo/mobikwik-ipo-fully-subscribed-within-first-hour-on-day-1-retail-portion-booked-5x-12887422.html "HTTP/1.1 200 OK"
2024-12-15 09:03:29,576 - INFO - HTTP Request: GET https://www.moneycontrol.com/news/business/markets/sensex-nifty-marginally-up-ahead-of-us-inflation-data-broader-markets-outperform-12887410.html "HTTP/1.1 200 OK"
2024-12-15 09:03:31,018 - INFO - HTTP Request: GET https://www.moneycontrol.com/news/business/ipo/nisus-finance-services-shares-list-at-25-premium-over-ipo-price-on-bse-sme-12887327.html "HTTP/1.1 200 OK"
2024-12-15 09:03:31,022 - INFO - HTTP Request: GET https://www.moneycontrol.com/news/business/markets/syngene-international-stock-extends-gains-to-second-day-surges-4-12887527.html "HTTP/1.1 200 OK"
2024-12-15 09:03:31,025 - INFO - HTTP Request: GET https://www.moneycontrol.com/news/business/markets/swiggy-shares-drop-4-amid-profit-booking-kicks-as-anchor-lock-in-expires-12887314.html "HTTP/1.1 200 OK"
2024-12-15 09:03:34,055 - INFO - HTTP Request: GET https://www.moneycontrol.com/news/business/markets/page-9/ "HTTP/1.1 200 OK"
2024-12-15 09:03:35,144 - INFO - HTTP Request: GET https://www.moneycontrol.com/news/business/mutual-funds/sip-stoppage-ratio-climbs-to-third-highest-level-ever-in-november-12887292.html "HTTP/1.1 200 OK"
2024-12-15 09:03:35,147 - INFO - HTTP Request: GET https://www.moneycontrol.com/news/opinion/india-s-manufacturing-future-forging-a-new-path-and-role-of-markets-ecosystem-12887176.html "HTTP/1.1 200 OK"
2024-12-15 09:03:35,149 - INFO - HTTP Request: GET https://www.moneycontrol.com/news/videos/business/markets/live-nifty-stuck-in-a-range-break-above-24-750-key-to-watch-cement-firms-in-focus-opening-bell-12887269.html "HTTP/1.1 200 OK"
2024-12-15 09:03:35,171 - INFO - HTTP Request: GET https://www.moneycontrol.com/news/business/markets/morepen-labs-forays-into-obesity-market-with-nutrition-products-and-health-tracking-app-12887245.html "HTTP/1.1 200 OK"
2024-12-15 09:03:35,198 - INFO - HTTP Request: GET https://www.moneycontrol.com/news/business/markets/short-call-is-quick-commerce-turning-into-the-street-s-new-darling-swiggy-mphasis-waree-energies-in-focus-12887248.html "HTTP/1.1 200 OK"
2024-12-15 09:03:35,208 - INFO - HTTP Request: GET https://www.moneycontrol.com/news/business/markets/shriram-amc-allots-rs-105-crore-of-preferential-shares-to-sanlam-em-triggering-open-offer-for-26-stake-by-promoters-12887279.html "HTTP/1.1 200 OK"
2024-12-15 09:03:35,467 - INFO - HTTP Request: GET https://www.moneycontrol.com/news/business/stocks/saakshi-medtech-shares-in-focus-on-winning-order-worth-rs-250-crore-12887137.html "HTTP/1.1 200 OK"
2024-12-15 09:03:35,475 - INFO - HTTP Request: GET https://www.moneycontrol.com/news/business/ipo/tpg-backed-sai-life-sciences-mops-up-rs-913-crore-via-anchor-book-rs-3-043-crore-ipo-to-open-for-public-on-december-11-12887143.html "HTTP/1.1 200 OK"
2024-12-15 09:03:35,478 - INFO - HTTP Request: GET https://www.moneycontrol.com/news/business/ipo/vishal-mega-mart-s-rs-8-000-cr-ipo-opens-today-should-you-subscribe-check-analyst-recommendations-latest-gmp-12886977.html "HTTP/1.1 200 OK"
2024-12-15 09:03:35,485 - INFO - HTTP Request: GET https://www.moneycontrol.com/news/business/stocks/ntpc-green-energy-shares-in-focus-on-bagging-order-to-set-up-energy-storage-system-12887138.html "HTTP/1.1 200 OK"
2024-12-15 09:03:35,490 - INFO - HTTP Request: GET https://www.moneycontrol.com/news/business/markets/goldman-sachs-trims-target-price-on-dmart-amid-increasing-competition-sees-10-downside-12887259.html "HTTP/1.1 200 OK"
2024-12-15 09:03:35,495 - INFO - HTTP Request: GET https://www.moneycontrol.com/news/business/markets/stock-radar-awfis-space-iob-hg-infra-saakshi-medtech-ntpc-green-energy-asahi-india-glass-in-focus-on-wednesday-12887204.html "HTTP/1.1 200 OK"
2024-12-15 09:03:35,498 - INFO - HTTP Request: GET https://www.moneycontrol.com/news/business/ipo/jungle-camps-india-ipo-on-day-1-issue-subscribed-33-58-times-retail-portion-booked-62x-12887050.html "HTTP/1.1 200 OK"
2024-12-15 09:03:35,780 - INFO - HTTP Request: GET https://www.moneycontrol.com/news/business/markets/mc-exclusive-sebi-conducts-search-and-seizure-operations-at-mansi-share-sunshine-capital-12887175.html "HTTP/1.1 200 OK"
2024-12-15 09:03:35,782 - INFO - HTTP Request: GET https://www.moneycontrol.com/news/business/markets/brokerage-radar-goldman-sachs-cuts-avenue-supermart-target-hsbc-starts-pb-fintech-coverage-with-buy-12887262.html "HTTP/1.1 200 OK"
2024-12-15 09:03:35,793 - INFO - HTTP Request: GET https://www.moneycontrol.com/news/opinion/rbi-policy-has-an-unintended-consequence-arbitrage-and-an-intended-one-boosting-bank-margins-12887286.html "HTTP/1.1 200 OK"
2024-12-15 09:03:35,800 - INFO - HTTP Request: GET https://www.moneycontrol.com/news/business/markets/trade-spotlight-how-should-you-trade-nuvama-wealth-zen-technologies-nippon-life-ujjivan-sfb-srf-poly-medicure-and-others-on-wednesday-12887214.html "HTTP/1.1 200 OK"
2024-12-15 09:03:35,804 - INFO - HTTP Request: GET https://www.moneycontrol.com/news/business/ipo/mobikwik-mobilises-over-rs-257-crore-via-anchor-book-of-rs-572-crore-ipo-12887127.html "HTTP/1.1 200 OK"
2024-12-15 09:03:37,066 - INFO - HTTP Request: GET https://www.moneycontrol.com/news/business/markets/daily-voice-stay-away-from-nbfc-sector-as-rough-tide-not-yet-over-says-motilal-oswal-s-ankit-mandholia-12887225.html "HTTP/1.1 200 OK"
2024-12-15 09:03:37,068 - INFO - HTTP Request: GET https://www.moneycontrol.com/news/business/markets/first-tick-here-are-the-top-global-cues-for-today-s-trade-7-12886885.html "HTTP/1.1 200 OK"
2024-12-15 09:03:37,072 - INFO - HTTP Request: GET https://www.moneycontrol.com/news/business/markets/trading-plan-can-nifty-manage-to-sustain-above-24-600-bank-nifty-hold-above-53-300-12887215.html "HTTP/1.1 200 OK"
2024-12-15 09:03:37,075 - INFO - HTTP Request: GET https://www.moneycontrol.com/news/business/ipo/vishal-mega-mart-rs-8-000-crore-ipo-institutional-investors-pick-rs-2-400-crore-worth-shares-via-anchor-book-12887120.html "HTTP/1.1 200 OK"
2024-12-15 09:03:37,077 - INFO - HTTP Request: GET https://www.moneycontrol.com/news/business/markets/cement-stocks-in-focus-as-dealers-hike-prices-clsa-picks-ultratech-cement-as-top-bet-12887265.html "HTTP/1.1 200 OK"
2024-12-15 09:03:37,393 - INFO - HTTP Request: GET https://www.moneycontrol.com/news/business/markets/stock-market-live-sensex-nifty-50-share-price-gift-nifty-latest-updates-11-12-2024-liveblog-12887239.html "HTTP/1.1 200 OK"
2024-12-15 09:03:37,396 - INFO - HTTP Request: GET https://www.moneycontrol.com/news/business/markets/trade-setup-for-wednesday-top-15-things-to-know-before-the-opening-bell-73-12887157.html "HTTP/1.1 200 OK"
2024-12-15 09:03:43,558 - INFO - Scraping completed in 76.37 seconds
2024-12-15 09:03:43,558 - INFO - Scraped 225 articles.
2024-12-15 09:03:43,898 - INFO - Data insertion completed. 174 new records inserted, 51 records skipped due to conflict. Total time: 0.24 seconds.
