2024-12-16 23:16:05,470 - INFO - HTTP Request: GET https://www.investing.com/news/stock-market-news/1 "HTTP/1.1 307 Temporary Redirect"
2024-12-16 23:16:06,170 - INFO - HTTP Request: GET https://www.investing.com/news/stock-market-news/2 "HTTP/1.1 200 OK"
2024-12-16 23:16:15,040 - INFO - HTTP Request: GET https://www.investing.com/news/stock-market-news/enovix-shares-drop-as-co-seeks-new-cfo-after-farhan-ahmad-departs-93CH-3774890 "HTTP/1.1 200 OK"
2024-12-16 23:16:15,098 - INFO - HTTP Request: GET https://www.investing.com/news/stock-market-news/larimar-therapeutics-stock-plunges-on-clinical-study-concerns-93CH-3774888 "HTTP/1.1 200 OK"
2024-12-16 23:16:15,117 - INFO - HTTP Request: GET https://www.investing.com/news/stock-market-news/blackberry-shares-surge-15-on-arctic-wolf-asset-acquisition-deal-93CH-3774837 "HTTP/1.1 200 OK"
2024-12-16 23:16:15,173 - INFO - HTTP Request: GET https://www.investing.com/news/stock-market-news/bitcoin-buyer-microstrategy-jumps-on-nasdaq-100-entry-3773587 "HTTP/1.1 200 OK"
2024-12-16 23:16:15,245 - INFO - HTTP Request: GET https://www.investing.com/news/stock-market-news/tsx-slips-as-finance-minister-freeland-steps-down-93CH-3774847 "HTTP/1.1 200 OK"
2024-12-16 23:16:15,463 - INFO - HTTP Request: GET https://www.investing.com/news/stock-market-news/norway-stocks-lower-at-close-of-trade-oslo-obx-down-098-3774883 "HTTP/1.1 200 OK"
2024-12-16 23:16:15,495 - INFO - HTTP Request: GET https://www.investing.com/news/stock-market-news/jana-urges-lamb-weston-board-to-fix-company-or-put-itself-up-for-sale-3774689 "HTTP/1.1 200 OK"
2024-12-16 23:16:15,528 - INFO - HTTP Request: GET https://www.investing.com/news/stock-market-news/vw-labour-representative-hopes-for-compromise-before-christmas-3773654 "HTTP/1.1 200 OK"
2024-12-16 23:16:15,584 - INFO - HTTP Request: GET https://www.investing.com/news/stock-market-news/honeywell-considers-separation-of-aerospace-business-3773879 "HTTP/1.1 200 OK"
2024-12-16 23:16:15,603 - INFO - HTTP Request: GET https://www.investing.com/news/stock-market-news/greece-stocks-lower-at-close-of-trade-athens-general-composite-down-033-3774868 "HTTP/1.1 200 OK"
2024-12-16 23:16:15,766 - INFO - HTTP Request: GET https://www.investing.com/news/stock-market-news/israel-stocks-higher-at-close-of-trade-ta-35-up-119-3774870 "HTTP/1.1 200 OK"
2024-12-16 23:16:15,823 - INFO - HTTP Request: GET https://www.investing.com/news/stock-market-news/lamborghini-delays-first-ev-launch-to-2029-as-market-not-ready-ceo-says-3773885 "HTTP/1.1 200 OK"
2024-12-16 23:16:16,037 - INFO - HTTP Request: GET https://www.investing.com/news/stock-market-news/turkey-stocks-lower-at-close-of-trade-bist-100-down-126-3774825 "HTTP/1.1 200 OK"
2024-12-16 23:16:16,062 - INFO - HTTP Request: GET https://www.investing.com/news/stock-market-news/wells-fargo-cuts-nike-price-target-on-weak-demand-3774805 "HTTP/1.1 200 OK"
2024-12-16 23:16:16,122 - INFO - HTTP Request: GET https://www.investing.com/news/stock-market-news/phillips-66-outlines-capital-budget-sells-pipeline-stake-93CH-3774885 "HTTP/1.1 200 OK"
2024-12-16 23:16:16,135 - INFO - HTTP Request: GET https://www.investing.com/news/stock-market-news/international-domestic-insurers-push-into-catastrophehit-us-property-markets-3774085 "HTTP/1.1 200 OK"
2024-12-16 23:16:16,167 - INFO - HTTP Request: GET https://www.investing.com/news/economy-news/futures-tick-higher-as-traders-brace-for-fed-datapacked-week-3773903 "HTTP/1.1 200 OK"
2024-12-16 23:16:16,188 - INFO - HTTP Request: GET https://www.investing.com/news/stock-market-news/groupe-dynamite-attracts-buy-ratings-from-wall-street-analysts-93CH-3774829 "HTTP/1.1 200 OK"
2024-12-16 23:16:16,197 - INFO - HTTP Request: GET https://www.investing.com/news/economy-news/nasdaq-tops-nyse-in-listings-for-6th-straight-year-as-ipo-optimism-grows-3773840 "HTTP/1.1 200 OK"
2024-12-16 23:16:16,227 - INFO - HTTP Request: GET https://www.investing.com/news/stock-market-news/micron-palantir-lead-market-cap-stock-movers-on-monday-93CH-3774814 "HTTP/1.1 200 OK"
2024-12-16 23:16:16,243 - INFO - HTTP Request: GET https://www.investing.com/news/stock-market-news/soundhound-ai-shares-surge-on-raised-22-price-target-93CH-3774561 "HTTP/1.1 200 OK"
2024-12-16 23:16:16,270 - INFO - HTTP Request: GET https://www.investing.com/news/stock-market-news/microchip-shares-slide-premarket-as-bofa-cuts-rating-to-underperform-3774492 "HTTP/1.1 200 OK"
2024-12-16 23:16:16,286 - INFO - HTTP Request: GET https://www.investing.com/news/stock-market-news/lyft-gains-as-ceo-says-san-francisco-share-losses-could-be-overblown-3774482 "HTTP/1.1 200 OK"
2024-12-16 23:16:16,319 - INFO - HTTP Request: GET https://www.investing.com/news/stock-market-news/exclusiveprocter--gamble-to-disclose-more-details-about-woodpulp-audits-investors-say-3773849 "HTTP/1.1 200 OK"
2024-12-16 23:16:16,366 - INFO - HTTP Request: GET https://www.investing.com/news/stock-market-news/us-stock-futures-muted-ahead-of-fed-meeting-3773275 "HTTP/1.1 200 OK"
2024-12-16 23:16:16,370 - INFO - HTTP Request: GET https://www.investing.com/news/stock-market-news/robotaxi-usage-to-remain-immaterial-until-at-least-2027-jefferies-says-3774539 "HTTP/1.1 200 OK"
2024-12-16 23:16:16,400 - INFO - HTTP Request: GET https://www.investing.com/news/stock-market-news/morgan-stanley-upgrades-att-amid-broadband-competition-downgrades-comcast-3774762 "HTTP/1.1 200 OK"
2024-12-16 23:16:18,127 - INFO - HTTP Request: GET https://www.investing.com/news/stock-market-news/us-finalizes-963-billion-loan-for-ford-sk-on-joint-battery-venture-3774285 "HTTP/1.1 200 OK"
2024-12-16 23:16:20,095 - INFO - HTTP Request: GET https://www.investing.com/news/stock-market-news/novo-nordisk-to-invest-12-billion-in-new-plant-in-denmark-3773438 "HTTP/1.1 200 OK"
2024-12-16 23:16:20,156 - INFO - HTTP Request: GET https://www.investing.com/news/stock-market-news/fridays-insider-moves-major-buys-in-tko-and-adct-sells-in-pltr-and-intu-93CH-3774496 "HTTP/1.1 200 OK"
2024-12-16 23:16:20,179 - INFO - HTTP Request: GET https://www.investing.com/news/stock-market-news/more-uk-companies-could-relist-in-us--goldman-3774491 "HTTP/1.1 200 OK"
2024-12-16 23:16:25,217 - INFO - HTTP Request: GET https://www.investing.com/news/stock-market-news/morocco-stocks-lower-at-close-of-trade-moroccan-all-shares-down-001-3774778 "HTTP/1.1 200 OK"
2024-12-16 23:16:25,251 - INFO - HTTP Request: GET https://www.investing.com/news/stock-market-news/analyst-bullish-on-conocophillips-on-synergy-potential-3774688 "HTTP/1.1 200 OK"
2024-12-16 23:16:25,277 - INFO - HTTP Request: GET https://www.investing.com/news/stock-market-news/this-is-the-top-oil-stock-to-watch-for-2025-jefferies-says-3774559 "HTTP/1.1 200 OK"
2024-12-16 23:16:28,106 - INFO - HTTP Request: GET https://www.investing.com/news/stock-market-news/shyft-shares-surge-on-merger-agreement-93CH-3774892 "HTTP/1.1 200 OK"
2024-12-16 23:16:46,343 - INFO - Scraping completed in 43.72 seconds
2024-12-16 23:16:46,344 - INFO - Scraped 35 articles.
2024-12-16 23:16:46,452 - INFO - Data insertion completed. 35 new records inserted, 0 records skipped due to conflict. Total time: 0.05 seconds.
