2025-01-07 20:40:06,467 - INFO - HTTP Request: GET https://www.investing.com/news/stock-market-news/1 "HTTP/1.1 307 Temporary Redirect"
2025-01-07 20:40:07,072 - INFO - HTTP Request: GET https://www.investing.com/news/stock-market-news/2 "HTTP/1.1 200 OK"
2025-01-07 20:40:09,354 - INFO - HTTP Request: GET https://www.investing.com/news/stock-market-news/european-stocks-slip-ahead-of-inflation-data-next-lifts-guidance-3799238 "HTTP/1.1 200 OK"
2025-01-07 20:40:09,385 - INFO - HTTP Request: GET https://www.investing.com/news/economy-news/microsoft-to-invest-3-billion-in-india-to-expand-ai-and-cloud-capacity-3799976 "HTTP/1.1 200 OK"
2025-01-07 20:40:09,439 - INFO - HTTP Request: GET https://www.investing.com/news/stock-market-news/aurora-innovation-stock-surges-on-driverless-tech-deal-93CH-3800029 "HTTP/1.1 200 OK"
2025-01-07 20:40:09,455 - INFO - HTTP Request: GET https://www.investing.com/news/stock-market-news/tesla-stock-drops-as-bofa-cuts-rating-on-high-execution-risk-valuation-3799771 "HTTP/1.1 200 OK"
2025-01-07 20:40:09,475 - INFO - HTTP Request: GET https://www.investing.com/news/stock-market-news/us-opens-probe-into-about-26-million-tesla-vehicles-over-actually-smart-summon-feature-3799506 "HTTP/1.1 200 OK"
2025-01-07 20:40:10,063 - INFO - HTTP Request: GET https://www.investing.com/news/stock-market-news/india-stocks-higher-at-close-of-trade-nifty-50-up-032-3799518 "HTTP/1.1 200 OK"
2025-01-07 20:40:10,068 - INFO - HTTP Request: GET https://www.investing.com/news/stock-market-news/trumps-day-one-energy-policy-changes-could-impact-investors-93CH-3800021 "HTTP/1.1 200 OK"
2025-01-07 20:40:10,072 - INFO - HTTP Request: GET https://www.investing.com/news/stock-market-news/us-selfdriving-car-companies-seek-boost-under-trump-3799672 "HTTP/1.1 200 OK"
2025-01-07 20:40:10,088 - INFO - HTTP Request: GET https://www.investing.com/news/stock-market-news/uber-stock-rises-on-nvidia-partnership-for-autonomous-tech-93CH-3800022 "HTTP/1.1 200 OK"
2025-01-07 20:40:10,096 - INFO - HTTP Request: GET https://www.investing.com/news/stock-market-news/uber-stock-rises-on-nvidia-pact-3799727 "HTTP/1.1 200 OK"
2025-01-07 20:40:10,107 - INFO - HTTP Request: GET https://www.investing.com/news/stock-market-news/good-news-could-be-bad-news-for-equities-from-now-on-bofa-3799792 "HTTP/1.1 200 OK"
2025-01-07 20:40:10,119 - INFO - HTTP Request: GET https://www.investing.com/news/stock-market-news/2024-election-gap-is-big-spx-support-into-2025-bofa-3799809 "HTTP/1.1 200 OK"
2025-01-07 20:40:10,129 - INFO - HTTP Request: GET https://www.investing.com/news/stock-market-news/sp-500-volatility-may-stay-elevated-in-2025-ubs-3799458 "HTTP/1.1 200 OK"
2025-01-07 20:40:10,138 - INFO - HTTP Request: GET https://www.investing.com/news/stock-market-news/bodies-found-in-jetblue-plane-wheel-well-after-landing-in-florida-93CH-3799934 "HTTP/1.1 200 OK"
2025-01-07 20:40:10,147 - INFO - HTTP Request: GET https://www.investing.com/news/stock-market-news/getty-images-to-merge-with-shutterstock-in-37-billion-deal-93CH-3799726 "HTTP/1.1 200 OK"
2025-01-07 20:40:10,156 - INFO - HTTP Request: GET https://www.investing.com/news/stock-market-news/uk-antitrust-regulator-to-launch-two-probes-under-new-digital-markets-powers-3799702 "HTTP/1.1 200 OK"
2025-01-07 20:40:10,167 - INFO - HTTP Request: GET https://www.investing.com/news/stock-market-news/india-markets-to-rebound-later-in-the-year-bernstein-3799466 "HTTP/1.1 200 OK"
2025-01-07 20:40:10,178 - INFO - HTTP Request: GET https://www.investing.com/news/stock-market-news/adidas-poised-for-a-multiyear-winning-streak-says-bernstein-3798153 "HTTP/1.1 200 OK"
2025-01-07 20:40:10,189 - INFO - HTTP Request: GET https://www.investing.com/news/stock-market-news/cnooc-bernstiens-top-pick-among-apac-oil-equities-3799507 "HTTP/1.1 200 OK"
2025-01-07 20:40:10,790 - INFO - HTTP Request: GET https://www.investing.com/news/stock-market-news/micron-stock-rallies-after-nvidia-named-it-key-supplier-for-new-gpus-3799960 "HTTP/1.1 200 OK"
2025-01-07 20:40:10,850 - INFO - HTTP Request: GET https://www.investing.com/news/stock-market-news/indias-growth-forecast-cut-to-weakest-since-pandemic-93CH-3799732 "HTTP/1.1 200 OK"
2025-01-07 20:40:10,860 - INFO - HTTP Request: GET https://www.investing.com/news/stock-market-news/apple-stock-gets-second-sell-rating-in-3-months-shares-dip-3799975 "HTTP/1.1 200 OK"
2025-01-07 20:40:10,874 - INFO - HTTP Request: GET https://www.investing.com/news/stock-market-news/asia-shares-rise-on-prospect-of-softer-trump-tariffs-3799003 "HTTP/1.1 200 OK"
2025-01-07 20:40:10,890 - INFO - HTTP Request: GET https://www.investing.com/news/stock-market-news/analysisairbus-faces-financial-bill-after-endyear-delivery-crunch-3799716 "HTTP/1.1 200 OK"
2025-01-07 20:40:10,899 - INFO - HTTP Request: GET https://www.investing.com/news/economy-news/morning-bid-a-jolt-of-reality-for-markets-3799634 "HTTP/1.1 200 OK"
2025-01-07 20:40:11,846 - INFO - HTTP Request: GET https://www.investing.com/news/stock-market-news/analysischina-exports-push-nippon-steel-to-seek-growth-in-us-india-after-blocked-deal-3799235 "HTTP/1.1 200 OK"
2025-01-07 20:40:11,857 - INFO - HTTP Request: GET https://www.investing.com/news/stock-market-news/inari-medical-soars-on-stryker-acquisition-3799513 "HTTP/1.1 200 OK"
2025-01-07 20:40:11,866 - INFO - HTTP Request: GET https://www.investing.com/news/stock-market-news/chinas-chery-reports-384-jump-in-2024-sales-to-26-million-vehicles-3799551 "HTTP/1.1 200 OK"
2025-01-07 20:40:11,933 - INFO - HTTP Request: GET https://www.investing.com/news/stock-market-news/renault-slashes-price-of-lowcost-electric-car-as-emissions-rules-tighten-3799560 "HTTP/1.1 200 OK"
2025-01-07 20:40:11,946 - INFO - HTTP Request: GET https://www.investing.com/news/stock-market-news/teslas-texas-lithium-refinery-to-require-millions-of-gallons-of-water-daily-93CH-3799713 "HTTP/1.1 200 OK"
2025-01-07 20:40:11,955 - INFO - HTTP Request: GET https://www.investing.com/news/stock-market-news/flowco-holdings-files-for-178m-share-ipo-at-2123sh-432SI-3799724 "HTTP/1.1 200 OK"
2025-01-07 20:40:11,966 - INFO - HTTP Request: GET https://www.investing.com/news/stock-market-news/analysistrumps-sec-pick-likely-to-give-wall-street-easier-enforcement-ride-3799703 "HTTP/1.1 200 OK"
2025-01-07 20:40:11,971 - INFO - HTTP Request: GET https://www.investing.com/news/stock-market-news/bernstein-downgrades-freeport-upgrades-antofagasta-on-copper-outlook-3800032 "HTTP/1.1 200 OK"
2025-01-07 20:40:11,979 - INFO - HTTP Request: GET https://www.investing.com/news/stock-market-news/record-european-bond-sales-kick-off-2025-as-borrowers-capitalize-on-tight-spreads-93CH-3799728 "HTTP/1.1 200 OK"
2025-01-07 20:40:11,987 - INFO - HTTP Request: GET https://www.investing.com/news/stock-market-news/boliden-shares-rise-after-ubs-upgrades-stock-to-neutral-rating-3799600 "HTTP/1.1 200 OK"
2025-01-07 20:40:26,633 - INFO - Scraping completed in 21.23 seconds
2025-01-07 20:40:26,634 - INFO - Scraped 35 articles.
2025-01-07 20:40:33,970 - ERROR - Failed to connect to the database.
