2025-01-07 20:37:33,516 - INFO - HTTP Request: GET https://www.investing.com/news/stock-market-news/1 "HTTP/1.1 307 Temporary Redirect"
2025-01-07 20:37:34,449 - INFO - HTTP Request: GET https://www.investing.com/news/stock-market-news/2 "HTTP/1.1 200 OK"
2025-01-07 20:37:37,214 - INFO - HTTP Request: GET https://www.investing.com/news/stock-market-news/mesa-air-to-sell-18-embraer-jets-to-united-airlines-3800338 "HTTP/1.1 200 OK"
2025-01-07 20:37:37,309 - INFO - HTTP Request: GET https://www.investing.com/news/stock-market-news/us-holiday-online-spending-climbs-9-with-smartphones-leading-the-way--adobe-93CH-3800242 "HTTP/1.1 200 OK"
2025-01-07 20:37:37,336 - INFO - HTTP Request: GET https://www.investing.com/news/stock-market-news/partners-group-shares-jump-after-ubs-upgrades-stock-to-buy-3800272 "HTTP/1.1 200 OK"
2025-01-07 20:37:37,380 - INFO - HTTP Request: GET https://www.investing.com/news/stock-market-news/uber-stock-rises-on-nvidia-partnership-for-autonomous-tech-93CH-3800022 "HTTP/1.1 200 OK"
2025-01-07 20:37:37,404 - INFO - HTTP Request: GET https://www.investing.com/news/economy-news/microsoft-to-invest-3-billion-in-india-to-expand-ai-and-cloud-capacity-3799976 "HTTP/1.1 200 OK"
2025-01-07 20:37:37,449 - INFO - HTTP Request: GET https://www.investing.com/news/stock-market-news/uk-antitrust-regulator-to-launch-two-probes-under-new-digital-markets-powers-3799702 "HTTP/1.1 200 OK"
2025-01-07 20:37:38,086 - INFO - HTTP Request: GET https://www.investing.com/news/stock-market-news/tencent-catl-added-to-pentagon-blacklist-3800070 "HTTP/1.1 200 OK"
2025-01-07 20:37:38,089 - INFO - HTTP Request: GET https://www.investing.com/news/stock-market-news/trumps-day-one-energy-policy-changes-could-impact-investors-93CH-3800021 "HTTP/1.1 200 OK"
2025-01-07 20:37:38,094 - INFO - HTTP Request: GET https://www.investing.com/news/stock-market-news/european-stocks-slip-ahead-of-inflation-data-next-lifts-guidance-3799238 "HTTP/1.1 200 OK"
2025-01-07 20:37:38,105 - INFO - HTTP Request: GET https://www.investing.com/news/stock-market-news/unifirst-stock-surges-on-wsj-report-of-cintas-buyout-offer-93CH-3800217 "HTTP/1.1 200 OK"
2025-01-07 20:37:38,126 - INFO - HTTP Request: GET https://www.investing.com/news/stock-market-news/micron-stock-rallies-after-nvidia-named-it-key-supplier-for-new-gpus-3799960 "HTTP/1.1 200 OK"
2025-01-07 20:37:38,148 - INFO - HTTP Request: GET https://www.investing.com/news/stock-market-news/aurora-shares-jump-after-deal-with-nvidia-continental-to-deploy-selfdriving-trucks-3800270 "HTTP/1.1 200 OK"
2025-01-07 20:37:38,161 - INFO - HTTP Request: GET https://www.investing.com/news/stock-market-news/immuneering-stock-soars-on-promising-pancreatic-cancer-trial-results-93CH-3800059 "HTTP/1.1 200 OK"
2025-01-07 20:37:38,176 - INFO - HTTP Request: GET https://www.investing.com/news/stock-market-news/bofa-equity-client-flows--2024-wrap-3800227 "HTTP/1.1 200 OK"
2025-01-07 20:37:38,191 - INFO - HTTP Request: GET https://www.investing.com/news/stock-market-news/nvidia-micron-uber-and-walt-disney-rise-premarket-tesla-falls-3800140 "HTTP/1.1 200 OK"
2025-01-07 20:37:38,202 - INFO - HTTP Request: GET https://www.investing.com/news/stock-market-news/saudi-arabia-stocks-higher-at-close-of-trade-tadawul-all-share-up-007-3800131 "HTTP/1.1 200 OK"
2025-01-07 20:37:38,210 - INFO - HTTP Request: GET https://www.investing.com/news/stock-market-news/apple-stock-gets-second-sell-rating-in-3-months-shares-dip-3799975 "HTTP/1.1 200 OK"
2025-01-07 20:37:38,222 - INFO - HTTP Request: GET https://www.investing.com/news/stock-market-news/jefferies-turns-more-positive-on-european-reit-stocks-upgrades-11-names-3800193 "HTTP/1.1 200 OK"
2025-01-07 20:37:38,232 - INFO - HTTP Request: GET https://www.investing.com/news/stock-market-news/bernstein-downgrades-freeport-upgrades-antofagasta-on-copper-outlook-3800032 "HTTP/1.1 200 OK"
2025-01-07 20:37:38,248 - INFO - HTTP Request: GET https://www.investing.com/news/stock-market-news/2024-election-gap-is-big-spx-support-into-2025-bofa-3799809 "HTTP/1.1 200 OK"
2025-01-07 20:37:38,272 - INFO - HTTP Request: GET https://www.investing.com/news/stock-market-news/expect-network-airlines-to-build-on-their-leads-this-year-citi-3800152 "HTTP/1.1 200 OK"
2025-01-07 20:37:38,282 - INFO - HTTP Request: GET https://www.investing.com/news/stock-market-news/us-online-holiday-sales-rise-nearly-9-on-mobile-shopping-boom-report-shows-3800197 "HTTP/1.1 200 OK"
2025-01-07 20:37:38,290 - INFO - HTTP Request: GET https://www.investing.com/news/stock-market-news/meta-shifts-to-communitydriven-content-moderation-model-93CH-3800198 "HTTP/1.1 200 OK"
2025-01-07 20:37:38,300 - INFO - HTTP Request: GET https://www.investing.com/news/stock-market-news/southwest-airlines-enters-saleleaseback-deal-for-36-jets-3799778 "HTTP/1.1 200 OK"
2025-01-07 20:37:38,305 - INFO - HTTP Request: GET https://www.investing.com/news/stock-market-news/oil-services-provider-flowco-seeks-up-to-2-billion-valuation-in-us-ipo-3799870 "HTTP/1.1 200 OK"
2025-01-07 20:37:38,307 - INFO - HTTP Request: GET https://www.investing.com/news/stock-market-news/uber-stock-rises-on-nvidia-pact-3799727 "HTTP/1.1 200 OK"
2025-01-07 20:37:38,521 - INFO - HTTP Request: GET https://www.investing.com/news/economy-news/getty-images-and-shutterstock-to-merge-forming-37-billion-stock-image-giant-3800035 "HTTP/1.1 200 OK"
2025-01-07 20:37:38,549 - INFO - HTTP Request: GET https://www.investing.com/news/stock-market-news/good-news-could-be-bad-news-for-equities-from-now-on-bofa-3799792 "HTTP/1.1 200 OK"
2025-01-07 20:37:38,562 - INFO - HTTP Request: GET https://www.investing.com/news/stock-market-news/indias-growth-forecast-cut-to-weakest-since-pandemic-93CH-3799732 "HTTP/1.1 200 OK"
2025-01-07 20:37:38,672 - INFO - HTTP Request: GET https://www.investing.com/news/stock-market-news/aurora-innovation-stock-surges-on-driverless-tech-deal-93CH-3800029 "HTTP/1.1 200 OK"
2025-01-07 20:37:38,680 - INFO - HTTP Request: GET https://www.investing.com/news/stock-market-news/stellantis-toyota-ford-mazda-subaru-plan-to-pool-co2-emissions-with-tesla-3799903 "HTTP/1.1 200 OK"
2025-01-07 20:37:38,684 - INFO - HTTP Request: GET https://www.investing.com/news/stock-market-news/record-european-bond-sales-kick-off-2025-as-borrowers-capitalize-on-tight-spreads-93CH-3799728 "HTTP/1.1 200 OK"
2025-01-07 20:37:38,693 - INFO - HTTP Request: GET https://www.investing.com/news/stock-market-news/bodies-found-in-jetblue-plane-wheel-well-after-landing-in-florida-93CH-3799934 "HTTP/1.1 200 OK"
2025-01-07 20:37:40,759 - INFO - HTTP Request: GET https://www.investing.com/news/stock-market-news/adidas-poised-for-a-multiyear-winning-streak-says-bernstein-3798153 "HTTP/1.1 200 OK"
2025-01-07 20:37:40,850 - INFO - HTTP Request: GET https://www.investing.com/news/stock-market-news/moderna-stock-gains-on-rising-flu-cases-93CH-3800141 "HTTP/1.1 200 OK"
2025-01-07 20:37:57,040 - INFO - Scraping completed in 24.22 seconds
2025-01-07 20:37:57,040 - INFO - Scraped 35 articles.
2025-01-07 20:38:00,240 - ERROR - Failed to connect to the database.
