2024-12-17 20:14:11,097 - INFO - HTTP Request: GET https://www.moneycontrol.com/news/business/markets/page-1/ "HTTP/1.1 200 OK"
2024-12-17 20:14:14,196 - INFO - HTTP Request: GET https://www.moneycontrol.com/news/business/markets/diis-net-buy-rs-2706-fiis-net-sell-rs-6-410-crore-12892175.html "HTTP/1.1 200 OK"
2024-12-17 20:14:14,207 - INFO - HTTP Request: GET https://www.moneycontrol.com/news/business/markets/lg-energy-solution-jsw-energy-discussing-1-5-billion-battery-venture-report-12892100.html "HTTP/1.1 200 OK"
2024-12-17 20:14:14,213 - INFO - HTTP Request: GET https://www.moneycontrol.com/news/business/markets/ambuja-cements-announces-share-swap-ratio-for-merging-sanghi-industries-with-itself-12892140.html "HTTP/1.1 200 OK"
2024-12-17 20:14:14,217 - INFO - HTTP Request: GET https://www.moneycontrol.com/news/business/ipo/hamps-bio-ipo-closes-today-investors-bought-1-003-times-12892111.html "HTTP/1.1 200 OK"
2024-12-17 20:14:14,318 - INFO - HTTP Request: GET https://www.moneycontrol.com/news/business/ipo/nacdac-infrastructure-ipo-sees-robust-start-records-51-19-times-subscription-on-day-1-12892166.html "HTTP/1.1 200 OK"
2024-12-17 20:14:14,325 - INFO - HTTP Request: GET https://www.moneycontrol.com/news/business/ipo/mobikwik-shares-poised-for-strong-stock-market-debut-on-dec-18-analysts-recommend-long-term-hold-12892045.html "HTTP/1.1 200 OK"
2024-12-17 20:14:14,330 - INFO - HTTP Request: GET https://www.moneycontrol.com/news/business/markets/sebi-bars-fpis-from-issuing-odis-with-derivatives-as-underlying-asks-for-granular-disclosure-from-odi-subscribers-12892099.html "HTTP/1.1 200 OK"
2024-12-17 20:14:14,333 - INFO - HTTP Request: GET https://www.moneycontrol.com/news/business/markets/aditya-birla-real-estate-acquires-71-acre-land-parcel-near-mumbai-for-over-rs-104-crore-12892086.html "HTTP/1.1 200 OK"
2024-12-17 20:14:14,341 - INFO - HTTP Request: GET https://www.moneycontrol.com/news/business/markets/india-inc-raises-16-billion-from-large-buyers-via-share-placements-in-2024-12891937.html "HTTP/1.1 200 OK"
2024-12-17 20:14:14,345 - INFO - HTTP Request: GET https://www.moneycontrol.com/news/business/markets/technical-view-nifty-likely-to-see-more-selling-pressure-if-it-breaks-last-friday-s-low-vix-jumps-ahead-of-fomc-meet-12892064.html "HTTP/1.1 200 OK"
2024-12-17 20:14:14,361 - INFO - HTTP Request: GET https://www.moneycontrol.com/news/business/markets/mutual-fund-regulations-amended-to-make-way-for-mf-lite-minimum-investment-set-at-rs-10-lakh-12892065.html "HTTP/1.1 200 OK"
2024-12-17 20:14:14,364 - INFO - HTTP Request: GET https://www.moneycontrol.com/news/business/ipo/tikri-investments-prashant-jain-backed-solar91-cleantech-to-launch-rs-106-crore-ipo-on-december-24-12892041.html "HTTP/1.1 200 OK"
2024-12-17 20:14:14,438 - INFO - HTTP Request: GET https://www.moneycontrol.com/news/business/markets/sebi-proposes-a-platform-to-trace-inactive-mutual-fund-folios-12892021.html "HTTP/1.1 200 OK"
2024-12-17 20:14:14,462 - INFO - HTTP Request: GET https://www.moneycontrol.com/news/photos/business/markets/gainers-losers-10-stocks-that-moved-the-most-on-december-17-3-12891959.html "HTTP/1.1 200 OK"
2024-12-17 20:14:14,539 - INFO - HTTP Request: GET https://www.moneycontrol.com/news/business/markets/two-or-three-fed-rate-cuts-likely-but-not-immediately-says-invasset-s-anirudh-garg-12891956.html "HTTP/1.1 200 OK"
2024-12-17 20:14:14,564 - INFO - HTTP Request: GET https://www.moneycontrol.com/news/business/markets/sensex-nosedives-1000-points-nifty-closes-below-24350-amid-broad-based-selling-ahead-of-fed-meet-12891821.html "HTTP/1.1 200 OK"
2024-12-17 20:14:14,654 - INFO - HTTP Request: GET https://www.moneycontrol.com/news/business/markets/sebi-board-meeting-may-discuss-sme-listing-insider-trading-rules-specified-digital-platform-12891901.html "HTTP/1.1 200 OK"
2024-12-17 20:14:14,664 - INFO - HTTP Request: GET https://www.moneycontrol.com/news/business/ipo/unimech-aerospace-manufacturing-rs-500-crore-ipo-to-open-on-december-23-12891907.html "HTTP/1.1 200 OK"
2024-12-17 20:14:14,669 - INFO - HTTP Request: GET https://www.moneycontrol.com/news/videos/business/markets/live-nifty-cracks-below-24-350-amid-broad-based-selloff-midcaps-succumb-closing-bell-12891952.html "HTTP/1.1 200 OK"
2024-12-17 20:14:14,724 - INFO - HTTP Request: GET https://www.moneycontrol.com/technology/infosys-google-cloud-to-set-up-center-of-excellence-for-ai-innovation-article-12892057.html "HTTP/1.1 200 OK"
2024-12-17 20:14:14,738 - INFO - HTTP Request: GET https://www.moneycontrol.com/news/business/markets/super-fund-manager-2024-how-this-multi-cap-money-manager-finds-his-timing-and-themes-to-emerge-triumphant-12892013.html "HTTP/1.1 200 OK"
2024-12-17 20:14:14,793 - INFO - HTTP Request: GET https://www.moneycontrol.com/news/business/markets/igl-mgl-other-gas-stocks-slide-3-amid-reports-of-no-gst-inclusion-for-natural-gas-in-upcoming-meeting-12891795.html "HTTP/1.1 200 OK"
2024-12-17 20:14:15,249 - INFO - HTTP Request: GET https://www.moneycontrol.com/news/business/markets/lemon-tree-indian-hotels-shares-gains-20-in-a-month-as-travel-tourism-and-weddings-drive-demand-12891754.html "HTTP/1.1 200 OK"
2024-12-17 20:14:15,311 - INFO - HTTP Request: GET https://www.moneycontrol.com/news/business/markets/taking-stock-bears-tighten-control-nifty-below-24-350-sensex-down-1-064-pts-12891904.html "HTTP/1.1 200 OK"
2024-12-17 20:14:16,333 - INFO - HTTP Request: GET https://www.moneycontrol.com/news/business/ipo/international-gemmological-institute-ipo-sees-5x-subscription-so-far-on-day-3-niis-employees-lead-gmp-surges-12891723.html "HTTP/1.1 200 OK"
2024-12-17 20:14:26,694 - INFO - HTTP Request: GET https://www.moneycontrol.com/news/business/markets/page-2/ "HTTP/1.1 200 OK"
2024-12-17 20:14:29,380 - INFO - HTTP Request: GET https://www.moneycontrol.com/news/business/markets/know-your-stock-enviro-infra-engineers-shares-extend-gain-for-5th-straight-day-scrip-soars-140-from-ipo-price-12891539.html "HTTP/1.1 200 OK"
2024-12-17 20:14:29,414 - INFO - HTTP Request: GET https://www.moneycontrol.com/news/business/markets/sensex-plunges-800-points-nifty-below-24450-as-selling-pressure-persists-financials-it-take-a-hit-12891612.html "HTTP/1.1 200 OK"
2024-12-17 20:14:29,422 - INFO - HTTP Request: GET https://www.moneycontrol.com/news/business/markets/why-sensex-fell-900-points-nifty-slipped-below-24-400-today-us-fed-jitters-among-3-key-factors-behind-crash-12891550.html "HTTP/1.1 200 OK"
2024-12-17 20:14:29,426 - INFO - HTTP Request: GET https://www.moneycontrol.com/news/business/markets/railway-stocks-mixed-as-some-profit-booking-kicks-in-but-optimism-remains-high-12891617.html "HTTP/1.1 200 OK"
2024-12-17 20:14:29,441 - INFO - HTTP Request: GET https://www.moneycontrol.com/news/business/markets/oriana-power-signs-rs-10-000-crore-mou-with-rajasthan-govt-almost-double-its-m-cap-shares-up-9-12891716.html "HTTP/1.1 200 OK"
2024-12-17 20:14:29,501 - INFO - HTTP Request: GET https://www.moneycontrol.com/news/business/markets/nifty-media-bucks-muted-market-sentiment-jumps-2-pvr-inox-den-networks-lead-gains-12891646.html "HTTP/1.1 200 OK"
2024-12-17 20:14:29,535 - INFO - HTTP Request: GET https://www.moneycontrol.com/news/business/markets/gravita-india-shares-jump-7-on-launching-qip-to-raise-up-to-rs-1-000-crore-12891615.html "HTTP/1.1 200 OK"
2024-12-17 20:14:29,543 - INFO - HTTP Request: GET https://www.moneycontrol.com/news/business/markets/sebi-appoints-forensic-auditor-to-look-into-realtor-tarc-s-financial-statements-stock-slumps-10-12891616.html "HTTP/1.1 200 OK"
2024-12-17 20:14:29,549 - INFO - HTTP Request: GET https://www.moneycontrol.com/news/business/markets/cipla-share-rises-2-after-kotak-upgrades-to-buy-sees-19-upside-potential-12891637.html "HTTP/1.1 200 OK"
2024-12-17 20:14:29,576 - INFO - HTTP Request: GET https://www.moneycontrol.com/news/business/markets/itc-sets-jan-1-2025-as-effective-date-for-demerger-of-hotel-business-12891627.html "HTTP/1.1 200 OK"
2024-12-17 20:14:29,586 - INFO - HTTP Request: GET https://www.moneycontrol.com/news/business/ipo/toss-the-coin-share-price-stock-lists-at-90-premium-over-ipo-price-on-bse-sme-12891511.html "HTTP/1.1 200 OK"
2024-12-17 20:14:29,598 - INFO - HTTP Request: GET https://www.moneycontrol.com/news/business/markets/quess-corp-shares-rise-up-to-9-after-antique-pegs-a-rs-1-000-target-on-rising-growth-momentum-12891512.html "HTTP/1.1 200 OK"
2024-12-17 20:14:29,742 - INFO - HTTP Request: GET https://www.moneycontrol.com/news/business/markets/afcons-infrastructure-shares-surge-5-to-record-high-as-investec-initiates-with-buy-12891469.html "HTTP/1.1 200 OK"
2024-12-17 20:14:29,749 - INFO - HTTP Request: GET https://www.moneycontrol.com/news/business/markets/wipro-shares-rise-on-40-million-deal-to-buy-us-firm-applied-value-tech-12891419.html "HTTP/1.1 200 OK"
2024-12-17 20:14:29,757 - INFO - HTTP Request: GET https://www.moneycontrol.com/news/business/markets/china-may-keep-trying-to-spur-consumption-without-big-stimulus-12891561.html "HTTP/1.1 200 OK"
2024-12-17 20:14:29,762 - INFO - HTTP Request: GET https://www.moneycontrol.com/news/business/markets/why-there-might-be-fewer-fed-rate-cuts-in-2025-12891429.html "HTTP/1.1 200 OK"
2024-12-17 20:14:29,771 - INFO - HTTP Request: GET https://www.moneycontrol.com/news/business/markets/rvnl-stock-rises-2-as-firm-bags-rs-270-cr-order-from-maharashtra-metro-12891438.html "HTTP/1.1 200 OK"
2024-12-17 20:14:29,795 - INFO - HTTP Request: GET https://www.moneycontrol.com/news/business/markets/dow-jones-logs-longest-losing-run-since-2018-even-as-nasdaq-soars-to-new-record-12891483.html "HTTP/1.1 200 OK"
2024-12-17 20:14:29,810 - INFO - HTTP Request: GET https://www.moneycontrol.com/news/business/markets/indoco-remedies-shares-fall-up-to-6-after-usfda-warning-letter-over-goa-facility-12891639.html "HTTP/1.1 200 OK"
2024-12-17 20:14:29,889 - INFO - HTTP Request: GET https://www.moneycontrol.com/news/business/markets/vedanta-shares-slip-further-today-after-board-declares-fourth-interim-dividend-stock-down-0-5-percent-12891475.html "HTTP/1.1 200 OK"
2024-12-17 20:14:29,894 - INFO - HTTP Request: GET https://www.moneycontrol.com/news/business/mutual-funds/mfs-stick-to-1-082-stocks-in-2024-add-only-67-new-positions-12891451.html "HTTP/1.1 200 OK"
2024-12-17 20:14:29,924 - INFO - HTTP Request: GET https://www.moneycontrol.com/news/business/ipo/jungle-camps-share-price-stock-lists-at-90-premium-over-ipo-price-on-bse-sme-12891487.html "HTTP/1.1 200 OK"
2024-12-17 20:14:29,939 - INFO - HTTP Request: GET https://www.moneycontrol.com/news/business/markets/piramal-pharma-shares-surge-5-after-jm-financial-recommends-buy-sees-15-topline-growth-over-fy24-27-12891551.html "HTTP/1.1 200 OK"
2024-12-17 20:14:30,050 - INFO - HTTP Request: GET https://www.moneycontrol.com/news/business/markets/sensex-crashes-over-800-pts-nifty-below-24450-on-caution-ahead-of-fed-meet-banks-oil-gas-drag-12891428.html "HTTP/1.1 200 OK"
2024-12-17 20:14:30,105 - INFO - HTTP Request: GET https://www.moneycontrol.com/news/opinion/oil-markets-are-shifting-gears-downwards-12891466.html "HTTP/1.1 200 OK"
2024-12-17 20:14:43,565 - INFO - Scraping completed in 33.44 seconds
2024-12-17 20:14:43,565 - INFO - Scraped 50 articles.
2024-12-17 20:14:43,736 - ERROR - Failed to connect to the database.
