2024-12-26 20:32:39,236 - INFO - HTTP Request: GET https://www.moneycontrol.com/news/business/markets/page-1/ "HTTP/1.1 200 OK"
2024-12-26 20:32:41,047 - INFO - HTTP Request: GET https://www.moneycontrol.com/news/business/stocks/bulk-deals-abakkus-asset-manager-picks-up-1-18-stake-in-aarti-pharmalabs-12898358.html "HTTP/1.1 200 OK"
2024-12-26 20:32:41,059 - INFO - HTTP Request: GET https://www.moneycontrol.com/news/business/ipo/analysts-expect-double-digit-return-on-sanathan-textiles-debut-on-december-27-12898324.html "HTTP/1.1 200 OK"
2024-12-26 20:32:41,084 - INFO - HTTP Request: GET https://www.moneycontrol.com/news/business/markets/fiis-net-sell-shares-worth-rs-2-377-crore-diis-net-buy-rs-3-336-crore-shares-12898257.html "HTTP/1.1 200 OK"
2024-12-26 20:32:41,096 - INFO - HTTP Request: GET https://www.moneycontrol.com/news/business/ipo/anya-polytech-sme-ipo-sees-11-23x-subscription-on-day-1-amid-strong-retail-nii-demand-12898235.html "HTTP/1.1 200 OK"
2024-12-26 20:32:41,107 - INFO - HTTP Request: GET https://www.moneycontrol.com/news/business/companies/tata-group-chairman-chandrasekaran-s-year-end-note-promises-jobs-push-sees-ai-acceleration-ahead-12898254.html "HTTP/1.1 200 OK"
2024-12-26 20:32:41,144 - INFO - HTTP Request: GET https://www.moneycontrol.com/news/business/markets/marcellus-to-launch-global-aif-focus-on-us-equities-and-indian-opportunities-12898028.html "HTTP/1.1 200 OK"
2024-12-26 20:32:41,673 - INFO - HTTP Request: GET https://www.moneycontrol.com/news/opinion/india-roars-ahead-of-china-to-top-asian-ipo-rankings-12897819.html "HTTP/1.1 200 OK"
2024-12-26 20:32:41,676 - INFO - HTTP Request: GET https://www.moneycontrol.com/news/business/markets/2024-in-review-mfs-witness-growth-in-2024-sips-thematic-and-passive-on-the-rise-12897371.html "HTTP/1.1 200 OK"
2024-12-26 20:32:43,480 - INFO - HTTP Request: GET https://www.moneycontrol.com/news/business/markets/rbl-bank-divested-entire-holding-in-dam-capital-during-recently-concluded-ipo-12898234.html "HTTP/1.1 200 OK"
2024-12-26 20:32:43,485 - INFO - HTTP Request: GET https://www.moneycontrol.com/news/business/ipo/unimech-aerospace-ipo-gmp-hits-80-as-overall-subscription-crosses-44-times-on-day-3-of-bidding-12897863.html "HTTP/1.1 200 OK"
2024-12-26 20:32:43,488 - INFO - HTTP Request: GET https://www.moneycontrol.com/news/business/markets/importers-take-tanzania-thailand-route-to-bring-gold-disguised-as-platinum-alloy-12898002.html "HTTP/1.1 200 OK"
2024-12-26 20:32:43,492 - INFO - HTTP Request: GET https://www.moneycontrol.com/news/business/markets/technical-view-nifty-unlikely-to-see-upward-trend-till-it-decisively-closes-above-200-sma-level-of-23-850-12898228.html "HTTP/1.1 200 OK"
2024-12-26 20:32:43,496 - INFO - HTTP Request: GET https://www.moneycontrol.com/news/business/markets/acme-solar-holdings-shares-end-higher-on-rs-1-988-crore-pfc-financing-for-hybrid-projects-12898138.html "HTTP/1.1 200 OK"
2024-12-26 20:32:43,499 - INFO - HTTP Request: GET https://www.moneycontrol.com/news/business/markets/gujarat-fluorochem-to-sell-captive-power-plant-to-arm-igrel-mahidad-invest-in-two-subsidiaries-12898133.html "HTTP/1.1 200 OK"
2024-12-26 20:32:43,503 - INFO - HTTP Request: GET https://www.moneycontrol.com/news/business/markets/registered-investor-base-now-near-the-11-crore-mark-with-up-adding-most-new-entrants-in-2024-12898040.html "HTTP/1.1 200 OK"
2024-12-26 20:32:43,507 - INFO - HTTP Request: GET https://www.moneycontrol.com/news/business/markets/mid-day-mood-sensex-nifty-turn-flat-erase-morning-gains-amid-thin-volumes-year-end-consolidation-12897870.html "HTTP/1.1 200 OK"
2024-12-26 20:32:43,511 - INFO - HTTP Request: GET https://www.moneycontrol.com/news/business/ipo/ipo-gmp-update-dam-capital-transrail-mamata-machinery-premiums-surge-up-to-105-in-grey-market-ahead-of-tomorrow-s-listing-12898018.html "HTTP/1.1 200 OK"
2024-12-26 20:32:43,533 - INFO - HTTP Request: GET https://www.moneycontrol.com/news/opinion/india-s-manufacturing-journey-is-set-to-get-better-in-2025-12897899.html "HTTP/1.1 200 OK"
2024-12-26 20:32:43,536 - INFO - HTTP Request: GET https://www.moneycontrol.com/news/business/stocks/epack-durable-stock-prices-gain-5-upon-potential-investment-by-chinese-tv-manufacturer-12897877.html "HTTP/1.1 200 OK"
2024-12-26 20:32:43,540 - INFO - HTTP Request: GET https://www.moneycontrol.com/technology/2024-turns-out-a-blockbuster-year-for-brokers-despite-lower-returns-article-12897997.html "HTTP/1.1 200 OK"
2024-12-26 20:32:43,543 - INFO - HTTP Request: GET https://www.moneycontrol.com/news/photos/business/markets/top-gainers-losers-today-stocks-that-moved-the-most-on-december-26-2024-12897692.html "HTTP/1.1 200 OK"
2024-12-26 20:32:43,549 - INFO - HTTP Request: GET https://www.moneycontrol.com/news/business/markets/nifty-sensex-trade-flat-amid-volatility-metal-realty-stocks-drag-vix-rises-6-12897921.html "HTTP/1.1 200 OK"
2024-12-26 20:32:43,562 - INFO - HTTP Request: GET https://www.moneycontrol.com/news/videos/business/markets/live-no-respite-nifty-ends-third-straight-series-on-a-somber-note-closing-bell-12898127.html "HTTP/1.1 200 OK"
2024-12-26 20:32:43,567 - INFO - HTTP Request: GET https://www.moneycontrol.com/news/business/markets/godfrey-phillips-india-shares-snap-seven-day-fall-to-rise-7-board-appoints-new-coo-and-updates-on-24seven-trademark-tussle-12897791.html "HTTP/1.1 200 OK"
2024-12-26 20:32:43,999 - INFO - HTTP Request: GET https://www.moneycontrol.com/news/business/stocks/taking-stock-sensex-flat-nifty-at-23-750-amid-expiry-media-fmcg-drag-auto-pharma-rally-12898103.html "HTTP/1.1 200 OK"
2024-12-26 20:32:55,936 - INFO - HTTP Request: GET https://www.moneycontrol.com/news/business/markets/page-2/ "HTTP/1.1 200 OK"
2024-12-26 20:32:57,108 - INFO - HTTP Request: GET https://www.moneycontrol.com/news/business/markets/metropolitan-stock-exchange-raises-nearly-rs-120-crore-groww-promoters-rainmatter-investments-among-investors-12897651.html "HTTP/1.1 200 OK"
2024-12-26 20:32:57,125 - INFO - HTTP Request: GET https://www.moneycontrol.com/news/business/markets/sagility-india-shares-at-fresh-high-after-hitting-5-uc-stock-up-71-since-november-listing-12897722.html "HTTP/1.1 200 OK"
2024-12-26 20:32:57,456 - INFO - HTTP Request: GET https://www.moneycontrol.com/news/business/stocks/bpcl-shares-in-focus-on-winning-150-mw-solar-pv-power-project-12897578.html "HTTP/1.1 200 OK"
2024-12-26 20:32:57,458 - INFO - HTTP Request: GET https://www.moneycontrol.com/news/business/markets/pnc-infra-gets-relief-from-high-court-in-disqualification-order-by-morth-nhai-12897640.html "HTTP/1.1 200 OK"
2024-12-26 20:32:57,467 - INFO - HTTP Request: GET https://www.moneycontrol.com/news/business/markets/ceigall-india-shares-rise-7-on-new-rs-981-crore-project-from-nhai-12897787.html "HTTP/1.1 200 OK"
2024-12-26 20:32:57,473 - INFO - HTTP Request: GET https://www.moneycontrol.com/news/business/stocks/ramky-infra-stock-prices-increase-a-3-83-following-contract-from-hmwssb-12897705.html "HTTP/1.1 200 OK"
2024-12-26 20:32:57,478 - INFO - HTTP Request: GET https://www.moneycontrol.com/news/business/markets/panacea-biotec-shares-hit-5-uc-on-unicef-supply-order-worth-rs-127-crore-12897777.html "HTTP/1.1 200 OK"
2024-12-26 20:32:57,482 - INFO - HTTP Request: GET https://www.moneycontrol.com/news/business/stocks/motilal-oswal-maintains-buy-on-raymond-lifestyle-with-target-price-of-rs-3-000-12897784.html "HTTP/1.1 200 OK"
2024-12-26 20:32:57,486 - INFO - HTTP Request: GET https://www.moneycontrol.com/news/business/markets/newgen-soft-extends-december-rally-to-44-after-bagging-2-27-million-order-saudi-arabia-12897782.html "HTTP/1.1 200 OK"
2024-12-26 20:32:57,491 - INFO - HTTP Request: GET https://www.moneycontrol.com/news/business/markets/one-mobikwik-systems-surges-8-after-rs-118-crore-block-deal-12897721.html "HTTP/1.1 200 OK"
2024-12-26 20:32:57,494 - INFO - HTTP Request: GET https://www.moneycontrol.com/news/business/markets/ntpc-green-energy-shares-in-focus-as-one-month-lock-in-ends-1-8-crore-shares-free-to-trade-12897660.html "HTTP/1.1 200 OK"
2024-12-26 20:32:57,497 - INFO - HTTP Request: GET https://www.moneycontrol.com/technology/no-such-thing-as-pure-tnm-happiest-minds-cfo-on-time-material-pricing-model-debate-article-12897701.html "HTTP/1.1 200 OK"
2024-12-26 20:32:57,500 - INFO - HTTP Request: GET https://www.moneycontrol.com/news/business/markets/elara-capital-maintains-buy-on-oberoi-realty-amid-industry-leading-profitability-optimistic-growth-outlook-12897678.html "HTTP/1.1 200 OK"
2024-12-26 20:32:57,505 - INFO - HTTP Request: GET https://www.moneycontrol.com/news/videos/business/markets/live-will-nifty-trade-sideways-on-monthly-expiry-day-nalco-bpcl-in-focus-opening-bell-12897657.html "HTTP/1.1 200 OK"
2024-12-26 20:32:57,535 - INFO - HTTP Request: GET https://www.moneycontrol.com/news/business/markets/sensex-rises-300-points-nifty-tops-23-800-in-thin-trade-banks-and-auto-rally-on-expiry-day-12897645.html "HTTP/1.1 200 OK"
2024-12-26 20:32:57,570 - INFO - HTTP Request: GET https://www.moneycontrol.com/news/business/markets/de-beers-diamond-inventory-grows-to-2-billion-amid-weak-chinese-demand-lab-grown-competition-report-12897804.html "HTTP/1.1 200 OK"
2024-12-26 20:32:58,128 - INFO - HTTP Request: GET https://www.moneycontrol.com/news/business/ipo/mumbai-vfx-firm-identical-brains-studios-shares-list-at-76-premium-over-ipo-price-on-nse-sme-12897693.html "HTTP/1.1 200 OK"
2024-12-26 20:32:58,132 - INFO - HTTP Request: GET https://www.moneycontrol.com/news/business/markets/here-are-the-top-global-cues-for-today-s-trade-first-tick-12896898.html "HTTP/1.1 200 OK"
2024-12-26 20:32:58,135 - INFO - HTTP Request: GET https://www.moneycontrol.com/news/business/markets/brokerage-radar-motilal-oswal-rates-pnb-housing-finance-as-buy-icici-securities-bullish-on-cello-world-12897647.html "HTTP/1.1 200 OK"
2024-12-26 20:32:58,141 - INFO - HTTP Request: GET https://www.moneycontrol.com/news/business/markets/newly-listed-international-gemmological-institute-shares-hit-10-upper-circuit-as-firm-makes-two-acquisitions-for-158-mn-12897767.html "HTTP/1.1 200 OK"
2024-12-26 20:32:58,150 - INFO - HTTP Request: GET https://www.moneycontrol.com/news/business/stocks/panacea-biotec-shares-in-focus-on-contract-from-unicef-12897580.html "HTTP/1.1 200 OK"
2024-12-26 20:32:59,244 - INFO - HTTP Request: GET https://www.moneycontrol.com/news/opinion/the-curious-case-of-west-bengal-in-the-national-data-sets-12897654.html "HTTP/1.1 200 OK"
2024-12-26 20:32:59,247 - INFO - HTTP Request: GET https://www.moneycontrol.com/news/business/markets/stock-market-live-sensex-nifty-50-share-price-gift-nifty-latest-updates-26-12-2024-liveblog-12897637.html "HTTP/1.1 200 OK"
2024-12-26 20:33:00,510 - INFO - HTTP Request: GET https://www.moneycontrol.com/news/opinion/india-s-growing-dependence-on-chinese-imports-is-a-potential-security-issue-12897653.html "HTTP/1.1 200 OK"
2024-12-26 20:33:00,826 - INFO - HTTP Request: GET https://www.moneycontrol.com/news/business/markets/guruspeak-puneet-sharma-s-trading-journey-mastering-quantitative-trading-through-data-and-algos-12897625.html "HTTP/1.1 200 OK"
2024-12-26 20:33:05,335 - INFO - Scraping completed in 27.77 seconds
2024-12-26 20:33:05,335 - INFO - Scraped 50 articles.
2024-12-26 20:33:05,446 - ERROR - Failed to connect to the database.
