2024-12-16 23:20:00,479 - INFO - HTTP Request: GET https://www.moneycontrol.com/news/business/markets/page-1/ "HTTP/1.1 200 OK"
2024-12-16 23:20:02,071 - INFO - HTTP Request: GET https://www.moneycontrol.com/news/business/ipo/yash-highvoltage-ipo-closes-with-over-169-times-subscription-shares-to-debut-on-december-19-12891318.html "HTTP/1.1 200 OK"
2024-12-16 23:20:02,093 - INFO - HTTP Request: GET https://www.moneycontrol.com/news/business/markets/bulk-deals-leading-light-fund-vcc-the-triumph-fund-picks-up-2-07-stake-in-euro-panel-products-12891308.html "HTTP/1.1 200 OK"
2024-12-16 23:20:02,097 - INFO - HTTP Request: GET https://www.moneycontrol.com/news/business/markets/trade-setup-for-tuesday-top-15-things-to-know-before-the-opening-bell-69-12891336.html "HTTP/1.1 200 OK"
2024-12-16 23:20:02,113 - INFO - HTTP Request: GET https://www.moneycontrol.com/news/business/markets/fiis-net-sell-rs-279-crore-diis-net-sell-rs-234-crore-12891190.html "HTTP/1.1 200 OK"
2024-12-16 23:20:02,117 - INFO - HTTP Request: GET https://www.moneycontrol.com/news/business/markets/hpcl-lines-up-rs-4-679-crore-lube-modernization-at-mumbai-refinery-lasting-four-years-to-ramp-up-lube-production-12891159.html "HTTP/1.1 200 OK"
2024-12-16 23:20:02,124 - INFO - HTTP Request: GET https://www.moneycontrol.com/news/business/markets/adia-eyeing-exit-from-mindspace-reit-launches-block-deal-worth-up-to-225-mn-12891093.html "HTTP/1.1 200 OK"
2024-12-16 23:20:02,142 - INFO - HTTP Request: GET https://www.moneycontrol.com/news/business/markets/sebi-s-proposals-for-algo-trading-norms-could-end-illegal-pms-arrangements-within-families-12891048.html "HTTP/1.1 200 OK"
2024-12-16 23:20:02,221 - INFO - HTTP Request: GET https://www.moneycontrol.com/news/business/markets/ipos-in-2024-the-hottest-sme-and-mainboard-listings-that-grabbed-the-headlines-12890662.html "HTTP/1.1 200 OK"
2024-12-16 23:20:02,493 - INFO - HTTP Request: GET https://www.moneycontrol.com/news/business/ipo/sebi-clears-laxmi-dental-ipo-papers-but-returns-offer-documents-of-anlon-healthcare-12891160.html "HTTP/1.1 200 OK"
2024-12-16 23:20:02,496 - INFO - HTTP Request: GET https://www.moneycontrol.com/news/business/companies/qatar-agrees-to-supply-lng-to-gail-india-in-five-year-deal-12891170.html "HTTP/1.1 200 OK"
2024-12-16 23:20:02,499 - INFO - HTTP Request: GET https://www.moneycontrol.com/news/business/markets/vedanta-approves-fourth-interim-dividend-of-rs-8-5-per-share-amounting-to-rs-3-324-crore-12891075.html "HTTP/1.1 200 OK"
2024-12-16 23:20:02,500 - INFO - HTTP Request: GET https://www.moneycontrol.com/news/business/markets/taking-stock-nifty-below-24-700-sensex-down-385-pts-media-realty-stocks-outperform-to-restrict-further-fall-12890938.html "HTTP/1.1 200 OK"
2024-12-16 23:20:02,502 - INFO - HTTP Request: GET https://www.moneycontrol.com/news/videos/business/markets/markets-stay-rangebound-midcaps-lead-real-estate-psu-banks-pharma-in-focus-closing-bell-12891008.html "HTTP/1.1 200 OK"
2024-12-16 23:20:02,504 - INFO - HTTP Request: GET https://www.moneycontrol.com/news/business/ipo/senores-pharmaceuticals-ipo-to-open-on-dec-20-firm-aims-to-raise-rs-500-cr-via-fresh-issue-12891016.html "HTTP/1.1 200 OK"
2024-12-16 23:20:02,507 - INFO - HTTP Request: GET https://www.moneycontrol.com/news/business/commodities/global-commodity-markets-likely-to-experience-heightened-volatility-ahead-12890435.html "HTTP/1.1 200 OK"
2024-12-16 23:20:02,516 - INFO - HTTP Request: GET https://www.moneycontrol.com/news/business/ipo/ipo-gives-new-investors-opportunity-to-participate-in-growth-story-from-beginning-dam-capital-s-dharmesh-mehta-12891054.html "HTTP/1.1 200 OK"
2024-12-16 23:20:02,831 - INFO - HTTP Request: GET https://www.moneycontrol.com/news/business/markets/investors-cautious-as-global-markets-turn-jittery-ahead-of-fomc-meet-12890936.html "HTTP/1.1 200 OK"
2024-12-16 23:20:04,246 - INFO - HTTP Request: GET https://www.moneycontrol.com/news/business/markets/super-fund-manager-2024-this-fund-manager-hit-pay-dirt-with-zomato-and-trent-in-2024-what-is-he-betting-on-in-2025-12891099.html "HTTP/1.1 200 OK"
2024-12-16 23:20:04,248 - INFO - HTTP Request: GET https://www.moneycontrol.com/news/business/ipo/gk-energy-files-draft-ipo-papers-with-sebi-aims-to-raise-rs-500-crore-via-fresh-issue-12891187.html "HTTP/1.1 200 OK"
2024-12-16 23:20:04,251 - INFO - HTTP Request: GET https://www.moneycontrol.com/news/photos/business/markets/top-10-pmses-in-november-valcreate-investment-managers-and-narnolia-financial-services-at-the-top-12891158.html "HTTP/1.1 200 OK"
2024-12-16 23:20:04,253 - INFO - HTTP Request: GET https://www.moneycontrol.com/news/business/markets/technical-view-further-profit-booking-possible-if-nifty-breaks-below-24-600-vix-spikes-after-six-day-fall-12891090.html "HTTP/1.1 200 OK"
2024-12-16 23:20:04,255 - INFO - HTTP Request: GET https://www.moneycontrol.com/news/business/markets/hdfc-bank-gets-administrative-warning-from-sebi-over-delayed-disclosure-of-mortgage-head-s-resignation-in-march-12891174.html "HTTP/1.1 200 OK"
2024-12-16 23:20:04,257 - INFO - HTTP Request: GET https://www.moneycontrol.com/news/business/ipo/anand-rathi-share-and-stock-brokers-files-draft-papers-with-sebi-for-rs-745-crore-ipo-12891172.html "HTTP/1.1 200 OK"
2024-12-16 23:20:04,261 - INFO - HTTP Request: GET https://www.moneycontrol.com/news/business/markets/elcid-investment-seeks-type-i-nbfc-registration-from-rbi-shares-up-but-off-recent-highs-12891017.html "HTTP/1.1 200 OK"
2024-12-16 23:20:05,155 - INFO - HTTP Request: GET https://www.moneycontrol.com/news/photos/business/markets/gainers-losers-10-stocks-that-moved-the-most-on-december-16-4-12890989.html "HTTP/1.1 200 OK"
2024-12-16 23:20:10,491 - INFO - HTTP Request: GET https://www.moneycontrol.com/news/business/markets/page-2/ "HTTP/1.1 200 OK"
2024-12-16 23:20:11,792 - INFO - HTTP Request: GET https://www.moneycontrol.com/news/business/markets/swiggy-shares-hit-all-time-high-as-axis-capital-sees-20-upside-stock-up-40-since-listing-12890974.html "HTTP/1.1 200 OK"
2024-12-16 23:20:11,842 - INFO - HTTP Request: GET https://www.moneycontrol.com/news/business/markets/shrimp-farming-stocks-avanti-feeds-kings-infra-surge-5-6-on-hopes-of-export-growth-12890869.html "HTTP/1.1 200 OK"
2024-12-16 23:20:11,854 - INFO - HTTP Request: GET https://www.moneycontrol.com/news/business/markets/gopal-snacks-stock-falls-for-third-straight-day-as-operations-temporarily-halted-at-fire-hit-facility-12890959.html "HTTP/1.1 200 OK"
2024-12-16 23:20:11,861 - INFO - HTTP Request: GET https://www.moneycontrol.com/news/business/markets/sparc-up-12-ahead-of-update-on-clinical-programs-r-d-pipeline-this-week-12890943.html "HTTP/1.1 200 OK"
2024-12-16 23:20:11,865 - INFO - HTTP Request: GET https://www.moneycontrol.com/news/business/markets/realty-stocks-surge-on-hopes-of-robust-demand-oberoi-realty-prestige-estates-macrotech-soar-3-5-12890765.html "HTTP/1.1 200 OK"
2024-12-16 23:20:11,869 - INFO - HTTP Request: GET https://www.moneycontrol.com/news/business/markets/ge-power-stock-zooms-7-5-after-firm-receive-extension-of-rs-18-3-cr-purchase-order-12890626.html "HTTP/1.1 200 OK"
2024-12-16 23:20:12,419 - INFO - HTTP Request: GET https://www.moneycontrol.com/news/opinion/flash-pmi-indicates-growth-is-accelerating-at-the-end-of-2024-12890660.html "HTTP/1.1 200 OK"
2024-12-16 23:20:12,424 - INFO - HTTP Request: GET https://www.moneycontrol.com/news/business/markets/hbl-power-systems-shares-hit-all-time-high-on-winning-mega-kavach-order-for-railways-12890653.html "HTTP/1.1 200 OK"
2024-12-16 23:20:12,431 - INFO - HTTP Request: GET https://www.moneycontrol.com/news/business/markets/enviro-infra-stock-zooms-to-record-high-skyrockets-15-in-two-days-12890605.html "HTTP/1.1 200 OK"
2024-12-16 23:20:12,437 - INFO - HTTP Request: GET https://www.moneycontrol.com/news/business/markets/ppap-automotive-shares-soar-nearly-20-after-bagging-new-orders-with-significant-ev-portion-12890650.html "HTTP/1.1 200 OK"
2024-12-16 23:20:12,442 - INFO - HTTP Request: GET https://www.moneycontrol.com/news/business/markets/glenmark-rises-on-lacosamide-oral-equivalent-of-anti-epileptic-drug-with-57-million-in-annual-sales-12890616.html "HTTP/1.1 200 OK"
2024-12-16 23:20:12,446 - INFO - HTTP Request: GET https://www.moneycontrol.com/news/business/markets/daily-voice-narnolia-s-shailendra-kumar-explains-why-hdfc-bank-remains-a-top-contrarian-investment-opportunity-12890491.html "HTTP/1.1 200 OK"
2024-12-16 23:20:12,451 - INFO - HTTP Request: GET https://www.moneycontrol.com/news/business/markets/sensex-nifty-extend-morning-losses-as-bank-it-stocks-weigh-down-india-vix-soars-10-12890701.html "HTTP/1.1 200 OK"
2024-12-16 23:20:12,458 - INFO - HTTP Request: GET https://www.moneycontrol.com/news/business/ipo/dhanlaxmi-crop-science-share-price-stock-lists-at-90pc-premium-over-ipo-price-on-nse-emerge-12890596.html "HTTP/1.1 200 OK"
2024-12-16 23:20:12,462 - INFO - HTTP Request: GET https://www.moneycontrol.com/news/business/ipo/ipo-gmp-today-international-gemological-institute-inventrus-knowledge-solutions-subscription-updates-other-key-details-12890776.html "HTTP/1.1 200 OK"
2024-12-16 23:20:12,465 - INFO - HTTP Request: GET https://www.moneycontrol.com/news/business/ipo/inventurus-knowledge-solutions-ipo-issue-sees-3-5x-subscription-on-day-3-so-far-retail-portion-booked-nearly-6x-12890636.html "HTTP/1.1 200 OK"
2024-12-16 23:20:12,470 - INFO - HTTP Request: GET https://www.moneycontrol.com/news/business/ipo/international-gemmological-institute-ipo-sees-37-subscription-on-day-2-so-far-retail-employees-lead-12890752.html "HTTP/1.1 200 OK"
2024-12-16 23:20:12,473 - INFO - HTTP Request: GET https://www.moneycontrol.com/news/business/markets/wockhardt-rises-10-after-antibiotic-zaynich-undergoing-clinical-trials-facilitates-in-a-liver-transplant-12890598.html "HTTP/1.1 200 OK"
2024-12-16 23:20:12,476 - INFO - HTTP Request: GET https://www.moneycontrol.com/news/opinion/ruchir-sharma-how-the-mother-of-all-bubbles-will-pop-12890726.html "HTTP/1.1 200 OK"
2024-12-16 23:20:13,718 - INFO - HTTP Request: GET https://www.moneycontrol.com/news/business/markets/lg-electronics-said-to-eye-up-to-15-billion-valuation-for-india-ipo-12890764.html "HTTP/1.1 200 OK"
2024-12-16 23:20:15,626 - INFO - HTTP Request: GET https://www.moneycontrol.com/news/business/markets/sensex-nifty-end-lower-on-a-dull-day-of-trading-it-and-metals-drag-real-estate-defies-trends-ahead-of-fed-meeting-12890794.html "HTTP/1.1 200 OK"
2024-12-16 23:20:15,633 - INFO - HTTP Request: GET https://www.moneycontrol.com/news/business/markets/coforge-a-long-term-bet-despite-the-rally-12890758.html "HTTP/1.1 200 OK"
2024-12-16 23:20:15,638 - INFO - HTTP Request: GET https://www.moneycontrol.com/news/business/ipo/sai-life-sciences-ipo-allotment-status-how-to-check-details-online-via-registrar-nse-bse-check-latest-gmp-12890692.html "HTTP/1.1 200 OK"
2024-12-16 23:20:15,642 - INFO - HTTP Request: GET https://www.moneycontrol.com/news/business/markets/rites-shares-gain-4-snap-two-day-losing-streak-after-rs-297-cr-order-win-12890611.html "HTTP/1.1 200 OK"
2024-12-16 23:20:15,650 - INFO - HTTP Request: GET https://www.moneycontrol.com/news/business/stocks/threads-of-prosperity-abound-as-textile-stocks-witness-breakout-on-charts-12890492.html "HTTP/1.1 200 OK"
2024-12-16 23:20:20,993 - INFO - Scraping completed in 20.62 seconds
2024-12-16 23:20:20,994 - INFO - Scraped 50 articles.
2024-12-16 23:20:21,141 - INFO - Data insertion completed. 0 new records inserted, 50 records skipped due to conflict. Total time: 0.05 seconds.
