2024-12-15 09:46:51,465 - INFO - HTTP Request: GET https://www.moneycontrol.com/news/business/markets/page-1/ "HTTP/1.1 200 OK"
2024-12-15 09:46:52,651 - INFO - HTTP Request: GET https://www.moneycontrol.com/news/business/ipo/dealmaker-dharmesh-mehta-led-dam-capital-advisors-ipo-to-open-on-dec-19-files-rhp-12890059.html "HTTP/1.1 200 OK"
2024-12-15 09:46:52,660 - INFO - HTTP Request: GET https://www.moneycontrol.com/news/business/ipo/innovision-refiles-draft-papers-for-ipo-fresh-issue-size-reduced-to-rs-255-crore-12889807.html "HTTP/1.1 200 OK"
2024-12-15 09:46:52,665 - INFO - HTTP Request: GET https://www.moneycontrol.com/news/trends/expert-columns/nifty-stuck-iron-fly-to-the-rescue-shubham-agarwal-12888941.html "HTTP/1.1 200 OK"
2024-12-15 09:46:52,679 - INFO - HTTP Request: GET https://www.moneycontrol.com/news/business/markets/us-stocks-close-flat-as-nasdaq-extends-weekly-gains-s-p-500-and-dow-dip-12889825.html "HTTP/1.1 200 OK"
2024-12-15 09:46:52,682 - INFO - HTTP Request: GET https://www.moneycontrol.com/news/business/ipo/purple-united-sales-ipo-sees-148-9x-subscription-shares-to-debut-on-december-18-12889768.html "HTTP/1.1 200 OK"
2024-12-15 09:46:52,684 - INFO - HTTP Request: GET https://www.moneycontrol.com/news/photos/business/markets/market-extends-gain-in-fourth-week-it-telecom-realty-stocks-shine-12889826.html "HTTP/1.1 200 OK"
2024-12-15 09:46:52,693 - INFO - HTTP Request: GET https://www.moneycontrol.com/news/business/markets/bulk-deals-guardian-advisors-pvt-ltd-special-opportunity-fund-offloads-0-92-stake-in-noida-toll-bridge-company-12889795.html "HTTP/1.1 200 OK"
2024-12-15 09:46:52,695 - INFO - HTTP Request: GET https://www.moneycontrol.com/news/business/markets/90-of-money-should-be-in-quality-stocks-ramesh-damani-s-formula-for-young-investors-12889888.html "HTTP/1.1 200 OK"
2024-12-15 09:46:53,018 - INFO - HTTP Request: GET https://www.moneycontrol.com/news/opinion/moneycontrol-pro-weekender-back-to-the-1930s-12889573.html "HTTP/1.1 200 OK"
2024-12-15 09:46:53,019 - INFO - HTTP Request: GET https://www.moneycontrol.com/news/business/stocks/broader-indices-underperform-but-these-smallcaps-gain-between-10-37-12889827.html "HTTP/1.1 200 OK"
2024-12-15 09:46:53,021 - INFO - HTTP Request: GET https://www.moneycontrol.com/news/business/markets/technical-view-holding-24-700-crucial-for-nifty-to-see-upward-journey-vix-at-2-month-low-12889498.html "HTTP/1.1 200 OK"
2024-12-15 09:46:53,023 - INFO - HTTP Request: GET https://www.moneycontrol.com/news/business/markets/consumption-stocks-crowd-pessimism-list-in-november-asian-paints-titan-britannia-among-top-ten-12889445.html "HTTP/1.1 200 OK"
2024-12-15 09:46:53,038 - INFO - HTTP Request: GET https://www.moneycontrol.com/news/business/markets/business-in-the-week-ahead-december-16-20-2024-12889571.html "HTTP/1.1 200 OK"
2024-12-15 09:46:53,040 - INFO - HTTP Request: GET https://www.moneycontrol.com/news/business/markets/chartist-talks-sbi-securities-sudeep-shah-picks-2-nifty-stocks-for-next-week-but-advises-avoiding-this-fmcg-major-12889806.html "HTTP/1.1 200 OK"
2024-12-15 09:46:53,042 - INFO - HTTP Request: GET https://www.moneycontrol.com/news/business/markets/bharti-airtel-clocks-best-week-in-three-months-on-bullish-jefferies-note-hexacom-shines-too-12889418.html "HTTP/1.1 200 OK"
2024-12-15 09:46:53,049 - INFO - HTTP Request: GET https://www.moneycontrol.com/news/business/markets/sensex-nifty-rebound-from-sharp-losses-as-value-buying-lifts-sentiment-all-eyes-on-fed-policy-data-ahead-12889557.html "HTTP/1.1 200 OK"
2024-12-15 09:46:53,052 - INFO - HTTP Request: GET https://www.moneycontrol.com/news/business/markets/sebi-relaxes-isin-restriction-for-issuers-looking-to-list-debt-securities-under-new-regulations-12889545.html "HTTP/1.1 200 OK"
2024-12-15 09:46:53,055 - INFO - HTTP Request: GET https://www.moneycontrol.com/news/business/markets/india-s-stock-market-growth-is-a-testament-to-investor-trust-in-indian-businesses-ashishkumar-chauhan-12889484.html "HTTP/1.1 200 OK"
2024-12-15 09:46:53,058 - INFO - HTTP Request: GET https://www.moneycontrol.com/news/business/markets/diis-net-sell-rs-732-crore-fiis-net-buy-rs-2-235-crore-12889716.html "HTTP/1.1 200 OK"
2024-12-15 09:46:53,311 - INFO - HTTP Request: GET https://www.moneycontrol.com/news/business/markets/mc-exclusive-expiry-day-volatility-sebi-s-ananth-narayan-says-watching-if-more-steps-need-to-be-taken-12889598.html "HTTP/1.1 200 OK"
2024-12-15 09:46:53,327 - INFO - HTTP Request: GET https://www.moneycontrol.com/news/business/markets/sebi-clarifies-that-corporate-debt-market-development-fund-is-cat-i-aif-12889577.html "HTTP/1.1 200 OK"
2024-12-15 09:46:53,331 - INFO - HTTP Request: GET https://www.moneycontrol.com/news/business/ipo/yash-highvoltage-ipo-sees-10-46x-subscription-on-day-2-with-healthy-retail-nii-demand-12889635.html "HTTP/1.1 200 OK"
2024-12-15 09:46:54,948 - INFO - HTTP Request: GET https://www.moneycontrol.com/news/business/ipo/blackstone-panchshil-realty-s-ventive-hospitality-to-launch-rs-1-600-cr-ipo-on-dec-20-12890060.html "HTTP/1.1 200 OK"
2024-12-15 09:46:54,953 - INFO - HTTP Request: GET https://www.moneycontrol.com/news/photos/business/markets/gainers-losers-10-stocks-that-moved-the-most-on-december-13-3-12889465.html "HTTP/1.1 200 OK"
2024-12-15 09:46:54,959 - INFO - HTTP Request: GET https://www.moneycontrol.com/news/business/ipo/supreme-facility-management-ipo-closes-with-25-71-times-subscription-shares-attract-30-gmp-12889757.html "HTTP/1.1 200 OK"
2024-12-15 09:47:01,555 - INFO - HTTP Request: GET https://www.moneycontrol.com/news/business/markets/page-2/ "HTTP/1.1 200 OK"
2024-12-15 09:47:03,561 - INFO - HTTP Request: GET https://www.moneycontrol.com/news/business/ipo/sai-life-sciences-ipo-issue-booked-1-3x-on-day-3-so-far-qib-portion-booked-3x-12889151.html "HTTP/1.1 200 OK"
2024-12-15 09:47:03,569 - INFO - HTTP Request: GET https://www.moneycontrol.com/news/business/ipo/vishal-mega-mart-ipo-subscription-crosses-2x-on-day-3-so-far-niis-lead-with-6x-bids-check-latest-gmp-12889234.html "HTTP/1.1 200 OK"
2024-12-15 09:47:03,610 - INFO - HTTP Request: GET https://www.moneycontrol.com/news/business/ipo/mobikwik-ipo-continues-to-garner-robust-subscription-sees-50x-bids-on-day-3-so-far-check-gmp-12889356.html "HTTP/1.1 200 OK"
2024-12-15 09:47:03,972 - INFO - HTTP Request: GET https://www.moneycontrol.com/news/business/markets/u-turn-on-dalal-street-sensex-soars-over-2000-pts-from-intraday-lows-defying-early-losses-on-expiry-day-bank-telecom-lead-gains-12889313.html "HTTP/1.1 200 OK"
2024-12-15 09:47:03,979 - INFO - HTTP Request: GET https://www.moneycontrol.com/news/business/markets/sensex-nifty-drag-despite-inflation-cheer-us-fed-policy-fii-selling-among-key-factors-keeping-d-st-in-check-12889268.html "HTTP/1.1 200 OK"
2024-12-15 09:47:03,986 - INFO - HTTP Request: GET https://www.moneycontrol.com/news/videos/business/markets/live-nifty-sensex-see-solid-recovery-from-day-s-low-infosys-ioc-in-focus-closing-bell-12889425.html "HTTP/1.1 200 OK"
2024-12-15 09:47:03,993 - INFO - HTTP Request: GET https://www.moneycontrol.com/news/business/markets/carlyle-group-said-to-mull-1-billion-india-ipo-for-quest-global-12889304.html "HTTP/1.1 200 OK"
2024-12-15 09:47:03,997 - INFO - HTTP Request: GET https://www.moneycontrol.com/news/business/markets/mc-exclusive-brokerages-aps-facilitates-dabba-trading-to-make-up-for-business-lost-to-sebis-new-fo-norms-12889394.html "HTTP/1.1 200 OK"
2024-12-15 09:47:04,000 - INFO - HTTP Request: GET https://www.moneycontrol.com/news/business/markets/mc-exclusive-mcx-hires-ey-to-investigate-ransomware-attack-on-brokerages-say-sources-12889331.html "HTTP/1.1 200 OK"
2024-12-15 09:47:04,003 - INFO - HTTP Request: GET https://www.moneycontrol.com/news/business/markets/brightcom-group-shares-q2-earnings-no-update-on-revocation-of-trading-suspension-12889174.html "HTTP/1.1 200 OK"
2024-12-15 09:47:04,006 - INFO - HTTP Request: GET https://www.moneycontrol.com/news/business/markets/ubs-bhanu-baweja-views-china-as-underrated-risk-for-india-s-stock-rally-12889322.html "HTTP/1.1 200 OK"
2024-12-15 09:47:04,010 - INFO - HTTP Request: GET https://www.moneycontrol.com/news/business/markets/sebi-proposes-that-black-box-algo-providers-register-as-ras-keep-research-reports-12889460.html "HTTP/1.1 200 OK"
2024-12-15 09:47:04,014 - INFO - HTTP Request: GET https://www.moneycontrol.com/news/business/markets/bharti-airtel-stock-surges-4-biggest-jump-in-7-weeks-12889278.html "HTTP/1.1 200 OK"
2024-12-15 09:47:04,019 - INFO - HTTP Request: GET https://www.moneycontrol.com/news/business/markets/jefferies-predicts-nifty-to-hit-26-600-by-2025-end-unveils-top-stock-picks-12889223.html "HTTP/1.1 200 OK"
2024-12-15 09:47:04,025 - INFO - HTTP Request: GET https://www.moneycontrol.com/news/business/markets/waaree-energies-stock-snaps-7-day-winning-run-drops-4-as-profit-booking-kicks-in-12889172.html "HTTP/1.1 200 OK"
2024-12-15 09:47:04,372 - INFO - HTTP Request: GET https://www.moneycontrol.com/news/business/markets/downside-ahead-nifty-may-re-test-october-lows-by-march-says-indiachart-s-rohit-srivastava-12889251.html "HTTP/1.1 200 OK"
2024-12-15 09:47:04,393 - INFO - HTTP Request: GET https://www.moneycontrol.com/news/business/markets/vodafone-idea-shares-gain-on-rs-55-000-crore-capex-plan-over-next-3-years-12889283.html "HTTP/1.1 200 OK"
2024-12-15 09:47:04,396 - INFO - HTTP Request: GET https://www.moneycontrol.com/news/business/markets/astra-microwave-products-stock-gains-6-after-jv-secures-rs-259-cr-defence-order-12889416.html "HTTP/1.1 200 OK"
2024-12-15 09:47:04,399 - INFO - HTTP Request: GET https://www.moneycontrol.com/news/business/markets/taking-stock-friday-blockbuster-sensex-nifty-recover-more-than-2-from-day-s-low-12889373.html "HTTP/1.1 200 OK"
2024-12-15 09:47:04,413 - INFO - HTTP Request: GET https://www.moneycontrol.com/news/business/markets/quick-commerce-heats-up-can-zomato-s-blinkit-sustain-its-leadership-12889326.html "HTTP/1.1 200 OK"
2024-12-15 09:47:04,429 - INFO - HTTP Request: GET https://www.moneycontrol.com/news/business/markets/personal-finance-why-the-angst-against-sip-is-futile-12889189.html "HTTP/1.1 200 OK"
2024-12-15 09:47:07,320 - INFO - HTTP Request: GET https://www.moneycontrol.com/news/business/markets/sebi-proposes-algo-norms-retail-to-get-self-developed-algos-registered-algo-providers-to-get-empanelled-12889397.html "HTTP/1.1 200 OK"
2024-12-15 09:47:07,325 - INFO - HTTP Request: GET https://www.moneycontrol.com/news/business/markets/rate-cut-conundrum-cooling-india-inflation-meets-firm-us-inflation-clouding-investor-hopes-12889195.html "HTTP/1.1 200 OK"
2024-12-15 09:47:07,330 - INFO - HTTP Request: GET https://www.moneycontrol.com/news/business/ipo/international-gemmological-ipo-subscription-status-today-issue-booked-3-so-far-retail-leads-check-latest-gmp-12889179.html "HTTP/1.1 200 OK"
2024-12-15 09:47:07,361 - INFO - HTTP Request: GET https://www.moneycontrol.com/news/business/markets/sensex-nifty-erase-days-losses-it-fmcg-stocks-lead-sharp-recovery-12889203.html "HTTP/1.1 200 OK"
2024-12-15 09:47:11,653 - INFO - Scraping completed in 20.76 seconds
2024-12-15 09:47:11,653 - INFO - Scraped 50 articles.
2024-12-15 09:47:11,754 - INFO - Data insertion completed. 0 new records inserted, 50 records skipped due to conflict. Total time: 0.04 seconds.
