2024-12-11 14:25:51,510 - INFO - HTTP Request: GET https://www.moneycontrol.com/news/business/markets/page-1/ "HTTP/1.1 200 OK"
2024-12-11 14:25:52,779 - INFO - HTTP Request: GET https://www.moneycontrol.com/news/business/markets/bharat-global-bags-agri-supply-contract-from-tata-agro-stock-up-5-after-multi-bagger-return-in-2024-12887551.html "HTTP/1.1 200 OK"
2024-12-11 14:25:52,787 - INFO - HTTP Request: GET https://www.moneycontrol.com/news/business/markets/gold-etfs-see-nearly-3x-surge-in-inflows-amid-strong-investor-demand-and-global-uncertainty-12887506.html "HTTP/1.1 200 OK"
2024-12-11 14:25:52,789 - INFO - HTTP Request: GET https://www.moneycontrol.com/news/business/markets/syngene-international-stock-extends-gains-to-second-day-surges-4-12887527.html "HTTP/1.1 200 OK"
2024-12-11 14:25:52,793 - INFO - HTTP Request: GET https://www.moneycontrol.com/news/business/markets/brokers-continuing-association-with-us-closely-reviewing-their-security-levels-comtel-after-ransomware-attack-12887558.html "HTTP/1.1 200 OK"
2024-12-11 14:25:52,800 - INFO - HTTP Request: GET https://www.moneycontrol.com/news/business/markets/inoxgfl-group-forays-into-solar-cells-and-modules-with-rs-1-500-crore-capex-over-two-years-12887498.html "HTTP/1.1 200 OK"
2024-12-11 14:25:52,802 - INFO - HTTP Request: GET https://www.moneycontrol.com/news/opinion/investors-need-to-keep-an-eye-on-ukraine-12887525.html "HTTP/1.1 200 OK"
2024-12-11 14:25:52,805 - INFO - HTTP Request: GET https://www.moneycontrol.com/news/business/markets/sensex-nifty-marginally-up-ahead-of-us-inflation-data-broader-markets-outperform-12887410.html "HTTP/1.1 200 OK"
2024-12-11 14:25:52,820 - INFO - HTTP Request: GET https://www.moneycontrol.com/news/business/markets/renew-energy-to-buy-out-us-listed-shares-top-shareholders-launch-non-binding-offer-12887578.html "HTTP/1.1 200 OK"
2024-12-11 14:25:52,840 - INFO - HTTP Request: GET https://www.moneycontrol.com/news/business/markets/asian-granito-stock-zooms-11-as-firm-sets-up-jv-with-shudh-investments-and-uk-s-klyn-stone-12887385.html "HTTP/1.1 200 OK"
2024-12-11 14:25:52,858 - INFO - HTTP Request: GET https://www.moneycontrol.com/news/business/markets/pnc-infra-logs-biggest-gain-in-six-months-skyrockets-12-on-bagging-early-completion-bonus-12887349.html "HTTP/1.1 200 OK"
2024-12-11 14:25:53,105 - INFO - HTTP Request: GET https://www.moneycontrol.com/news/business/markets/swiggy-shares-drop-4-amid-profit-booking-kicks-as-anchor-lock-in-expires-12887314.html "HTTP/1.1 200 OK"
2024-12-11 14:25:53,108 - INFO - HTTP Request: GET https://www.moneycontrol.com/news/business/markets/tata-trusts-continues-to-oppose-sp-group-s-plan-to-transfer-tata-sons-pledged-shares-for-loan-refinancing-report-12887295.html "HTTP/1.1 200 OK"
2024-12-11 14:25:53,111 - INFO - HTTP Request: GET https://www.moneycontrol.com/news/business/ipo/nisus-finance-services-shares-list-at-25-premium-over-ipo-price-on-bse-sme-12887327.html "HTTP/1.1 200 OK"
2024-12-11 14:25:53,113 - INFO - HTTP Request: GET https://www.moneycontrol.com/news/business/markets/hg-infra-shares-soar-5-on-new-order-win-worth-rs-763-crore-12887281.html "HTTP/1.1 200 OK"
2024-12-11 14:25:53,117 - INFO - HTTP Request: GET https://www.moneycontrol.com/news/business/markets/sensex-nifty-open-flat-as-investors-eye-us-inflation-data-auto-stocks-accelerate-12887264.html "HTTP/1.1 200 OK"
2024-12-11 14:25:53,119 - INFO - HTTP Request: GET https://www.moneycontrol.com/news/business/markets/mishtann-foods-stock-snaps-3-day-losing-streak-as-2-3-equity-exchanged-in-a-block-deal-12887373.html "HTTP/1.1 200 OK"
2024-12-11 14:25:53,120 - INFO - HTTP Request: GET https://www.moneycontrol.com/news/business/markets/analyst-call-tracker-it-stocks-take-lead-in-upgrades-amid-green-shoots-of-recovery-12887300.html "HTTP/1.1 200 OK"
2024-12-11 14:25:53,128 - INFO - HTTP Request: GET https://www.moneycontrol.com/news/business/markets/indian-overseas-bank-shares-rise-on-receive-it-refund-of-rs-1-359-crore-for-ay15-16-12887293.html "HTTP/1.1 200 OK"
2024-12-11 14:25:53,138 - INFO - HTTP Request: GET https://www.moneycontrol.com/news/business/ipo/vishal-mega-mart-ipo-subscribed-17-in-first-two-hours-on-day-1-retail-nii-lead-12887466.html "HTTP/1.1 200 OK"
2024-12-11 14:25:53,140 - INFO - HTTP Request: GET https://www.moneycontrol.com/news/business/ipo/mobikwik-ipo-fully-subscribed-within-first-hour-on-day-1-retail-portion-booked-5x-12887422.html "HTTP/1.1 200 OK"
2024-12-11 14:25:53,150 - INFO - HTTP Request: GET https://www.moneycontrol.com/news/business/markets/ambit-retains-zomato-as-its-core-holding-in-dec-says-business-model-only-partly-imitable-by-swiggy-zepto-12887319.html "HTTP/1.1 200 OK"
2024-12-11 14:25:53,491 - INFO - HTTP Request: GET https://www.moneycontrol.com/news/business/ipo/travel-food-services-files-draft-papers-with-sebi-to-raise-rs-2-000-crore-via-ipo-12887303.html "HTTP/1.1 200 OK"
2024-12-11 14:25:53,506 - INFO - HTTP Request: GET https://www.moneycontrol.com/news/videos/business/ipo/live-vishal-mega-mart-ipo-opens-management-on-growth-expansion-plans-ipo-watch-12887381.html "HTTP/1.1 200 OK"
2024-12-11 14:25:55,167 - INFO - HTTP Request: GET https://www.moneycontrol.com/news/opinion/why-real-estate-majors-are-flocking-to-mumbai-s-redevelopment-market-12887408.html "HTTP/1.1 200 OK"
2024-12-11 14:25:55,170 - INFO - HTTP Request: GET https://www.moneycontrol.com/news/business/markets/iti-shares-dive-7-as-profit-booking-seeps-in-from-record-high-12887436.html "HTTP/1.1 200 OK"
2024-12-11 14:26:01,121 - INFO - HTTP Request: GET https://www.moneycontrol.com/news/business/markets/page-2/ "HTTP/1.1 200 OK"
2024-12-11 14:26:02,200 - INFO - HTTP Request: GET https://www.moneycontrol.com/news/business/markets/awfis-space-solutions-block-deal-12-equity-changes-hands-peak-xv-bisque-likely-sellers-12887268.html "HTTP/1.1 200 OK"
2024-12-11 14:26:02,244 - INFO - HTTP Request: GET https://www.moneycontrol.com/news/business/mutual-funds/sip-stoppage-ratio-climbs-to-third-highest-level-ever-in-november-12887292.html "HTTP/1.1 200 OK"
2024-12-11 14:26:02,480 - INFO - HTTP Request: GET https://www.moneycontrol.com/news/business/stocks/ntpc-green-energy-shares-in-focus-on-bagging-order-to-set-up-energy-storage-system-12887138.html "HTTP/1.1 200 OK"
2024-12-11 14:26:02,487 - INFO - HTTP Request: GET https://www.moneycontrol.com/news/business/markets/mc-exclusive-sebi-conducts-search-and-seizure-operations-at-mansi-share-sunshine-capital-12887175.html "HTTP/1.1 200 OK"
2024-12-11 14:26:02,489 - INFO - HTTP Request: GET https://www.moneycontrol.com/news/business/ipo/vishal-mega-mart-s-rs-8-000-cr-ipo-opens-today-should-you-subscribe-check-analyst-recommendations-latest-gmp-12886977.html "HTTP/1.1 200 OK"
2024-12-11 14:26:02,491 - INFO - HTTP Request: GET https://www.moneycontrol.com/news/opinion/india-s-manufacturing-future-forging-a-new-path-and-role-of-markets-ecosystem-12887176.html "HTTP/1.1 200 OK"
2024-12-11 14:26:02,492 - INFO - HTTP Request: GET https://www.moneycontrol.com/news/business/markets/shriram-amc-allots-rs-105-crore-of-preferential-shares-to-sanlam-em-triggering-open-offer-for-26-stake-by-promoters-12887279.html "HTTP/1.1 200 OK"
2024-12-11 14:26:02,494 - INFO - HTTP Request: GET https://www.moneycontrol.com/news/business/markets/cement-stocks-in-focus-as-dealers-hike-prices-clsa-picks-ultratech-cement-as-top-bet-12887265.html "HTTP/1.1 200 OK"
2024-12-11 14:26:02,496 - INFO - HTTP Request: GET https://www.moneycontrol.com/news/videos/business/markets/live-nifty-stuck-in-a-range-break-above-24-750-key-to-watch-cement-firms-in-focus-opening-bell-12887269.html "HTTP/1.1 200 OK"
2024-12-11 14:26:02,497 - INFO - HTTP Request: GET https://www.moneycontrol.com/news/business/stocks/saakshi-medtech-shares-in-focus-on-winning-order-worth-rs-250-crore-12887137.html "HTTP/1.1 200 OK"
2024-12-11 14:26:02,500 - INFO - HTTP Request: GET https://www.moneycontrol.com/news/business/markets/trade-setup-for-wednesday-top-15-things-to-know-before-the-opening-bell-73-12887157.html "HTTP/1.1 200 OK"
2024-12-11 14:26:02,504 - INFO - HTTP Request: GET https://www.moneycontrol.com/news/business/ipo/vishal-mega-mart-rs-8-000-crore-ipo-institutional-investors-pick-rs-2-400-crore-worth-shares-via-anchor-book-12887120.html "HTTP/1.1 200 OK"
2024-12-11 14:26:02,514 - INFO - HTTP Request: GET https://www.moneycontrol.com/news/business/markets/short-call-is-quick-commerce-turning-into-the-street-s-new-darling-swiggy-mphasis-waree-energies-in-focus-12887248.html "HTTP/1.1 200 OK"
2024-12-11 14:26:03,029 - INFO - HTTP Request: GET https://www.moneycontrol.com/news/business/markets/trading-plan-can-nifty-manage-to-sustain-above-24-600-bank-nifty-hold-above-53-300-12887215.html "HTTP/1.1 200 OK"
2024-12-11 14:26:03,048 - INFO - HTTP Request: GET https://www.moneycontrol.com/news/business/ipo/tpg-backed-sai-life-sciences-mops-up-rs-913-crore-via-anchor-book-rs-3-043-crore-ipo-to-open-for-public-on-december-11-12887143.html "HTTP/1.1 200 OK"
2024-12-11 14:26:03,050 - INFO - HTTP Request: GET https://www.moneycontrol.com/news/business/ipo/mobikwik-mobilises-over-rs-257-crore-via-anchor-book-of-rs-572-crore-ipo-12887127.html "HTTP/1.1 200 OK"
2024-12-11 14:26:03,053 - INFO - HTTP Request: GET https://www.moneycontrol.com/news/business/markets/morepen-labs-forays-into-obesity-market-with-nutrition-products-and-health-tracking-app-12887245.html "HTTP/1.1 200 OK"
2024-12-11 14:26:03,054 - INFO - HTTP Request: GET https://www.moneycontrol.com/news/business/markets/daily-voice-stay-away-from-nbfc-sector-as-rough-tide-not-yet-over-says-motilal-oswal-s-ankit-mandholia-12887225.html "HTTP/1.1 200 OK"
2024-12-11 14:26:03,057 - INFO - HTTP Request: GET https://www.moneycontrol.com/news/business/markets/first-tick-here-are-the-top-global-cues-for-today-s-trade-7-12886885.html "HTTP/1.1 200 OK"
2024-12-11 14:26:03,059 - INFO - HTTP Request: GET https://www.moneycontrol.com/news/opinion/rbi-policy-has-an-unintended-consequence-arbitrage-and-an-intended-one-boosting-bank-margins-12887286.html "HTTP/1.1 200 OK"
2024-12-11 14:26:03,061 - INFO - HTTP Request: GET https://www.moneycontrol.com/news/business/markets/trade-spotlight-how-should-you-trade-nuvama-wealth-zen-technologies-nippon-life-ujjivan-sfb-srf-poly-medicure-and-others-on-wednesday-12887214.html "HTTP/1.1 200 OK"
2024-12-11 14:26:03,077 - INFO - HTTP Request: GET https://www.moneycontrol.com/news/business/markets/brokerage-radar-goldman-sachs-cuts-avenue-supermart-target-hsbc-starts-pb-fintech-coverage-with-buy-12887262.html "HTTP/1.1 200 OK"
2024-12-11 14:26:03,089 - INFO - HTTP Request: GET https://www.moneycontrol.com/news/business/markets/stock-radar-awfis-space-iob-hg-infra-saakshi-medtech-ntpc-green-energy-asahi-india-glass-in-focus-on-wednesday-12887204.html "HTTP/1.1 200 OK"
2024-12-11 14:26:03,100 - INFO - HTTP Request: GET https://www.moneycontrol.com/news/business/markets/stock-market-live-sensex-nifty-50-share-price-gift-nifty-latest-updates-11-12-2024-liveblog-12887239.html "HTTP/1.1 200 OK"
2024-12-11 14:26:04,146 - INFO - HTTP Request: GET https://www.moneycontrol.com/news/business/markets/goldman-sachs-trims-target-price-on-dmart-amid-increasing-competition-sees-10-downside-12887259.html "HTTP/1.1 200 OK"
2024-12-11 14:26:09,865 - INFO - HTTP Request: GET https://www.moneycontrol.com/news/business/markets/page-3/ "HTTP/1.1 200 OK"
2024-12-11 14:26:10,888 - INFO - HTTP Request: GET https://www.moneycontrol.com/news/business/ipo/dhanlaxmi-crop-science-ipo-sees-62x-subscription-on-day-2-12887001.html "HTTP/1.1 200 OK"
2024-12-11 14:26:11,136 - INFO - HTTP Request: GET https://www.moneycontrol.com/news/business/markets/fiis-net-buy-shares-worth-rs-1286-crore-diis-net-buy-rs-606-crore-12887030.html "HTTP/1.1 200 OK"
2024-12-11 14:26:11,141 - INFO - HTTP Request: GET https://www.moneycontrol.com/news/business/markets/turnaround-tales-motilal-oswal-backs-bruised-blue-chips-for-big-returns-12886566.html "HTTP/1.1 200 OK"
2024-12-11 14:26:11,143 - INFO - HTTP Request: GET https://www.moneycontrol.com/news/business/markets/indian-rupee-hits-record-low-bonds-rise-as-change-of-guard-at-rbi-spurs-rate-cut-bets-12886984.html "HTTP/1.1 200 OK"
2024-12-11 14:26:11,145 - INFO - HTTP Request: GET https://www.moneycontrol.com/news/business/markets/contrarian-calls-investors-say-bye-but-analysts-say-buy-for-dr-reddy-s-and-cipla-12886703.html "HTTP/1.1 200 OK"
2024-12-11 14:26:11,148 - INFO - HTTP Request: GET https://www.moneycontrol.com/news/business/markets/in-2025-capex-and-sip-flows-will-lend-support-but-valuations-a-worry-says-kotak-securities-12886627.html "HTTP/1.1 200 OK"
2024-12-11 14:26:11,152 - INFO - HTTP Request: GET https://www.moneycontrol.com/news/business/markets/sebi-proposes-easing-norms-for-nris-in-fno-segment-suggests-using-pan-as-unique-identifier-12887023.html "HTTP/1.1 200 OK"
2024-12-11 14:26:11,156 - INFO - HTTP Request: GET https://www.moneycontrol.com/news/business/markets/technical-view-bullish-sentiment-will-remain-as-long-as-nifty-holds-24-500-india-vix-hits-7-week-low-12886929.html "HTTP/1.1 200 OK"
2024-12-11 14:26:11,161 - INFO - HTTP Request: GET https://www.moneycontrol.com/news/business/ipo/jungle-camps-india-ipo-on-day-1-issue-subscribed-33-58-times-retail-portion-booked-62x-12887050.html "HTTP/1.1 200 OK"
2024-12-11 14:26:11,166 - INFO - HTTP Request: GET https://www.moneycontrol.com/news/business/markets/kernex-micro-bags-rs-2-041-crore-government-contract-for-kavach-equipment-12886976.html "HTTP/1.1 200 OK"
2024-12-11 14:26:11,169 - INFO - HTTP Request: GET https://www.moneycontrol.com/news/business/markets/mutual-fund-assets-touch-rs-68-08-lakh-crore-in-november-here-are-the-key-highlights-12887009.html "HTTP/1.1 200 OK"
2024-12-11 14:26:11,175 - INFO - HTTP Request: GET https://www.moneycontrol.com/news/business/markets/sensex-nifty-flatline-as-caution-looms-ahead-of-inflation-data-broader-markets-outperform-12886823.html "HTTP/1.1 200 OK"
2024-12-11 14:26:11,178 - INFO - HTTP Request: GET https://www.moneycontrol.com/news/business/markets/optional-t-0-settlement-cycle-shall-be-made-available-to-top-500-scrips-sebi-12886965.html "HTTP/1.1 200 OK"
2024-12-11 14:26:11,181 - INFO - HTTP Request: GET https://www.moneycontrol.com/news/photos/business/markets/gainers-losers-stocks-that-moved-the-most-on-december-10-12886897.html "HTTP/1.1 200 OK"
2024-12-11 14:26:11,200 - INFO - HTTP Request: GET https://www.moneycontrol.com/news/business/ipo/toss-the-coin-ipo-records-85x-subscription-on-day-1-retail-investors-lead-12887011.html "HTTP/1.1 200 OK"
2024-12-11 14:26:11,202 - INFO - HTTP Request: GET https://www.moneycontrol.com/news/business/ipo/sebi-returns-draft-papers-of-m-b-engineering-for-rs-653-crore-ipo-12886908.html "HTTP/1.1 200 OK"
2024-12-11 14:26:11,215 - INFO - HTTP Request: GET https://www.moneycontrol.com/news/business/markets/sebi-okays-indian-commodity-exchange-s-exit-a-year-after-exchange-applied-for-a-voluntary-surrender-12886936.html "HTTP/1.1 200 OK"
2024-12-11 14:26:11,221 - INFO - HTTP Request: GET https://www.moneycontrol.com/news/business/mehul-choksi-fraud-case-pmla-court-allows-assets-worth-rs-2-566-crore-to-be-monetized-12886896.html "HTTP/1.1 200 OK"
2024-12-11 14:26:11,224 - INFO - HTTP Request: GET https://www.moneycontrol.com/news/business/markets/lic-raises-stake-in-asian-paints-to-7-as-raamdeo-keeps-the-bruised-bluechip-on-watchlist-12886928.html "HTTP/1.1 200 OK"
2024-12-11 14:26:11,504 - INFO - HTTP Request: GET https://www.moneycontrol.com/news/business/markets/prudential-said-to-consider-selling-stake-in-eastspring-investments-12886772.html "HTTP/1.1 200 OK"
2024-12-11 14:26:11,520 - INFO - HTTP Request: GET https://www.moneycontrol.com/news/videos/business/markets/live-nifty-ends-near-24-600-amid-volatility-bajaj-finance-swiggy-in-focus-closing-bell-12886892.html "HTTP/1.1 200 OK"
2024-12-11 14:26:12,104 - INFO - HTTP Request: GET https://www.moneycontrol.com/news/business/markets/taking-stock-sensex-nifty-flat-amid-volatility-it-realty-shine-12886899.html "HTTP/1.1 200 OK"
2024-12-11 14:26:12,110 - INFO - HTTP Request: GET https://www.moneycontrol.com/news/business/markets/how-to-pick-the-right-bruised-blue-chip-for-maximum-gains-motilal-oswal-s-four-tips-12886831.html "HTTP/1.1 200 OK"
2024-12-11 14:26:12,811 - INFO - HTTP Request: GET https://www.moneycontrol.com/news/business/markets/movie-exhibitor-cineline-india-at-20-circuit-after-nod-to-sell-goa-hotel-for-rs-270-crore-enterprise-value-12886827.html "HTTP/1.1 200 OK"
2024-12-11 14:26:13,455 - INFO - HTTP Request: GET https://www.moneycontrol.com/news/business/markets/pg-electroplast-qip-firm-s-board-approves-allotment-of-2-15-crore-shares-issue-price-fixed-at-rs-699-apiece-12886759.html "HTTP/1.1 200 OK"
2024-12-11 14:26:17,736 - INFO - Scraping completed in 26.86 seconds
2024-12-11 14:26:17,736 - INFO - Scraped 75 articles.
2024-12-11 14:26:17,933 - INFO - Data insertion completed. 63 new records inserted, 12 records skipped due to conflict. Total time: 0.13 seconds.
