2025-01-07 20:40:05,466 - INFO - HTTP Request: GET https://www.moneycontrol.com/news/business/markets/page-1/ "HTTP/1.1 200 OK"
2025-01-07 20:40:06,589 - INFO - HTTP Request: GET https://www.moneycontrol.com/news/business/ipo/capital-infra-trust-invit-ipo-sees-39-subscription-on-day-1-12905253.html "HTTP/1.1 200 OK"
2025-01-07 20:40:06,595 - INFO - HTTP Request: GET https://www.moneycontrol.com/news/business/ipo/indobell-insulation-ipo-sees-over-5x-subscription-on-day-2-12905251.html "HTTP/1.1 200 OK"
2025-01-07 20:40:06,604 - INFO - HTTP Request: GET https://www.moneycontrol.com/news/opinion/estimated-gdp-growth-pickup-in-second-half-to-help-fiscal-policy-stay-the-course-12905248.html "HTTP/1.1 200 OK"
2025-01-07 20:40:06,611 - INFO - HTTP Request: GET https://www.moneycontrol.com/news/business/markets/diis-net-buy-shares-worth-rs-1615-crore-fiis-net-sell-rs-1491-crore-12905212.html "HTTP/1.1 200 OK"
2025-01-07 20:40:06,617 - INFO - HTTP Request: GET https://www.moneycontrol.com/news/business/ipo/indo-farm-equipment-shares-close-over-27-higher-in-market-debut-12905243.html "HTTP/1.1 200 OK"
2025-01-07 20:40:06,623 - INFO - HTTP Request: GET https://www.moneycontrol.com/news/business/markets/spandana-sphoorty-financial-shares-soar-20-amid-high-volumes-to-see-biggest-single-day-rise-in-10-weeks-12905105.html "HTTP/1.1 200 OK"
2025-01-07 20:40:06,626 - INFO - HTTP Request: GET https://www.moneycontrol.com/news/business/markets/2025-will-be-a-phase-of-market-consolidation-says-aditya-birla-sun-life-amc-s-harish-krishnan-12905073.html "HTTP/1.1 200 OK"
2025-01-07 20:40:06,629 - INFO - HTTP Request: GET https://www.moneycontrol.com/automobile/maruti-suzuki-to-showcase-e-for-me-blueprint-for-electric-mobility-during-bharat-mobility-2025-article-12905060.html "HTTP/1.1 200 OK"
2025-01-07 20:40:06,631 - INFO - HTTP Request: GET https://www.moneycontrol.com/news/business/markets/iron-ore-miner-omdc-suspends-cfo-bars-office-access-over-allegations-of-serious-misconduct-12905208.html "HTTP/1.1 200 OK"
2025-01-07 20:40:06,641 - INFO - HTTP Request: GET https://www.moneycontrol.com/news/business/markets/gold-climbs-rs-700-to-rs-79-700-per-10-gm-silver-jumps-rs-1-300-12905173.html "HTTP/1.1 200 OK"
2025-01-07 20:40:06,880 - INFO - HTTP Request: GET https://www.moneycontrol.com/news/business/markets/technical-view-nifty-rebounds-a-day-after-sharp-fall-but-sustaining-above-23-700-crucial-for-further-uptrend-12905118.html "HTTP/1.1 200 OK"
2025-01-07 20:40:06,891 - INFO - HTTP Request: GET https://www.moneycontrol.com/news/photos/business/stocks/top-gainers-and-losers-today-stocks-that-moved-the-most-on-january-7-12905015.html "HTTP/1.1 200 OK"
2025-01-07 20:40:06,893 - INFO - HTTP Request: GET https://www.moneycontrol.com/news/business/markets/can-gold-maintain-its-shine-in-2025-amidst-global-turmoil-12904951.html "HTTP/1.1 200 OK"
2025-01-07 20:40:06,896 - INFO - HTTP Request: GET https://www.moneycontrol.com/news/business/markets/taking-stock-nifty-above-23-700-sensex-up-234-pts-metals-shine-it-drags-12904975.html "HTTP/1.1 200 OK"
2025-01-07 20:40:06,904 - INFO - HTTP Request: GET https://www.moneycontrol.com/news/business/earnings/tcs-q3-preview-furloughs-to-cap-revenue-growth-margins-to-get-boost-from-rupee-depreciation-12904911.html "HTTP/1.1 200 OK"
2025-01-07 20:40:06,908 - INFO - HTTP Request: GET https://www.moneycontrol.com/news/business/markets/berger-paints-actively-looking-to-buy-akzo-nobel-s-india-stake-says-cnbc-tv18-dulux-maker-s-shares-rise-7-12904950.html "HTTP/1.1 200 OK"
2025-01-07 20:40:06,911 - INFO - HTTP Request: GET https://www.moneycontrol.com/news/business/ipo/b-r-goyal-delta-autocorp-avax-apparels-sme-ipos-gmp-surges-up-to-85-on-strong-public-demand-12905041.html "HTTP/1.1 200 OK"
2025-01-07 20:40:06,970 - INFO - HTTP Request: GET https://www.moneycontrol.com/news/business/ipo/br-goyal-infrastructure-delta-autocorp-avax-apparels-ipos-get-fully-subscribed-on-day-1-12905222.html "HTTP/1.1 200 OK"
2025-01-07 20:40:07,007 - INFO - HTTP Request: GET https://www.moneycontrol.com/news/business/markets/ncc-shares-soar-5-after-rs-501-crore-order-from-bengaluru-suburban-rail-12904872.html "HTTP/1.1 200 OK"
2025-01-07 20:40:07,551 - INFO - HTTP Request: GET https://www.moneycontrol.com/news/business/markets/sensex-remains-off-day-s-highs-ahead-of-weekly-expiry-nifty-below-23-750-traders-await-cues-from-q3-results-12904923.html "HTTP/1.1 200 OK"
2025-01-07 20:40:07,554 - INFO - HTTP Request: GET https://www.moneycontrol.com/news/business/markets/gm-breweries-q3-net-profit-dips-3-to-rs-22-crore-12904970.html "HTTP/1.1 200 OK"
2025-01-07 20:40:07,569 - INFO - HTTP Request: GET https://www.moneycontrol.com/news/business/markets/promoters-of-mid-small-cap-firms-cash-in-on-rally-sell-shares-worth-rs-1-2-lakh-crore-12904884.html "HTTP/1.1 200 OK"
2025-01-07 20:40:07,573 - INFO - HTTP Request: GET https://www.moneycontrol.com/news/business/markets/tata-elxsi-steps-up-in-the-race-for-uav-and-evtol-signs-pact-with-national-aerospace-lab-12904946.html "HTTP/1.1 200 OK"
2025-01-07 20:40:07,847 - INFO - HTTP Request: GET https://www.moneycontrol.com/news/business/markets/mobikwik-shares-soar-nearly-14-as-net-loss-narrows-sequentially-in-q2-12904998.html "HTTP/1.1 200 OK"
2025-01-07 20:40:09,097 - INFO - HTTP Request: GET https://www.moneycontrol.com/news/business/ipo/fabtech-technologies-cleanrooms-sme-ipo-sees-585x-subscription-on-day-3-gmp-surges-further-12905043.html "HTTP/1.1 200 OK"
2025-01-07 20:40:14,127 - INFO - HTTP Request: GET https://www.moneycontrol.com/news/business/markets/page-2/ "HTTP/1.1 200 OK"
2025-01-07 20:40:15,322 - INFO - HTTP Request: GET https://www.moneycontrol.com/news/opinion/us-corporate-bankruptcies-hit-14-year-high-as-interest-rates-take-toll-12904638.html "HTTP/1.1 200 OK"
2025-01-07 20:40:15,328 - INFO - HTTP Request: GET https://www.moneycontrol.com/news/business/markets/caplin-point-stock-surges-3-5-after-usfda-clears-tamil-nadu-unit-with-zero-observations-12904851.html "HTTP/1.1 200 OK"
2025-01-07 20:40:15,331 - INFO - HTTP Request: GET https://www.moneycontrol.com/news/business/ipo/standard-glass-lining-ipo-subscription-soars-to-20x-on-day-2-so-far-gmp-surges-12904826.html "HTTP/1.1 200 OK"
2025-01-07 20:40:15,334 - INFO - HTTP Request: GET https://www.moneycontrol.com/news/business/markets/here-s-why-this-smallcap-banking-stock-extended-loss-for-2nd-day-and-hit-52-week-low-12904844.html "HTTP/1.1 200 OK"
2025-01-07 20:40:15,338 - INFO - HTTP Request: GET https://www.moneycontrol.com/news/business/markets/shakti-pumps-shares-rise-2-on-plans-to-raise-up-to-rs-400-crore-through-a-qip-12904824.html "HTTP/1.1 200 OK"
2025-01-07 20:40:15,342 - INFO - HTTP Request: GET https://www.moneycontrol.com/news/business/markets/nifty-sensex-off-highs-but-trade-in-the-green-as-metals-pharma-rally-it-slips-ahead-of-q3-12904845.html "HTTP/1.1 200 OK"
2025-01-07 20:40:15,371 - INFO - HTTP Request: GET https://www.moneycontrol.com/technology/infosys-provides-route-map-to-trainees-as-leopard-remains-elusive-on-mysuru-campus-article-12904823.html "HTTP/1.1 200 OK"
2025-01-07 20:40:15,380 - INFO - HTTP Request: GET https://www.moneycontrol.com/news/business/markets/equinox-india-developments-shares-surge-20-as-nclat-approves-its-merger-with-embassy-group-12904843.html "HTTP/1.1 200 OK"
2025-01-07 20:40:15,384 - INFO - HTTP Request: GET https://www.moneycontrol.com/news/business/markets/ntpc-s-clean-energy-arm-to-build-21-billion-green-hydrogen-hub-12904730.html "HTTP/1.1 200 OK"
2025-01-07 20:40:15,433 - INFO - HTTP Request: GET https://www.moneycontrol.com/news/business/ipo/technichem-organics-shares-list-with-4-premium-on-bse-sme-12904708.html "HTTP/1.1 200 OK"
2025-01-07 20:40:15,448 - INFO - HTTP Request: GET https://www.moneycontrol.com/news/business/markets/ashoka-buildcon-jumps-over-4-as-arm-signs-nhai-deal-for-rs-1-391-crore-project-12904685.html "HTTP/1.1 200 OK"
2025-01-07 20:40:15,467 - INFO - HTTP Request: GET https://www.moneycontrol.com/news/business/markets/zydus-lifesciences-shares-rise-5-on-deal-with-us-healthcare-firm-cvs-caremark-12904774.html "HTTP/1.1 200 OK"
2025-01-07 20:40:15,475 - INFO - HTTP Request: GET https://www.moneycontrol.com/news/business/markets/bernstein-upgrades-coforge-bets-big-on-growth-led-it-services-in-2025-12904745.html "HTTP/1.1 200 OK"
2025-01-07 20:40:15,570 - INFO - HTTP Request: GET https://www.moneycontrol.com/news/business/earnings/mobikwik-swings-into-red-in-q2-posts-rs-3-6-crore-net-loss-revenue-rises-43-12904863.html "HTTP/1.1 200 OK"
2025-01-07 20:40:15,592 - INFO - HTTP Request: GET https://www.moneycontrol.com/news/business/markets/titan-shares-rise-3-as-brokerages-cheer-q3-update-gain-for-fifth-straight-session-12904731.html "HTTP/1.1 200 OK"
2025-01-07 20:40:15,598 - INFO - HTTP Request: GET https://www.moneycontrol.com/news/business/markets/paras-defence-shares-rise-over-7-as-firm-gets-license-granted-under-arms-act-12904691.html "HTTP/1.1 200 OK"
2025-01-07 20:40:15,912 - INFO - HTTP Request: GET https://www.moneycontrol.com/news/business/stocks/indiamart-shares-rise-over-4-on-jm-financial-s-buy-upgrade-12904754.html "HTTP/1.1 200 OK"
2025-01-07 20:40:16,645 - INFO - HTTP Request: GET https://www.moneycontrol.com/news/business/markets/husk-power-world-s-biggest-mini-grid-firm-eyes-400-million-fund-raise-and-ipo-12904801.html "HTTP/1.1 200 OK"
2025-01-07 20:40:17,718 - INFO - HTTP Request: GET https://www.moneycontrol.com/news/business/markets/l-t-s-power-transmission-and-distribution-vertical-bags-large-order-in-india-middle-east-12904815.html "HTTP/1.1 200 OK"
2025-01-07 20:40:17,722 - INFO - HTTP Request: GET https://www.moneycontrol.com/news/business/ipo/quadrant-future-tek-ipo-sees-3-3x-subscription-within-an-hour-on-day-1-12904784.html "HTTP/1.1 200 OK"
2025-01-07 20:40:17,726 - INFO - HTTP Request: GET https://www.moneycontrol.com/news/business/markets/iti-shares-locked-in-10-percent-lower-circuit-amid-profit-booking-from-record-highs-12904703.html "HTTP/1.1 200 OK"
2025-01-07 20:40:18,380 - INFO - HTTP Request: GET https://www.moneycontrol.com/news/business/markets/mc-pro-s-new-year-2024-portfolio-outperformed-in-volatile-times-watch-out-for-the-2025-edition-12904636.html "HTTP/1.1 200 OK"
2025-01-07 20:40:18,390 - INFO - HTTP Request: GET https://www.moneycontrol.com/news/business/markets/arvind-fashions-rises-over-3-on-equirus-long-call-forecasts-45-potential-upside-12904739.html "HTTP/1.1 200 OK"
2025-01-07 20:40:18,396 - INFO - HTTP Request: GET https://www.moneycontrol.com/news/business/ipo/indo-farm-equipment-share-price-stock-lists-at-19-premium-over-ipo-price-on-nse-12904673.html "HTTP/1.1 200 OK"
2025-01-07 20:40:18,407 - INFO - HTTP Request: GET https://www.moneycontrol.com/news/business/markets/short-call-all-eyes-on-q3-results-it-gears-up-for-mixed-quarter-dabur-jubilant-food-in-focus-12904713.html "HTTP/1.1 200 OK"
2025-01-07 20:40:22,852 - INFO - Scraping completed in 17.56 seconds
2025-01-07 20:40:22,852 - INFO - Scraped 50 articles.
2025-01-07 20:40:25,651 - ERROR - Failed to connect to the database.
